Component: ARM Compiler 5.06 update 6 (build 750) Tool: armlink [4d35ed]

==============================================================================

Section Cross References

    main.o(i.main) refers to nrf_log_frontend.o(i.nrf_log_init) for nrf_log_init
    main.o(i.main) refers to app_error.o(i.app_error_handler_bare) for app_error_handler_bare
    main.o(i.main) refers to nrf_log_default_backends.o(i.nrf_log_default_backends_init) for nrf_log_default_backends_init
    main.o(i.main) refers to nrf_log_frontend.o(i.nrf_log_frontend_std_0) for nrf_log_frontend_std_0
    main.o(i.main) refers to nrf_log_frontend.o(i.nrf_log_frontend_dequeue) for nrf_log_frontend_dequeue
    main.o(i.main) refers to main.o(i.twi_init) for twi_init
    main.o(i.main) refers to nrfx_twim.o(i.nrfx_twim_rx) for nrfx_twim_rx
    main.o(i.main) refers to nrf_log_frontend.o(i.nrf_log_frontend_std_1) for nrf_log_frontend_std_1
    main.o(i.main) refers to nrf_log_frontend.o(log_const_data) for m_nrf_log_app_logs_data_const
    main.o(i.main) refers to main.o(.constdata) for .constdata
    main.o(i.twi_init) refers to nrf_drv_twi.o(i.nrf_drv_twi_init) for nrf_drv_twi_init
    main.o(i.twi_init) refers to app_error.o(i.app_error_handler_bare) for app_error_handler_bare
    main.o(i.twi_init) refers to nrfx_twim.o(i.nrfx_twim_enable) for nrfx_twim_enable
    main.o(i.twi_init) refers to main.o(.constdata) for .constdata
    boards.o(i.bsp_board_button_idx_to_pin) refers to boards.o(.constdata) for .constdata
    boards.o(i.bsp_board_button_state_get) refers to boards.o(i.nrf_gpio_pin_port_decode) for nrf_gpio_pin_port_decode
    boards.o(i.bsp_board_button_state_get) refers to boards.o(.constdata) for .constdata
    boards.o(i.bsp_board_init) refers to boards.o(i.nrf_gpio_cfg) for nrf_gpio_cfg
    boards.o(i.bsp_board_init) refers to boards.o(i.bsp_board_leds_off) for bsp_board_leds_off
    boards.o(i.bsp_board_init) refers to boards.o(.constdata) for .constdata
    boards.o(i.bsp_board_led_idx_to_pin) refers to boards.o(.constdata) for .constdata
    boards.o(i.bsp_board_led_invert) refers to boards.o(i.nrf_gpio_pin_port_decode) for nrf_gpio_pin_port_decode
    boards.o(i.bsp_board_led_invert) refers to boards.o(.constdata) for .constdata
    boards.o(i.bsp_board_led_off) refers to boards.o(i.nrf_gpio_pin_write) for nrf_gpio_pin_write
    boards.o(i.bsp_board_led_off) refers to boards.o(.constdata) for .constdata
    boards.o(i.bsp_board_led_on) refers to boards.o(i.nrf_gpio_pin_write) for nrf_gpio_pin_write
    boards.o(i.bsp_board_led_on) refers to boards.o(.constdata) for .constdata
    boards.o(i.bsp_board_led_state_get) refers to boards.o(i.nrf_gpio_pin_port_decode) for nrf_gpio_pin_port_decode
    boards.o(i.bsp_board_led_state_get) refers to boards.o(.constdata) for .constdata
    boards.o(i.bsp_board_leds_off) refers to boards.o(i.bsp_board_led_off) for bsp_board_led_off
    boards.o(i.bsp_board_leds_on) refers to boards.o(i.bsp_board_led_on) for bsp_board_led_on
    boards.o(i.bsp_board_pin_to_button_idx) refers to boards.o(.constdata) for .constdata
    boards.o(i.bsp_board_pin_to_led_idx) refers to boards.o(.constdata) for .constdata
    boards.o(i.nrf_gpio_cfg) refers to boards.o(i.nrf_gpio_pin_port_decode) for nrf_gpio_pin_port_decode
    boards.o(i.nrf_gpio_pin_write) refers to boards.o(i.nrf_gpio_pin_port_decode) for nrf_gpio_pin_port_decode
    nrf_drv_twi.o(i.nrf_drv_twi_init) refers to nrf_drv_twi.o(i.twi_clear_bus) for twi_clear_bus
    nrf_drv_twi.o(i.nrf_drv_twi_init) refers to nrfx_twim.o(i.nrfx_twim_init) for nrfx_twim_init
    nrf_drv_twi.o(i.nrf_drv_twi_init) refers to nrf_drv_twi.o(.data) for .data
    nrf_drv_twi.o(i.nrf_drv_twi_init) refers to nrf_drv_twi.o(i.twim_evt_handler) for twim_evt_handler
    nrf_drv_twi.o(i.nrf_gpio_pin_clear) refers to nrf_drv_twi.o(i.nrf_gpio_pin_port_decode) for nrf_gpio_pin_port_decode
    nrf_drv_twi.o(i.nrf_gpio_pin_set) refers to nrf_drv_twi.o(i.nrf_gpio_pin_port_decode) for nrf_gpio_pin_port_decode
    nrf_drv_twi.o(i.nrfx_coredep_delay_us) refers to nrf_drv_twi.o(.constdata) for .constdata
    nrf_drv_twi.o(i.twi_clear_bus) refers to nrf_drv_twi.o(i.nrf_gpio_pin_set) for nrf_gpio_pin_set
    nrf_drv_twi.o(i.twi_clear_bus) refers to nrf_drv_twi.o(i.nrfx_coredep_delay_us) for nrfx_coredep_delay_us
    nrf_drv_twi.o(i.twi_clear_bus) refers to nrf_drv_twi.o(i.nrf_gpio_pin_port_decode) for nrf_gpio_pin_port_decode
    nrf_drv_twi.o(i.twi_clear_bus) refers to nrf_drv_twi.o(i.nrf_gpio_pin_clear) for nrf_gpio_pin_clear
    nrf_drv_twi.o(i.twim_evt_handler) refers to nrf_drv_twi.o(.data) for .data
    nrf_drv_uart.o(i.nrf_drv_uart_init) refers to memcpya.o(.text) for __aeabi_memcpy4
    nrf_drv_uart.o(i.nrf_drv_uart_init) refers to nrfx_uarte.o(i.nrfx_uarte_init) for nrfx_uarte_init
    nrf_drv_uart.o(i.nrf_drv_uart_init) refers to nrfx_uart.o(i.nrfx_uart_init) for nrfx_uart_init
    nrf_drv_uart.o(i.nrf_drv_uart_init) refers to nrf_drv_uart.o(.data) for .data
[...]
    entry2.o(.ARM.Collect$$$$00002712) refers to arm_startup_nrf52840.o(STACK) for __initial_sp
    entry2.o(__vectab_stack_and_reset_area) refers to arm_startup_nrf52840.o(STACK) for __initial_sp
    entry2.o(__vectab_stack_and_reset_area) refers to entry.o(.ARM.Collect$$$$00000000) for __main
    entry5.o(.ARM.Collect$$$$00000004) refers to init.o(.text) for __scatterload
    entry9a.o(.ARM.Collect$$$$0000000B) refers to main.o(i.main) for main
    entry9b.o(.ARM.Collect$$$$0000000C) refers to main.o(i.main) for main
    init.o(.text) refers to entry5.o(.ARM.Collect$$$$00000004) for __main_after_scatterload


==============================================================================

Removing Unused input sections from the image.

    Removing main.o(.rev16_text), (4 bytes).
    Removing main.o(.revsh_text), (4 bytes).
    Removing main.o(.rrx_text), (6 bytes).
    Removing boards.o(.rev16_text), (4 bytes).
    Removing boards.o(.revsh_text), (4 bytes).
    Removing boards.o(.rrx_text), (6 bytes).
    Removing boards.o(i.bsp_board_button_idx_to_pin), (12 bytes).
    Removing boards.o(i.bsp_board_button_state_get), (40 bytes).
    Removing boards.o(i.bsp_board_init), (84 bytes).
    Removing boards.o(i.bsp_board_led_idx_to_pin), (12 bytes).
    Removing boards.o(i.bsp_board_led_invert), (44 bytes).
    Removing boards.o(i.bsp_board_led_off), (16 bytes).
    Removing boards.o(i.bsp_board_led_on), (16 bytes).
    Removing boards.o(i.bsp_board_led_state_get), (40 bytes).
    Removing boards.o(i.bsp_board_leds_off), (18 bytes).
    Removing boards.o(i.bsp_board_leds_on), (18 bytes).
    Removing boards.o(i.bsp_board_pin_to_button_idx), (36 bytes).
    Removing boards.o(i.bsp_board_pin_to_led_idx), (36 bytes).
    Removing boards.o(i.nrf_gpio_cfg), (50 bytes).
    Removing boards.o(i.nrf_gpio_pin_port_decode), (28 bytes).
    Removing boards.o(i.nrf_gpio_pin_write), (38 bytes).
    Removing boards.o(.constdata), (8 bytes).
    Removing nrf_drv_twi.o(.rev16_text), (4 bytes).
    Removing nrf_drv_twi.o(.revsh_text), (4 bytes).
    Removing nrf_drv_twi.o(.rrx_text), (6 bytes).
    Removing nrf_drv_uart.o(.rev16_text), (4 bytes).
    Removing nrf_drv_uart.o(.revsh_text), (4 bytes).
    Removing nrf_drv_uart.o(.rrx_text), (6 bytes).
    Removing nrf_drv_uart.o(i.nrf_drv_uart_init), (104 bytes).
    Removing nrf_drv_uart.o(i.uart_evt_handler), (48 bytes).
    Removing nrf_drv_uart.o(i.uarte_evt_handler), (48 bytes).
    Removing nrf_drv_uart.o(.data), (20 bytes).
    Removing nrfx_prs.o(.rev16_text), (4 bytes).
    Removing nrfx_prs.o(.revsh_text), (4 bytes).
    Removing nrfx_prs.o(.rrx_text), (6 bytes).
    Removing nrfx_prs.o(i.nrfx_prs_release), (18 bytes).
    Removing nrfx_prs.o(.constdata), (17 bytes).
    Removing nrfx_twi.o(.rev16_text), (4 bytes).
    Removing nrfx_twi.o(.revsh_text), (4 bytes).
    Removing nrfx_twi.o(.rrx_text), (6 bytes).
    Removing nrfx_twim.o(.rev16_text), (4 bytes).
    Removing nrfx_twim.o(.revsh_text), (4 bytes).
    Removing nrfx_twim.o(.rrx_text), (6 bytes).
    Removing nrfx_twim.o(i.nrf_gpio_cfg_default), (18 bytes).
    Removing nrfx_twim.o(i.nrfx_twim_disable), (60 bytes).
    Removing nrfx_twim.o(i.nrfx_twim_is_busy), (28 bytes).
    Removing nrfx_twim.o(i.nrfx_twim_start_task_get), (16 bytes).
    Removing nrfx_twim.o(i.nrfx_twim_stopped_event_get), (8 bytes).
    Removing nrfx_twim.o(i.nrfx_twim_tx), (54 bytes).
    Removing nrfx_twim.o(i.nrfx_twim_uninit), (100 bytes).
    Removing nrfx_twim.o(.constdata), (15 bytes).
    Removing nrfx_twim.o(.constdata), (10 bytes).
    Removing nrfx_twim.o(.constdata), (15 bytes).
    Removing nrfx_uart.o(.rev16_text), (4 bytes).
    Removing nrfx_uart.o(.revsh_text), (4 bytes).
    Removing nrfx_uart.o(.rrx_text), (6 bytes).
    Removing nrfx_uart.o(i.apply_config), (118 bytes).
    Removing nrfx_uart.o(i.nrf_gpio_cfg), (50 bytes).
    Removing nrfx_uart.o(i.nrf_gpio_cfg_default), (18 bytes).
    Removing nrfx_uart.o(i.nrf_gpio_cfg_input), (18 bytes).
    Removing nrfx_uart.o(i.nrf_gpio_cfg_output), (20 bytes).
    Removing nrfx_uart.o(i.nrf_gpio_pin_port_decode), (28 bytes).
    Removing nrfx_uart.o(i.nrf_gpio_pin_set), (20 bytes).
    Removing nrfx_uart.o(i.nrf_uart_event_check), (10 bytes).
    Removing nrfx_uart.o(i.nrf_uart_event_clear), (12 bytes).
    Removing nrfx_uart.o(i.nrf_uart_int_enable_check), (12 bytes).
    Removing nrfx_uart.o(i.nrfx_uart_0_irq_handler), (16 bytes).
    Removing nrfx_uart.o(i.nrfx_uart_errorsrc_get), (26 bytes).
    Removing nrfx_uart.o(i.nrfx_uart_init), (212 bytes).
    Removing nrfx_uart.o(i.nrfx_uart_rx), (236 bytes).
    Removing nrfx_uart.o(i.nrfx_uart_rx_abort), (18 bytes).
    Removing nrfx_uart.o(i.nrfx_uart_rx_disable), (36 bytes).
    Removing nrfx_uart.o(i.nrfx_uart_rx_enable), (60 bytes).
    Removing nrfx_uart.o(i.nrfx_uart_rx_ready), (14 bytes).
    Removing nrfx_uart.o(i.nrfx_uart_tx), (164 bytes).
    Removing nrfx_uart.o(i.nrfx_uart_tx_abort), (48 bytes).
    Removing nrfx_uart.o(i.nrfx_uart_tx_in_progress), (32 bytes).
    Removing nrfx_uart.o(i.nrfx_uart_uninit), (180 bytes).
    Removing nrfx_uart.o(i.rx_byte), (50 bytes).
    Removing nrfx_uart.o(i.rx_done_event), (22 bytes).
    Removing nrfx_uart.o(i.rx_enable), (32 bytes).
    Removing nrfx_uart.o(i.tx_byte), (32 bytes).
    Removing nrfx_uart.o(i.tx_done_event), (26 bytes).
    Removing nrfx_uart.o(i.uart_irq_handler), (296 bytes).
    Removing nrfx_uart.o(.bss), (44 bytes).
    Removing nrfx_uart.o(.constdata), (15 bytes).
    Removing nrfx_uart.o(.constdata), (4 bytes).
    Removing nrfx_uart.o(.constdata), (13 bytes).
    Removing nrfx_uart.o(.constdata), (13 bytes).
    Removing nrfx_uarte.o(.rev16_text), (4 bytes).
    Removing nrfx_uarte.o(.revsh_text), (4 bytes).
    Removing nrfx_uarte.o(.rrx_text), (6 bytes).
    Removing nrfx_uarte.o(i.apply_config), (118 bytes).
    Removing nrfx_uarte.o(i.interrupts_enable), (128 bytes).
    Removing nrfx_uarte.o(i.nrf_gpio_cfg), (50 bytes).
    Removing nrfx_uarte.o(i.nrf_gpio_cfg_default), (18 bytes).
    Removing nrfx_uarte.o(i.nrf_gpio_cfg_input), (18 bytes).
    Removing nrfx_uarte.o(i.nrf_gpio_cfg_output), (20 bytes).
    Removing nrfx_uarte.o(i.nrf_gpio_pin_port_decode), (28 bytes).
    Removing nrfx_uarte.o(i.nrf_gpio_pin_set), (20 bytes).
    Removing nrfx_uarte.o(i.nrf_uarte_event_check), (10 bytes).
    Removing nrfx_uarte.o(i.nrf_uarte_event_clear), (12 bytes).
    Removing nrfx_uarte.o(i.nrfx_is_in_ram), (16 bytes).
    Removing nrfx_uarte.o(i.nrfx_uarte_0_irq_handler), (16 bytes).
    Removing nrfx_uarte.o(i.nrfx_uarte_errorsrc_get), (26 bytes).
    Removing nrfx_uarte.o(i.nrfx_uarte_init), (108 bytes).
    Removing nrfx_uarte.o(i.nrfx_uarte_rx), (260 bytes).
    Removing nrfx_uarte.o(i.nrfx_uarte_rx_abort), (8 bytes).
    Removing nrfx_uarte.o(i.nrfx_uarte_rx_ready), (14 bytes).
    Removing nrfx_uarte.o(i.nrfx_uarte_tx), (144 bytes).
    Removing nrfx_uarte.o(i.nrfx_uarte_tx_abort), (56 bytes).
    Removing nrfx_uarte.o(i.nrfx_uarte_tx_in_progress), (28 bytes).
    Removing nrfx_uarte.o(i.nrfx_uarte_uninit), (176 bytes).
    Removing nrfx_uarte.o(i.rx_done_event), (24 bytes).
    Removing nrfx_uarte.o(i.uarte_irq_handler), (244 bytes).
    Removing nrfx_uarte.o(.bss), (36 bytes).
    Removing nrfx_uarte.o(.constdata), (16 bytes).
    Removing nrfx_uarte.o(.constdata), (4 bytes).
    Removing nrfx_uarte.o(.constdata), (14 bytes).
    Removing nrfx_uarte.o(.constdata), (14 bytes).
    Removing app_error.o(.rev16_text), (4 bytes).
    Removing app_error.o(.revsh_text), (4 bytes).
    Removing app_error.o(.rrx_text), (6 bytes).
    Removing app_error.o(i.app_error_save_and_stop), (100 bytes).
    Removing app_error.o(.bss), (32 bytes).
    Removing app_error_handler_keil.o(.rev16_text), (4 bytes).
    Removing app_error_handler_keil.o(.revsh_text), (4 bytes).
    Removing app_error_handler_keil.o(.rrx_text), (6 bytes).
    Removing app_error_handler_keil.o(.emb_text), (26 bytes).
    Removing app_error_weak.o(.rev16_text), (4 bytes).
    Removing app_error_weak.o(.revsh_text), (4 bytes).
    Removing app_error_weak.o(.rrx_text), (6 bytes).
    Removing app_util_platform.o(.rev16_text), (4 bytes).
    Removing app_util_platform.o(.revsh_text), (4 bytes).
    Removing app_util_platform.o(.rrx_text), (6 bytes).
    Removing app_util_platform.o(i.current_int_priority_get), (48 bytes).
    Removing app_util_platform.o(i.privilege_level_get), (26 bytes).
    Removing nrf_assert.o(.rev16_text), (4 bytes).
    Removing nrf_assert.o(.revsh_text), (4 bytes).
    Removing nrf_assert.o(.rrx_text), (6 bytes).
    Removing nrf_assert.o(i.assert_nrf_callback), (22 bytes).
    Removing nrf_atomic.o(.rev16_text), (4 bytes).
    Removing nrf_atomic.o(.revsh_text), (4 bytes).
    Removing nrf_atomic.o(.rrx_text), (6 bytes).
    Removing nrf_atomic.o(i.nrf_atomic_flag_clear), (6 bytes).
    Removing nrf_atomic.o(i.nrf_atomic_flag_set_fetch), (6 bytes).
    Removing nrf_atomic.o(i.nrf_atomic_u32_and), (12 bytes).
    Removing nrf_atomic.o(i.nrf_atomic_u32_cmp_exch), (4 bytes).
    Removing nrf_atomic.o(i.nrf_atomic_u32_fetch_add), (10 bytes).
    Removing nrf_atomic.o(i.nrf_atomic_u32_fetch_or), (10 bytes).
    Removing nrf_atomic.o(i.nrf_atomic_u32_fetch_sub), (10 bytes).
    Removing nrf_atomic.o(i.nrf_atomic_u32_fetch_sub_hs), (10 bytes).
    Removing nrf_atomic.o(i.nrf_atomic_u32_fetch_xor), (10 bytes).
    Removing nrf_atomic.o(i.nrf_atomic_u32_store), (12 bytes).
    Removing nrf_atomic.o(i.nrf_atomic_u32_sub_hs), (12 bytes).
    Removing nrf_atomic.o(i.nrf_atomic_u32_xor), (12 bytes).
    Removing nrf_balloc.o(.rev16_text), (4 bytes).
    Removing nrf_balloc.o(.revsh_text), (4 bytes).
    Removing nrf_balloc.o(.rrx_text), (6 bytes).
    Removing nrf_fprintf.o(.rev16_text), (4 bytes).
    Removing nrf_fprintf.o(.revsh_text), (4 bytes).
    Removing nrf_fprintf.o(.rrx_text), (6 bytes).
    Removing nrf_fprintf_format.o(.rev16_text), (4 bytes).
    Removing nrf_fprintf_format.o(.revsh_text), (4 bytes).
    Removing nrf_fprintf_format.o(.rrx_text), (6 bytes).
    Removing nrf_memobj.o(.rev16_text), (4 bytes).
    Removing nrf_memobj.o(.revsh_text), (4 bytes).
    Removing nrf_memobj.o(.rrx_text), (6 bytes).
    Removing nrf_ringbuf.o(.rev16_text), (4 bytes).
    Removing nrf_ringbuf.o(.revsh_text), (4 bytes).
    Removing nrf_ringbuf.o(.rrx_text), (6 bytes).
    Removing nrf_ringbuf.o(i.nrf_ringbuf_alloc), (112 bytes).
    Removing nrf_ringbuf.o(i.nrf_ringbuf_cpy_get), (124 bytes).
    Removing nrf_ringbuf.o(i.nrf_ringbuf_cpy_put), (114 bytes).
    Removing nrf_ringbuf.o(i.nrf_ringbuf_free), (38 bytes).
    Removing nrf_ringbuf.o(i.nrf_ringbuf_get), (112 bytes).
    Removing nrf_ringbuf.o(i.nrf_ringbuf_put), (48 bytes).
    Removing nrf_strerror.o(.rev16_text), (4 bytes).
    Removing nrf_strerror.o(.revsh_text), (4 bytes).
    Removing nrf_strerror.o(.rrx_text), (6 bytes).
    Removing nrf_strerror.o(i.nrf_strerror_find), (56 bytes).
    Removing nrf_strerror.o(i.nrf_strerror_get), (20 bytes).
    Removing nrf_strerror.o(.constdata), (300 bytes).
    Removing nrf_strerror.o(.conststring), (957 bytes).
    Removing nrf_log_backend_rtt.o(.rev16_text), (4 bytes).
    Removing nrf_log_backend_rtt.o(.revsh_text), (4 bytes).
    Removing nrf_log_backend_rtt.o(.rrx_text), (6 bytes).
    Removing nrf_log_backend_serial.o(.rev16_text), (4 bytes).
    Removing nrf_log_backend_serial.o(.revsh_text), (4 bytes).
    Removing nrf_log_backend_serial.o(.rrx_text), (6 bytes).
    Removing nrf_log_backend_uart.o(.rev16_text), (4 bytes).
    Removing nrf_log_backend_uart.o(.revsh_text), (4 bytes).
    Removing nrf_log_backend_uart.o(.rrx_text), (6 bytes).
    Removing nrf_log_default_backends.o(.rev16_text), (4 bytes).
    Removing nrf_log_default_backends.o(.revsh_text), (4 bytes).
    Removing nrf_log_default_backends.o(.rrx_text), (6 bytes).
    Removing nrf_log_frontend.o(.rev16_text), (4 bytes).
    Removing nrf_log_frontend.o(.revsh_text), (4 bytes).
    Removing nrf_log_frontend.o(.rrx_text), (6 bytes).
    Removing nrf_log_frontend.o(i.nrf_log_backend_remove), (52 bytes).
    Removing nrf_log_frontend.o(i.nrf_log_frontend_hexdump), (168 bytes).
    Removing nrf_log_frontend.o(i.nrf_log_frontend_std_2), (16 bytes).
    Removing nrf_log_frontend.o(i.nrf_log_frontend_std_3), (18 bytes).
    Removing nrf_log_frontend.o(i.nrf_log_frontend_std_4), (20 bytes).
    Removing nrf_log_frontend.o(i.nrf_log_frontend_std_5), (28 bytes).
    Removing nrf_log_frontend.o(i.nrf_log_frontend_std_6), (28 bytes).
    Removing nrf_log_frontend.o(i.nrf_log_module_filter_get), (36 bytes).
    Removing nrf_log_frontend.o(i.nrf_log_module_filter_set), (2 bytes).
    Removing nrf_log_frontend.o(i.nrf_log_push), (96 bytes).
    Removing nrf_log_str_formatter.o(.rev16_text), (4 bytes).
    Removing nrf_log_str_formatter.o(.revsh_text), (4 bytes).
    Removing nrf_log_str_formatter.o(.rrx_text), (6 bytes).
    Removing nrf_log_str_formatter.o(i.nrf_log_str_formatter_timestamp_freq_set), (32 bytes).
    Removing segger_rtt.o(.rev16_text), (4 bytes).
    Removing segger_rtt.o(.revsh_text), (4 bytes).
    Removing segger_rtt.o(.rrx_text), (6 bytes).
    Removing segger_rtt.o(i.SEGGER_RTT_AllocDownBuffer), (104 bytes).
    Removing segger_rtt.o(i.SEGGER_RTT_AllocUpBuffer), (104 bytes).
    Removing segger_rtt.o(i.SEGGER_RTT_ConfigDownBuffer), (92 bytes).
    Removing segger_rtt.o(i.SEGGER_RTT_ConfigUpBuffer), (92 bytes).
    Removing segger_rtt.o(i.SEGGER_RTT_GetKey), (28 bytes).
    Removing segger_rtt.o(i.SEGGER_RTT_HasData), (24 bytes).
    Removing segger_rtt.o(i.SEGGER_RTT_HasKey), (32 bytes).
    Removing segger_rtt.o(i.SEGGER_RTT_PutChar), (88 bytes).
    Removing segger_rtt.o(i.SEGGER_RTT_PutCharSkip), (76 bytes).
    Removing segger_rtt.o(i.SEGGER_RTT_PutCharSkipNoLock), (52 bytes).
    Removing segger_rtt.o(i.SEGGER_RTT_Read), (36 bytes).
    Removing segger_rtt.o(i.SEGGER_RTT_ReadNoLock), (120 bytes).
    Removing segger_rtt.o(i.SEGGER_RTT_SetFlagsDownBuffer), (60 bytes).
    Removing segger_rtt.o(i.SEGGER_RTT_SetFlagsUpBuffer), (60 bytes).
    Removing segger_rtt.o(i.SEGGER_RTT_SetNameDownBuffer), (60 bytes).
    Removing segger_rtt.o(i.SEGGER_RTT_SetNameUpBuffer), (60 bytes).
    Removing segger_rtt.o(i.SEGGER_RTT_SetTerminal), (128 bytes).
    Removing segger_rtt.o(i.SEGGER_RTT_TerminalOut), (168 bytes).
    Removing segger_rtt.o(i.SEGGER_RTT_WaitKey), (14 bytes).
    Removing segger_rtt.o(i.SEGGER_RTT_Write), (52 bytes).
    Removing segger_rtt.o(i.SEGGER_RTT_WriteSkipNoLock), (116 bytes).
    Removing segger_rtt.o(i.SEGGER_RTT_WriteString), (26 bytes).
    Removing segger_rtt.o(i.SEGGER_RTT_WriteWithOverwriteNoLock), (148 bytes).
    Removing segger_rtt.o(i._PostTerminalSwitch), (32 bytes).
    Removing segger_rtt.o(.data), (17 bytes).
    Removing segger_rtt_syscalls_keil.o(.rev16_text), (4 bytes).
    Removing segger_rtt_syscalls_keil.o(.revsh_text), (4 bytes).
    Removing segger_rtt_syscalls_keil.o(.rrx_text), (6 bytes).
    Removing segger_rtt_syscalls_keil.o(i._sys_close), (4 bytes).
    Removing segger_rtt_syscalls_keil.o(i._sys_command_string), (2 bytes).
    Removing segger_rtt_syscalls_keil.o(i._sys_ensure), (6 bytes).
    Removing segger_rtt_syscalls_keil.o(i._sys_exit), (2 bytes).
    Removing segger_rtt_syscalls_keil.o(i._sys_flen), (4 bytes).
    Removing segger_rtt_syscalls_keil.o(i._sys_istty), (14 bytes).
    Removing segger_rtt_syscalls_keil.o(i._sys_open), (44 bytes).
    Removing segger_rtt_syscalls_keil.o(i._sys_read), (4 bytes).
    Removing segger_rtt_syscalls_keil.o(i._sys_seek), (4 bytes).
    Removing segger_rtt_syscalls_keil.o(i._sys_tmpnam), (4 bytes).
    Removing segger_rtt_syscalls_keil.o(i._sys_write), (26 bytes).
    Removing segger_rtt_syscalls_keil.o(i._ttywrch), (24 bytes).
    Removing segger_rtt_syscalls_keil.o(.constdata), (14 bytes).
    Removing segger_rtt_printf.o(.rev16_text), (4 bytes).
    Removing segger_rtt_printf.o(.revsh_text), (4 bytes).
    Removing segger_rtt_printf.o(.rrx_text), (6 bytes).
    Removing segger_rtt_printf.o(i.SEGGER_RTT_printf), (22 bytes).
    Removing segger_rtt_printf.o(i.SEGGER_RTT_vprintf), (406 bytes).
    Removing segger_rtt_printf.o(i._PrintInt), (198 bytes).
    Removing segger_rtt_printf.o(i._PrintUnsigned), (212 bytes).
    Removing segger_rtt_printf.o(i._StoreChar), (62 bytes).
    Removing segger_rtt_printf.o(.constdata), (16 bytes).
    Removing arm_startup_nrf52840.o(HEAP), (8192 bytes).
    Removing system_nrf52840.o(.rev16_text), (4 bytes).
    Removing system_nrf52840.o(.revsh_text), (4 bytes).
    Removing system_nrf52840.o(.rrx_text), (6 bytes).
    Removing system_nrf52840.o(i.SystemCoreClockUpdate), (16 bytes).

271 unused section(s) (total 18840 bytes) removed from the image.

==============================================================================

Image Symbol Table

    Local Symbols

    Symbol Name                              Value     Ov Type        Size  Object(Section)

    RESET                                    0x00000000   Section      512  arm_startup_nrf52840.o(RESET)
    ../clib/microlib/ctype/ctype.c           0x00000000   Number         0  isalpha_o.o ABSOLUTE
    ../clib/microlib/ctype/ctype.c           0x00000000   Number         0  isgraph_o.o ABSOLUTE
    ../clib/microlib/ctype/ctype.c           0x00000000   Number         0  isxdigit_o.o ABSOLUTE
    ../clib/microlib/ctype/ctype.c           0x00000000   Number         0  ctype_o.o ABSOLUTE
    ../clib/microlib/ctype/ctype.c           0x00000000   Number         0  islower_o.o ABSOLUTE
    ../clib/microlib/ctype/ctype.c           0x00000000   Number         0  isprint_o.o ABSOLUTE
    ../clib/microlib/ctype/ctype.c           0x00000000   Number         0  ispunct_o.o ABSOLUTE
    ../clib/microlib/ctype/ctype.c           0x00000000   Number         0  isupper_o.o ABSOLUTE
    ../clib/microlib/ctype/ctype.c           0x00000000   Number         0  isblank_o.o ABSOLUTE
    ../clib/microlib/ctype/ctype.c           0x00000000   Number         0  isalnum_o.o ABSOLUTE
    ../clib/microlib/ctype/ctype.c           0x00000000   Number         0  isdigit_o.o ABSOLUTE
    ../clib/microlib/ctype/ctype.c           0x00000000   Number         0  iscntrl_o.o ABSOLUTE
    ../clib/microlib/ctype/ctype.c           0x00000000   Number         0  isspace_o.o ABSOLUTE
    ../clib/microlib/init/entry.s            0x00000000   Number         0  entry.o ABSOLUTE
    ../clib/microlib/init/entry.s            0x00000000   Number         0  entry11a.o ABSOLUTE
    ../clib/microlib/init/entry.s            0x00000000   Number         0  entry2.o ABSOLUTE
    ../clib/microlib/init/entry.s            0x00000000   Number         0  entry11b.o ABSOLUTE
    ../clib/microlib/init/entry.s            0x00000000   Number         0  entry7a.o ABSOLUTE
    ../clib/microlib/init/entry.s            0x00000000   Number         0  entry7b.o ABSOLUTE
    ../clib/microlib/init/entry.s            0x00000000   Number         0  entry8a.o ABSOLUTE
    ../clib/microlib/init/entry.s            0x00000000   Number         0  entry8b.o ABSOLUTE
    ../clib/microlib/init/entry.s            0x00000000   Number         0  entry9a.o ABSOLUTE
    ../clib/microlib/init/entry.s            0x00000000   Number         0  entry9b.o ABSOLUTE
    ../clib/microlib/init/entry.s            0x00000000   Number         0  entry10a.o ABSOLUTE
    ../clib/microlib/init/entry.s            0x00000000   Number         0  entry5.o ABSOLUTE
    ../clib/microlib/init/entry.s            0x00000000   Number         0  entry10b.o ABSOLUTE
    ../clib/microlib/stdio/fflush.c          0x00000000   Number         0  fflush.o ABSOLUTE
    ../clib/microlib/stdio/fputc.c           0x00000000   Number         0  fputc.o ABSOLUTE
    ../clib/microlib/stdio/semi.s            0x00000000   Number         0  semi.o ABSOLUTE
    ../clib/microlib/stdio/streams.c         0x00000000   Number         0  stdout.o ABSOLUTE
    ../clib/microlib/string/memcpy.c         0x00000000   Number         0  memcpya.o ABSOLUTE
    ../clib/microlib/string/memcpy.c         0x00000000   Number         0  memcpyb.o ABSOLUTE
    ../clib/microlib/string/memset.c         0x00000000   Number         0  memseta.o ABSOLUTE
    ../clib/microlib/string/strcmp.c         0x00000000   Number         0  strcmp.o ABSOLUTE
    ../clib/microlib/string/strcpy.c         0x00000000   Number         0  strcpy.o ABSOLUTE
    ../clib/microlib/string/strlen.c         0x00000000   Number         0  strlen.o ABSOLUTE
    ../clib/microlib/stubs.s                 0x00000000   Number         0  iusesemip.o ABSOLUTE
    ../clib/microlib/stubs.s                 0x00000000   Number         0  useno.o ABSOLUTE
    ..\..\..\..\..\..\components\boards\boards.c 0x00000000   Number         0  boards.o ABSOLUTE
    ..\..\..\..\..\..\components\libraries\atomic\nrf_atomic.c 0x00000000   Number         0  nrf_atomic.o ABSOLUTE
    ..\..\..\..\..\..\components\libraries\balloc\nrf_balloc.c 0x00000000   Number         0  nrf_balloc.o ABSOLUTE
    ..\..\..\..\..\..\components\libraries\log\src\nrf_log_backend_rtt.c 0x00000000   Number         0  nrf_log_backend_rtt.o ABSOLUTE
    ..\..\..\..\..\..\components\libraries\log\src\nrf_log_backend_serial.c 0x00000000   Number         0  nrf_log_backend_serial.o ABSOLUTE
    ..\..\..\..\..\..\components\libraries\log\src\nrf_log_backend_uart.c 0x00000000   Number         0  nrf_log_backend_uart.o ABSOLUTE
    ..\..\..\..\..\..\components\libraries\log\src\nrf_log_default_backends.c 0x00000000   Number         0  nrf_log_default_backends.o ABSOLUTE
    ..\..\..\..\..\..\components\libraries\log\src\nrf_log_frontend.c 0x00000000   Number         0  nrf_log_frontend.o ABSOLUTE
    ..\..\..\..\..\..\components\libraries\log\src\nrf_log_str_formatter.c 0x00000000   Number         0  nrf_log_str_formatter.o ABSOLUTE
    ..\..\..\..\..\..\components\libraries\memobj\nrf_memobj.c 0x00000000   Number         0  nrf_memobj.o ABSOLUTE
    ..\..\..\..\..\..\components\libraries\ringbuf\nrf_ringbuf.c 0x00000000   Number         0  nrf_ringbuf.o ABSOLUTE
    ..\..\..\..\..\..\components\libraries\strerror\nrf_strerror.c 0x00000000   Number         0  nrf_strerror.o ABSOLUTE
    ..\..\..\..\..\..\components\libraries\util\app_error.c 0x00000000   Number         0  app_error.o ABSOLUTE
    ..\..\..\..\..\..\components\libraries\util\app_error_handler_keil.c 0x00000000   Number         0  app_error_handler_keil.o ABSOLUTE
    ..\..\..\..\..\..\components\libraries\util\app_error_weak.c 0x00000000   Number         0  app_error_weak.o ABSOLUTE
    ..\..\..\..\..\..\components\libraries\util\app_util_platform.c 0x00000000   Number         0  app_util_platform.o ABSOLUTE
    ..\..\..\..\..\..\components\libraries\util\nrf_assert.c 0x00000000   Number         0  nrf_assert.o ABSOLUTE
    ..\..\..\..\..\..\external\fprintf\nrf_fprintf.c 0x00000000   Number         0  nrf_fprintf.o ABSOLUTE
    ..\..\..\..\..\..\external\fprintf\nrf_fprintf_format.c 0x00000000   Number         0  nrf_fprintf_format.o ABSOLUTE
    ..\..\..\..\..\..\external\segger_rtt\SEGGER_RTT.c 0x00000000   Number         0  segger_rtt.o ABSOLUTE
    ..\..\..\..\..\..\external\segger_rtt\SEGGER_RTT_Syscalls_KEIL.c 0x00000000   Number         0  segger_rtt_syscalls_keil.o ABSOLUTE
    ..\..\..\..\..\..\external\segger_rtt\SEGGER_RTT_printf.c 0x00000000   Number         0  segger_rtt_printf.o ABSOLUTE
    ..\..\..\..\..\..\integration\nrfx\legacy\nrf_drv_twi.c 0x00000000   Number         0  nrf_drv_twi.o ABSOLUTE
    ..\..\..\..\..\..\integration\nrfx\legacy\nrf_drv_uart.c 0x00000000   Number         0  nrf_drv_uart.o ABSOLUTE
    ..\..\..\..\..\..\modules\nrfx\drivers\src\nrfx_twi.c 0x00000000   Number         0  nrfx_twi.o ABSOLUTE
    ..\..\..\..\..\..\modules\nrfx\drivers\src\nrfx_twim.c 0x00000000   Number         0  nrfx_twim.o ABSOLUTE
    ..\..\..\..\..\..\modules\nrfx\drivers\src\nrfx_uart.c 0x00000000   Number         0  nrfx_uart.o ABSOLUTE
    ..\..\..\..\..\..\modules\nrfx\drivers\src\nrfx_uarte.c 0x00000000   Number         0  nrfx_uarte.o ABSOLUTE
    ..\..\..\..\..\..\modules\nrfx\drivers\src\prs\nrfx_prs.c 0x00000000   Number         0  nrfx_prs.o ABSOLUTE
    ..\..\..\main.c                          0x00000000   Number         0  main.o ABSOLUTE
    ..\\..\\..\\..\\..\\..\\components\\boards\\boards.c 0x00000000   Number         0  boards.o ABSOLUTE
    ..\\..\\..\\..\\..\\..\\components\\libraries\\atomic\\nrf_atomic.c 0x00000000   Number         0  nrf_atomic.o ABSOLUTE
    ..\\..\\..\\..\\..\\..\\components\\libraries\\balloc\\nrf_balloc.c 0x00000000   Number         0  nrf_balloc.o ABSOLUTE
    ..\\..\\..\\..\\..\\..\\components\\libraries\\log\\src\\nrf_log_backend_rtt.c 0x00000000   Number         0  nrf_log_backend_rtt.o ABSOLUTE
    ..\\..\\..\\..\\..\\..\\components\\libraries\\log\\src\\nrf_log_backend_serial.c 0x00000000   Number         0  nrf_log_backend_serial.o ABSOLUTE
    ..\\..\\..\\..\\..\\..\\components\\libraries\\log\\src\\nrf_log_backend_uart.c 0x00000000   Number         0  nrf_log_backend_uart.o ABSOLUTE
    ..\\..\\..\\..\\..\\..\\components\\libraries\\log\\src\\nrf_log_default_backends.c 0x00000000   Number         0  nrf_log_default_backends.o ABSOLUTE
    ..\\..\\..\\..\\..\\..\\components\\libraries\\log\\src\\nrf_log_frontend.c 0x00000000   Number         0  nrf_log_frontend.o ABSOLUTE
    ..\\..\\..\\..\\..\\..\\components\\libraries\\log\\src\\nrf_log_str_formatter.c 0x00000000   Number         0  nrf_log_str_formatter.o ABSOLUTE
    ..\\..\\..\\..\\..\\..\\components\\libraries\\memobj\\nrf_memobj.c 0x00000000   Number         0  nrf_memobj.o ABSOLUTE
    ..\\..\\..\\..\\..\\..\\components\\libraries\\ringbuf\\nrf_ringbuf.c 0x00000000   Number         0  nrf_ringbuf.o ABSOLUTE
    ..\\..\\..\\..\\..\\..\\components\\libraries\\strerror\\nrf_strerror.c 0x00000000   Number         0  nrf_strerror.o ABSOLUTE
    ..\\..\\..\\..\\..\\..\\components\\libraries\\util\\app_error.c 0x00000000   Number         0  app_error.o ABSOLUTE
    ..\\..\\..\\..\\..\\..\\components\\libraries\\util\\app_error_handler_keil.c 0x00000000   Number         0  app_error_handler_keil.o ABSOLUTE
    ..\\..\\..\\..\\..\\..\\components\\libraries\\util\\app_error_weak.c 0x00000000   Number         0  app_error_weak.o ABSOLUTE
    ..\\..\\..\\..\\..\\..\\components\\libraries\\util\\app_util_platform.c 0x00000000   Number         0  app_util_platform.o ABSOLUTE
    ..\\..\\..\\..\\..\\..\\components\\libraries\\util\\nrf_assert.c 0x00000000   Number         0  nrf_assert.o ABSOLUTE
    ..\\..\\..\\..\\..\\..\\external\\fprintf\\nrf_fprintf.c 0x00000000   Number         0  nrf_fprintf.o ABSOLUTE
    ..\\..\\..\\..\\..\\..\\external\\fprintf\\nrf_fprintf_format.c 0x00000000   Number         0  nrf_fprintf_format.o ABSOLUTE
    ..\\..\\..\\..\\..\\..\\external\\segger_rtt\\SEGGER_RTT.c 0x00000000   Number         0  segger_rtt.o ABSOLUTE
    ..\\..\\..\\..\\..\\..\\external\\segger_rtt\\SEGGER_RTT_Syscalls_KEIL.c 0x00000000   Number         0  segger_rtt_syscalls_keil.o ABSOLUTE
    ..\\..\\..\\..\\..\\..\\external\\segger_rtt\\SEGGER_RTT_printf.c 0x00000000   Number         0  segger_rtt_printf.o ABSOLUTE
    ..\\..\\..\\..\\..\\..\\integration\\nrfx\\legacy\\nrf_drv_twi.c 0x00000000   Number         0  nrf_drv_twi.o ABSOLUTE
    ..\\..\\..\\..\\..\\..\\integration\\nrfx\\legacy\\nrf_drv_uart.c 0x00000000   Number         0  nrf_drv_uart.o ABSOLUTE
    ..\\..\\..\\..\\..\\..\\modules\\nrfx\\drivers\\src\\nrfx_twi.c 0x00000000   Number         0  nrfx_twi.o ABSOLUTE
    ..\\..\\..\\..\\..\\..\\modules\\nrfx\\drivers\\src\\nrfx_twim.c 0x00000000   Number         0  nrfx_twim.o ABSOLUTE
    ..\\..\\..\\..\\..\\..\\modules\\nrfx\\drivers\\src\\nrfx_uart.c 0x00000000   Number         0  nrfx_uart.o ABSOLUTE
    ..\\..\\..\\..\\..\\..\\modules\\nrfx\\drivers\\src\\nrfx_uarte.c 0x00000000   Number         0  nrfx_uarte.o ABSOLUTE
    ..\\..\\..\\..\\..\\..\\modules\\nrfx\\drivers\\src\\prs\\nrfx_prs.c 0x00000000   Number         0  nrfx_prs.o ABSOLUTE
    ..\\..\\..\\main.c                       0x00000000   Number         0  main.o ABSOLUTE
    RTE\Device\nRF52840_xxAA\arm_startup_nrf52840.s 0x00000000   Number         0  arm_startup_nrf52840.o ABSOLUTE
    RTE\Device\nRF52840_xxAA\system_nrf52840.c 0x00000000   Number         0  system_nrf52840.o ABSOLUTE
    RTE\\Device\\nRF52840_xxAA\\system_nrf52840.c 0x00000000   Number         0  system_nrf52840.o ABSOLUTE
    dc.s                                     0x00000000   Number         0  dc.o ABSOLUTE
    handlers.s                               0x00000000   Number         0  handlers.o ABSOLUTE
    init.s                                   0x00000000   Number         0  init.o ABSOLUTE
    .ARM.Collect$$$$00000000                 0x00000200   Section        0  entry.o(.ARM.Collect$$$$00000000)
    .ARM.Collect$$$$00000001                 0x00000200   Section        4  entry2.o(.ARM.Collect$$$$00000001)
    .ARM.Collect$$$$00000004                 0x00000204   Section        4  entry5.o(.ARM.Collect$$$$00000004)
    .ARM.Collect$$$$00000008                 0x00000208   Section        0  entry7b.o(.ARM.Collect$$$$00000008)
    .ARM.Collect$$$$0000000A                 0x00000208   Section        0  entry8b.o(.ARM.Collect$$$$0000000A)
    .ARM.Collect$$$$0000000B                 0x00000208   Section        8  entry9a.o(.ARM.Collect$$$$0000000B)
    .ARM.Collect$$$$0000000D                 0x00000210   Section        0  entry10a.o(.ARM.Collect$$$$0000000D)
    .ARM.Collect$$$$0000000F                 0x00000210   Section        0  entry11a.o(.ARM.Collect$$$$0000000F)
    .ARM.Collect$$$$00002712                 0x00000210   Section        4  entry2.o(.ARM.Collect$$$$00002712)
    __lit__00000000                          0x00000210   Data           4  entry2.o(.ARM.Collect$$$$00002712)
    .emb_text                                0x00000214   Section      226  nrf_atomic.o(.emb_text)
    $v0                                      0x00000214   Number         0  nrf_atomic.o(.emb_text)
    .text                                    0x000002f8   Section       36  arm_startup_nrf52840.o(.text)
    $v0                                      0x000002f8   Number         0  arm_startup_nrf52840.o(.text)
    .text                                    0x0000031c   Section        0  ctype_o.o(.text)
    .text                                    0x00000324   Section        0  memcpya.o(.text)
    .text                                    0x00000348   Section        0  memseta.o(.text)
    .text                                    0x0000036c   Section        0  strlen.o(.text)
    .text                                    0x0000037a   Section        0  strcpy.o(.text)
    .text                                    0x0000038c   Section       36  init.o(.text)
    i.SEGGER_RTT_Init                        0x000003b0   Section        0  segger_rtt.o(i.SEGGER_RTT_Init)
    i.SEGGER_RTT_WriteNoLock                 0x000003b4   Section        0  segger_rtt.o(i.SEGGER_RTT_WriteNoLock)
    i.SPIM0_SPIS0_TWIM0_TWIS0_SPI0_TWI0_IRQHandler 0x00000410   Section        0  nrfx_twim.o(i.SPIM0_SPIS0_TWIM0_TWIS0_SPI0_TWI0_IRQHandler)
    i.SPIM1_SPIS1_TWIM1_TWIS1_SPI1_TWI1_IRQHandler 0x00000420   Section        0  nrfx_twim.o(i.SPIM1_SPIS1_TWIM1_TWIS1_SPI1_TWI1_IRQHandler)
    i.SystemInit                             0x00000430   Section        0  system_nrf52840.o(i.SystemInit)
    i.UARTE0_UART0_IRQHandler                0x0000060c   Section        0  nrfx_prs.o(i.UARTE0_UART0_IRQHandler)
    i._DoInit                                0x00000618   Section        0  segger_rtt.o(i._DoInit)
    _DoInit                                  0x00000619   Thumb Code    76  segger_rtt.o(i._DoInit)
    i._GetAvailWriteSpace                    0x00000680   Section        0  segger_rtt.o(i._GetAvailWriteSpace)
    _GetAvailWriteSpace                      0x00000681   Thumb Code    22  segger_rtt.o(i._GetAvailWriteSpace)
    i._WriteBlocking                         0x00000696   Section        0  segger_rtt.o(i._WriteBlocking)
    _WriteBlocking                           0x00000697   Thumb Code    90  segger_rtt.o(i._WriteBlocking)
    i._WriteNoCheck                          0x000006f0   Section        0  segger_rtt.o(i._WriteNoCheck)
    _WriteNoCheck                            0x000006f1   Thumb Code    66  segger_rtt.o(i._WriteNoCheck)
    i.__scatterload_copy                     0x00000732   Section       14  handlers.o(i.__scatterload_copy)
    i.__scatterload_null                     0x00000740   Section        2  handlers.o(i.__scatterload_null)
    i.__scatterload_zeroinit                 0x00000742   Section       14  handlers.o(i.__scatterload_zeroinit)
    i.app_error_fault_handler                0x00000750   Section        0  app_error_weak.o(i.app_error_fault_handler)
    i.app_error_handler_bare                 0x000007d4   Section        0  app_error.o(i.app_error_handler_bare)
    i.app_util_critical_region_enter         0x000007ea   Section        0  app_util_platform.o(i.app_util_critical_region_enter)
    i.app_util_critical_region_exit          0x000007ee   Section        0  app_util_platform.o(i.app_util_critical_region_exit)
    i.app_util_disable_irq                   0x000007f4   Section        0  app_util_platform.o(i.app_util_disable_irq)
    i.app_util_enable_irq                    0x00000804   Section        0  app_util_platform.o(i.app_util_enable_irq)
    i.buf_prealloc                           0x00000818   Section        0  nrf_log_frontend.o(i.buf_prealloc)
    buf_prealloc                             0x00000819   Thumb Code   130  nrf_log_frontend.o(i.buf_prealloc)
    i.buffer_add                             0x000008a0   Section        0  nrf_fprintf_format.o(i.buffer_add)
    buffer_add                               0x000008a1   Thumb Code    30  nrf_fprintf_format.o(i.buffer_add)
    i.buffer_is_empty                        0x000008c0   Section        0  nrf_log_frontend.o(i.buffer_is_empty)
    i.dropped_sat16_get                      0x000008d4   Section        0  nrf_log_frontend.o(i.dropped_sat16_get)
    dropped_sat16_get                        0x000008d5   Thumb Code    16  nrf_log_frontend.o(i.dropped_sat16_get)
    i.int_print                              0x000008e8   Section        0  nrf_fprintf_format.o(i.int_print)
    int_print                                0x000008e9   Thumb Code   166  nrf_fprintf_format.o(i.int_print)
    i.invalid_packets_omit                   0x0000098e   Section        0  nrf_log_frontend.o(i.invalid_packets_omit)
    invalid_packets_omit                     0x0000098f   Thumb Code    52  nrf_log_frontend.o(i.invalid_packets_omit)
    i.log_skip                               0x000009c4   Section        0  nrf_log_frontend.o(i.log_skip)
    log_skip                                 0x000009c5   Thumb Code   148  nrf_log_frontend.o(i.log_skip)
    i.main                                   0x00000a60   Section        0  main.o(i.main)
    i.memobj_op                              0x00000b40   Section        0  nrf_memobj.o(i.memobj_op)
    memobj_op                                0x00000b41   Thumb Code   126  nrf_memobj.o(i.memobj_op)
    i.module_idx_get                         0x00000bc0   Section        0  nrf_log_frontend.o(i.module_idx_get)
    module_idx_get                           0x00000bc1   Thumb Code    42  nrf_log_frontend.o(i.module_idx_get)
    i.nrf_atomic_flag_clear_fetch            0x00000bf0   Section        0  nrf_atomic.o(i.nrf_atomic_flag_clear_fetch)
    i.nrf_atomic_flag_set                    0x00000bf6   Section        0  nrf_atomic.o(i.nrf_atomic_flag_set)
    i.nrf_atomic_u32_add                     0x00000bfc   Section        0  nrf_atomic.o(i.nrf_atomic_u32_add)
    i.nrf_atomic_u32_fetch_and               0x00000c08   Section        0  nrf_atomic.o(i.nrf_atomic_u32_fetch_and)
    i.nrf_atomic_u32_fetch_store             0x00000c12   Section        0  nrf_atomic.o(i.nrf_atomic_u32_fetch_store)
    i.nrf_atomic_u32_or                      0x00000c1c   Section        0  nrf_atomic.o(i.nrf_atomic_u32_or)
    i.nrf_atomic_u32_sub                     0x00000c28   Section        0  nrf_atomic.o(i.nrf_atomic_u32_sub)
    i.nrf_balloc_alloc                       0x00000c34   Section        0  nrf_balloc.o(i.nrf_balloc_alloc)
    i.nrf_balloc_free                        0x00000c72   Section        0  nrf_balloc.o(i.nrf_balloc_free)
    i.nrf_balloc_init                        0x00000c9c   Section        0  nrf_balloc.o(i.nrf_balloc_init)
    i.nrf_drv_twi_init                       0x00000ccc   Section        0  nrf_drv_twi.o(i.nrf_drv_twi_init)
    i.nrf_fprintf                            0x00000d0c   Section        0  nrf_fprintf.o(i.nrf_fprintf)
    i.nrf_fprintf_buffer_flush               0x00000d26   Section        0  nrf_fprintf.o(i.nrf_fprintf_buffer_flush)
    i.nrf_fprintf_fmt                        0x00000d3e   Section        0  nrf_fprintf_format.o(i.nrf_fprintf_fmt)
    i.nrf_gpio_cfg                           0x00000f18   Section        0  nrfx_twim.o(i.nrf_gpio_cfg)
    nrf_gpio_cfg                             0x00000f19   Thumb Code    48  nrfx_twim.o(i.nrf_gpio_cfg)
    i.nrf_gpio_pin_clear                     0x00000f4c   Section        0  nrf_drv_twi.o(i.nrf_gpio_pin_clear)
    nrf_gpio_pin_clear                       0x00000f4d   Thumb Code    20  nrf_drv_twi.o(i.nrf_gpio_pin_clear)
    i.nrf_gpio_pin_port_decode               0x00000f60   Section        0  nrf_drv_twi.o(i.nrf_gpio_pin_port_decode)
    nrf_gpio_pin_port_decode                 0x00000f61   Thumb Code    22  nrf_drv_twi.o(i.nrf_gpio_pin_port_decode)
    i.nrf_gpio_pin_set                       0x00000f7c   Section        0  nrf_drv_twi.o(i.nrf_gpio_pin_set)
    nrf_gpio_pin_set                         0x00000f7d   Thumb Code    20  nrf_drv_twi.o(i.nrf_gpio_pin_set)
    i.nrf_log_backend_add                    0x00000f90   Section        0  nrf_log_frontend.o(i.nrf_log_backend_add)
    i.nrf_log_backend_rtt_flush              0x00000fec   Section        0  nrf_log_backend_rtt.o(i.nrf_log_backend_rtt_flush)
    nrf_log_backend_rtt_flush                0x00000fed   Thumb Code     2  nrf_log_backend_rtt.o(i.nrf_log_backend_rtt_flush)
    i.nrf_log_backend_rtt_init               0x00000fee   Section        0  nrf_log_backend_rtt.o(i.nrf_log_backend_rtt_init)
    i.nrf_log_backend_rtt_panic_set          0x00000ff2   Section        0  nrf_log_backend_rtt.o(i.nrf_log_backend_rtt_panic_set)
    nrf_log_backend_rtt_panic_set            0x00000ff3   Thumb Code     2  nrf_log_backend_rtt.o(i.nrf_log_backend_rtt_panic_set)
    i.nrf_log_backend_rtt_put                0x00000ff4   Section        0  nrf_log_backend_rtt.o(i.nrf_log_backend_rtt_put)
    nrf_log_backend_rtt_put                  0x00000ff5   Thumb Code    16  nrf_log_backend_rtt.o(i.nrf_log_backend_rtt_put)
    i.nrf_log_backend_serial_put             0x0000100c   Section        0  nrf_log_backend_serial.o(i.nrf_log_backend_serial_put)
    i.nrf_log_color_id_get                   0x000010d4   Section        0  nrf_log_frontend.o(i.nrf_log_color_id_get)
    i.nrf_log_default_backends_init          0x00001104   Section        0  nrf_log_default_backends.o(i.nrf_log_default_backends_init)
    i.nrf_log_frontend_dequeue               0x00001120   Section        0  nrf_log_frontend.o(i.nrf_log_frontend_dequeue)
    i.nrf_log_frontend_std_0                 0x00001350   Section        0  nrf_log_frontend.o(i.nrf_log_frontend_std_0)
    i.nrf_log_frontend_std_1                 0x00001358   Section        0  nrf_log_frontend.o(i.nrf_log_frontend_std_1)
    i.nrf_log_hexdump_entry_process          0x00001368   Section        0  nrf_log_str_formatter.o(i.nrf_log_hexdump_entry_process)
    i.nrf_log_init                           0x00001414   Section        0  nrf_log_frontend.o(i.nrf_log_init)
    i.nrf_log_module_cnt_get                 0x00001450   Section        0  nrf_log_frontend.o(i.nrf_log_module_cnt_get)
    i.nrf_log_module_name_get                0x00001464   Section        0  nrf_log_frontend.o(i.nrf_log_module_name_get)
    i.nrf_log_panic                          0x00001480   Section        0  nrf_log_frontend.o(i.nrf_log_panic)
    i.nrf_log_std_entry_process              0x000014ac   Section        0  nrf_log_str_formatter.o(i.nrf_log_std_entry_process)
    i.nrf_memobj_alloc                       0x00001562   Section        0  nrf_memobj.o(i.nrf_memobj_alloc)
    i.nrf_memobj_free                        0x000015c2   Section        0  nrf_memobj.o(i.nrf_memobj_free)
    i.nrf_memobj_get                         0x000015f4   Section        0  nrf_memobj.o(i.nrf_memobj_get)
    i.nrf_memobj_pool_init                   0x000015fc   Section        0  nrf_memobj.o(i.nrf_memobj_pool_init)
    i.nrf_memobj_put                         0x00001600   Section        0  nrf_memobj.o(i.nrf_memobj_put)
    i.nrf_memobj_read                        0x0000161e   Section        0  nrf_memobj.o(i.nrf_memobj_read)
    i.nrf_memobj_write                       0x0000162e   Section        0  nrf_memobj.o(i.nrf_memobj_write)
    i.nrf_ringbuf_init                       0x0000163e   Section        0  nrf_ringbuf.o(i.nrf_ringbuf_init)
    i.nrf_twim_event_check                   0x0000165a   Section        0  nrfx_twim.o(i.nrf_twim_event_check)
    nrf_twim_event_check                     0x0000165b   Thumb Code    10  nrfx_twim.o(i.nrf_twim_event_check)
    i.nrf_twim_event_clear                   0x00001664   Section        0  nrfx_twim.o(i.nrf_twim_event_clear)
    nrf_twim_event_clear                     0x00001665   Thumb Code    12  nrfx_twim.o(i.nrf_twim_event_clear)
    i.nrfx_coredep_delay_us                  0x00001670   Section        0  nrf_drv_twi.o(i.nrfx_coredep_delay_us)
    nrfx_coredep_delay_us                    0x00001671   Thumb Code    12  nrf_drv_twi.o(i.nrfx_coredep_delay_us)
    i.nrfx_is_in_ram                         0x00001680   Section        0  nrfx_twim.o(i.nrfx_is_in_ram)
    nrfx_is_in_ram                           0x00001681   Thumb Code    16  nrfx_twim.o(i.nrfx_is_in_ram)
    i.nrfx_prs_acquire                       0x00001690   Section        0  nrfx_prs.o(i.nrfx_prs_acquire)
    i.nrfx_twim_enable                       0x000016c0   Section        0  nrfx_twim.o(i.nrfx_twim_enable)
    i.nrfx_twim_init                         0x000016e4   Section        0  nrfx_twim.o(i.nrfx_twim_init)
    i.nrfx_twim_rx                           0x000017c8   Section        0  nrfx_twim.o(i.nrfx_twim_rx)
    i.nrfx_twim_xfer                         0x000017f8   Section        0  nrfx_twim.o(i.nrfx_twim_xfer)
    i.postfix_process                        0x00001820   Section        0  nrf_log_str_formatter.o(i.postfix_process)
    postfix_process                          0x00001821   Thumb Code    48  nrf_log_str_formatter.o(i.postfix_process)
    i.prefix_process                         0x0000185c   Section        0  nrf_log_str_formatter.o(i.prefix_process)
    prefix_process                           0x0000185d   Thumb Code    90  nrf_log_str_formatter.o(i.prefix_process)
    i.prs_box_get                            0x000018f4   Section        0  nrfx_prs.o(i.prs_box_get)
    prs_box_get                              0x000018f5   Thumb Code    14  nrfx_prs.o(i.prs_box_get)
    i.serial_tx                              0x0000190c   Section        0  nrf_log_backend_rtt.o(i.serial_tx)
    serial_tx                                0x0000190d   Thumb Code    70  nrf_log_backend_rtt.o(i.serial_tx)
    i.std_n                                  0x0000195c   Section        0  nrf_log_frontend.o(i.std_n)
    std_n                                    0x0000195d   Thumb Code   136  nrf_log_frontend.o(i.std_n)
    i.twi_clear_bus                          0x000019e8   Section        0  nrf_drv_twi.o(i.twi_clear_bus)
    twi_clear_bus                            0x000019e9   Thumb Code   164  nrf_drv_twi.o(i.twi_clear_bus)
    i.twi_init                               0x00001a8c   Section        0  main.o(i.twi_init)
    i.twim_evt_handler                       0x00001ab8   Section        0  nrf_drv_twi.o(i.twim_evt_handler)
    twim_evt_handler                         0x00001ab9   Thumb Code    60  nrf_drv_twi.o(i.twim_evt_handler)
    i.twim_irq_handler                       0x00001af8   Section        0  nrfx_twim.o(i.twim_irq_handler)
    twim_irq_handler                         0x00001af9   Thumb Code   328  nrfx_twim.o(i.twim_irq_handler)
    i.twim_xfer                              0x00001c44   Section        0  nrfx_twim.o(i.twim_xfer)
    twim_xfer                                0x00001c45   Thumb Code   558  nrfx_twim.o(i.twim_xfer)
    i.unsigned_print                         0x00001e7c   Section        0  nrf_fprintf_format.o(i.unsigned_print)
    unsigned_print                           0x00001e7d   Thumb Code   176  nrf_fprintf_format.o(i.unsigned_print)
    .constdata                               0x00001f30   Section       32  main.o(.constdata)
    m_twi                                    0x00001f30   Data          16  main.o(.constdata)
    .constdata                               0x00001f50   Section        6  nrf_drv_twi.o(.constdata)
    delay_bytecode                           0x00001f50   Data           6  nrf_drv_twi.o(.constdata)
    .constdata                               0x00001f58   Section       28  nrfx_twim.o(.constdata)
    irq_handlers                             0x00001f58   Data           8  nrfx_twim.o(.constdata)
    .constdata                               0x00001f74   Section       16  nrf_fprintf_format.o(.constdata)
    _aV2C                                    0x00001f74   Data          16  nrf_fprintf_format.o(.constdata)
    .constdata                               0x00001f84   Section       12  nrf_log_backend_rtt.o(.constdata)
    .constdata                               0x00001f90   Section        6  nrf_log_backend_rtt.o(.constdata)
    delay_bytecode                           0x00001f90   Data           6  nrf_log_backend_rtt.o(.constdata)
    .constdata                               0x00001f98   Section       12  nrf_log_frontend.o(.constdata)
    m_log_push_ringbuf                       0x00001f98   Data          12  nrf_log_frontend.o(.constdata)
    .constdata                               0x00001fa4   Section      129  ctype_o.o(.constdata)
    .constdata                               0x00002028   Section        4  ctype_o.o(.constdata)
    table                                    0x00002028   Data           4  ctype_o.o(.constdata)
    .conststring                             0x0000202c   Section      102  nrf_log_str_formatter.o(.conststring)
    .conststrlit                             0x00002094   Section        4  nrfx_prs.o(.conststrlit)
    .conststrlit                             0x00002098   Section        5  nrfx_twim.o(.conststrlit)
    .conststrlit                             0x000020a0   Section        5  nrfx_uart.o(.conststrlit)
    .conststrlit                             0x000020a8   Section        6  nrfx_uarte.o(.conststrlit)
    .conststrlit                             0x000020b0   Section       16  nrf_log_default_backends.o(.conststrlit)
    .conststrlit                             0x000020c0   Section        4  nrf_log_frontend.o(.conststrlit)
    log_backends                             0x000020e4   Section       16  nrf_log_default_backends.o(log_backends)
    __tagsym$$used                           0x000020e4   Number         0  nrf_log_default_backends.o(log_backends)
    rtt_log_backend                          0x000020e4   Data          16  nrf_log_default_backends.o(log_backends)
    log_const_data                           0x000020f4   Section        8  nrfx_prs.o(log_const_data)
    __tagsym$$used                           0x000020f4   Number         0  nrfx_prs.o(log_const_data)
    log_const_data                           0x000020fc   Section        8  nrfx_twim.o(log_const_data)
    __tagsym$$used                           0x000020fc   Number         0  nrfx_twim.o(log_const_data)
    log_const_data                           0x00002104   Section        8  nrfx_uart.o(log_const_data)
    __tagsym$$used                           0x00002104   Number         0  nrfx_uart.o(log_const_data)
    log_const_data                           0x0000210c   Section        8  nrfx_uarte.o(log_const_data)
    __tagsym$$used                           0x0000210c   Number         0  nrfx_uarte.o(log_const_data)
    log_const_data                           0x00002114   Section        8  nrf_log_frontend.o(log_const_data)
    __tagsym$$used                           0x00002114   Number         0  nrf_log_frontend.o(log_const_data)
    nrf_balloc                               0x0000211c   Section       20  nrf_log_frontend.o(nrf_balloc)
    __tagsym$$used                           0x0000211c   Number         0  nrf_log_frontend.o(nrf_balloc)
    .data                                    0x20000000   Section       16  nrf_drv_twi.o(.data)
    m_handlers                               0x20000000   Data           8  nrf_drv_twi.o(.data)
    m_contexts                               0x20000008   Data           8  nrf_drv_twi.o(.data)
    .data                                    0x20000010   Section        8  nrfx_prs.o(.data)
    m_prs_box_4                              0x20000010   Data           8  nrfx_prs.o(.data)
    .data                                    0x20000018   Section        4  app_util_platform.o(.data)
    m_in_critical_region                     0x20000018   Data           4  app_util_platform.o(.data)
    .data                                    0x2000001c   Section        1  nrf_log_backend_rtt.o(.data)
    m_host_present                           0x2000001c   Data           1  nrf_log_backend_rtt.o(.data)
    .data                                    0x20000020   Section        8  nrf_log_default_backends.o(.data)
    log_backend_cb_rtt_log_backend           0x20000020   Data           8  nrf_log_default_backends.o(.data)
    .data                                    0x20000028   Section        8  nrf_log_frontend.o(.data)
    log_mempool_nrf_balloc_pool_stack        0x20000028   Data           8  nrf_log_frontend.o(.data)
    .data                                    0x20000030   Section        8  nrf_log_frontend.o(.data)
    log_mempool_nrf_balloc_cb                0x20000030   Data           8  nrf_log_frontend.o(.data)
    .data                                    0x20000038   Section       64  nrf_log_str_formatter.o(.data)
    m_freq                                   0x20000038   Data           4  nrf_log_str_formatter.o(.data)
    m_timestamp_div                          0x2000003c   Data           4  nrf_log_str_formatter.o(.data)
    severity_names                           0x20000040   Data          20  nrf_log_str_formatter.o(.data)
    m_colors                                 0x20000054   Data          36  nrf_log_str_formatter.o(.data)
    .data                                    0x20000078   Section        4  system_nrf52840.o(.data)
    __tagsym$$used                           0x20000078   Number         0  system_nrf52840.o(.data)
    .bss                                     0x2000007c   Section      104  nrfx_twim.o(.bss)
    m_cb                                     0x2000007c   Data         104  nrfx_twim.o(.bss)
    .bss                                     0x200000e4   Section       64  nrf_log_backend_rtt.o(.bss)
    m_string_buff                            0x200000e4   Data          64  nrf_log_backend_rtt.o(.bss)
    .bss                                     0x20000124   Section      192  nrf_log_frontend.o(.bss)
    log_mempool_nrf_balloc_pool_mem          0x20000124   Data         192  nrf_log_frontend.o(.bss)
    .bss                                     0x200001e4   Section      128  nrf_log_frontend.o(.bss)
    m_log_push_ringbuf_buf                   0x200001e4   Data         128  nrf_log_frontend.o(.bss)
    .bss                                     0x20000264   Section       24  nrf_log_frontend.o(.bss)
    m_log_push_ringbuf_cb                    0x20000264   Data          24  nrf_log_frontend.o(.bss)
    .bss                                     0x2000027c   Section     1060  nrf_log_frontend.o(.bss)
    m_log_data                               0x2000027c   Data        1060  nrf_log_frontend.o(.bss)
    .bss                                     0x200006a0   Section      648  segger_rtt.o(.bss)
    _acUpBuffer                              0x20000718   Data         512  segger_rtt.o(.bss)
    _acDownBuffer                            0x20000918   Data          16  segger_rtt.o(.bss)
    STACK                                    0x20000928   Section     8192  arm_startup_nrf52840.o(STACK)

    Global Symbols

    Symbol Name                              Value     Ov Type        Size  Object(Section)

    BuildAttributes$$THM_ISAv4$E$P$D$K$B$S$7EM$VFPi3$EXTD16$VFPS$VFMA$PE$A:L22UL41UL21$X:L11$S22US41US21$IEEE1$IW$USESV6$~STKCKD$USESV7$~SHL$OSPACE$EBA8$MICROLIB$REQ8$EABIv2 0x00000000   Number         0  anon$$obj.o ABSOLUTE
    __ARM_use_no_argv                        0x00000000   Number         0  main.o ABSOLUTE
    __Vectors                                0x00000000   Data           4  arm_startup_nrf52840.o(RESET)
    __use_no_errno                           0x00000000   Number         0  useno.o ABSOLUTE
    __use_no_exception_handling              0x00000000   Number         0  useno.o ABSOLUTE
    __use_no_fp                              0x00000000   Number         0  useno.o ABSOLUTE
    __use_no_heap                            0x00000000   Number         0  useno.o ABSOLUTE
    __use_no_heap_region                     0x00000000   Number         0  useno.o ABSOLUTE
    __use_no_semihosting                     0x00000000   Number         0  useno.o ABSOLUTE
    __use_no_semihosting_swi                 0x00000000   Number         0  useno.o ABSOLUTE
    __use_no_signal_handling                 0x00000000   Number         0  useno.o ABSOLUTE
    __cpp_initialize__aeabi_                  - Undefined Weak Reference
    __cxa_finalize                            - Undefined Weak Reference
    __decompress                              - Undefined Weak Reference
    _clock_init                               - Undefined Weak Reference
    _microlib_exit                            - Undefined Weak Reference
    log_dynamic_data$$Base                    - Undefined Reference
    __Vectors_End                            0x00000200   Data           0  arm_startup_nrf52840.o(RESET)
    __Vectors_Size                           0x00000200   Number         0  arm_startup_nrf52840.o ABSOLUTE
    __main                                   0x00000201   Thumb Code     0  entry.o(.ARM.Collect$$$$00000000)
    _main_stk                                0x00000201   Thumb Code     0  entry2.o(.ARM.Collect$$$$00000001)
    _main_scatterload                        0x00000205   Thumb Code     0  entry5.o(.ARM.Collect$$$$00000004)
    __main_after_scatterload                 0x00000209   Thumb Code     0  entry5.o(.ARM.Collect$$$$00000004)
    _main_clock                              0x00000209   Thumb Code     0  entry7b.o(.ARM.Collect$$$$00000008)
    _main_cpp_init                           0x00000209   Thumb Code     0  entry8b.o(.ARM.Collect$$$$0000000A)
    _main_init                               0x00000209   Thumb Code     0  entry9a.o(.ARM.Collect$$$$0000000B)
    __rt_final_cpp                           0x00000211   Thumb Code     0  entry10a.o(.ARM.Collect$$$$0000000D)
    __rt_final_exit                          0x00000211   Thumb Code     0  entry11a.o(.ARM.Collect$$$$0000000F)
    __asm___12_nrf_atomic_c_85ca2469__nrf_atomic_internal_mov 0x00000215   Thumb Code    24  nrf_atomic.o(.emb_text)
    __asm___12_nrf_atomic_c_85ca2469__nrf_atomic_internal_orr 0x0000022d   Thumb Code    26  nrf_atomic.o(.emb_text)
    __asm___12_nrf_atomic_c_85ca2469__nrf_atomic_internal_and 0x00000247   Thumb Code    26  nrf_atomic.o(.emb_text)
    __asm___12_nrf_atomic_c_85ca2469__nrf_atomic_internal_eor 0x00000261   Thumb Code    26  nrf_atomic.o(.emb_text)
    __asm___12_nrf_atomic_c_85ca2469__nrf_atomic_internal_add 0x0000027b   Thumb Code    26  nrf_atomic.o(.emb_text)
    __asm___12_nrf_atomic_c_85ca2469__nrf_atomic_internal_sub 0x00000295   Thumb Code    26  nrf_atomic.o(.emb_text)
    __asm___12_nrf_atomic_c_85ca2469__nrf_atomic_internal_cmp_exch 0x000002af   Thumb Code    42  nrf_atomic.o(.emb_text)
    __asm___12_nrf_atomic_c_85ca2469__nrf_atomic_internal_sub_hs 0x000002d9   Thumb Code    30  nrf_atomic.o(.emb_text)
    Reset_Handler                            0x000002f9   Thumb Code     8  arm_startup_nrf52840.o(.text)
    NMI_Handler                              0x00000301   Thumb Code     2  arm_startup_nrf52840.o(.text)
    HardFault_Handler                        0x00000303   Thumb Code     2  arm_startup_nrf52840.o(.text)
    MemoryManagement_Handler                 0x00000305   Thumb Code     2  arm_startup_nrf52840.o(.text)
    BusFault_Handler                         0x00000307   Thumb Code     2  arm_startup_nrf52840.o(.text)
    UsageFault_Handler                       0x00000309   Thumb Code     2  arm_startup_nrf52840.o(.text)
    SVC_Handler                              0x0000030b   Thumb Code     2  arm_startup_nrf52840.o(.text)
    DebugMon_Handler                         0x0000030d   Thumb Code     2  arm_startup_nrf52840.o(.text)
    PendSV_Handler                           0x0000030f   Thumb Code     2  arm_startup_nrf52840.o(.text)
    SysTick_Handler                          0x00000311   Thumb Code     2  arm_startup_nrf52840.o(.text)
    CCM_AAR_IRQHandler                       0x00000313   Thumb Code     0  arm_startup_nrf52840.o(.text)
    COMP_LPCOMP_IRQHandler                   0x00000313   Thumb Code     0  arm_startup_nrf52840.o(.text)
    CRYPTOCELL_IRQHandler                    0x00000313   Thumb Code     0  arm_startup_nrf52840.o(.text)
    ECB_IRQHandler                           0x00000313   Thumb Code     0  arm_startup_nrf52840.o(.text)
    FPU_IRQHandler                           0x00000313   Thumb Code     0  arm_startup_nrf52840.o(.text)
    GPIOTE_IRQHandler                        0x00000313   Thumb Code     0  arm_startup_nrf52840.o(.text)
    I2S_IRQHandler                           0x00000313   Thumb Code     0  arm_startup_nrf52840.o(.text)
    MWU_IRQHandler                           0x00000313   Thumb Code     0  arm_startup_nrf52840.o(.text)
    NFCT_IRQHandler                          0x00000313   Thumb Code     0  arm_startup_nrf52840.o(.text)
    PDM_IRQHandler                           0x00000313   Thumb Code     0  arm_startup_nrf52840.o(.text)
    POWER_CLOCK_IRQHandler                   0x00000313   Thumb Code     0  arm_startup_nrf52840.o(.text)
    PWM0_IRQHandler                          0x00000313   Thumb Code     0  arm_startup_nrf52840.o(.text)
    PWM1_IRQHandler                          0x00000313   Thumb Code     0  arm_startup_nrf52840.o(.text)
    PWM2_IRQHandler                          0x00000313   Thumb Code     0  arm_startup_nrf52840.o(.text)
    PWM3_IRQHandler                          0x00000313   Thumb Code     0  arm_startup_nrf52840.o(.text)
    QDEC_IRQHandler                          0x00000313   Thumb Code     0  arm_startup_nrf52840.o(.text)
    QSPI_IRQHandler                          0x00000313   Thumb Code     0  arm_startup_nrf52840.o(.text)
    RADIO_IRQHandler                         0x00000313   Thumb Code     0  arm_startup_nrf52840.o(.text)
    RNG_IRQHandler                           0x00000313   Thumb Code     0  arm_startup_nrf52840.o(.text)
    RTC0_IRQHandler                          0x00000313   Thumb Code     0  arm_startup_nrf52840.o(.text)
    RTC1_IRQHandler                          0x00000313   Thumb Code     0  arm_startup_nrf52840.o(.text)
    RTC2_IRQHandler                          0x00000313   Thumb Code     0  arm_startup_nrf52840.o(.text)
    SAADC_IRQHandler                         0x00000313   Thumb Code     0  arm_startup_nrf52840.o(.text)
    SPIM2_SPIS2_SPI2_IRQHandler              0x00000313   Thumb Code     0  arm_startup_nrf52840.o(.text)
    SPIM3_IRQHandler                         0x00000313   Thumb Code     0  arm_startup_nrf52840.o(.text)
    SWI0_EGU0_IRQHandler                     0x00000313   Thumb Code     0  arm_startup_nrf52840.o(.text)
    SWI1_EGU1_IRQHandler                     0x00000313   Thumb Code     0  arm_startup_nrf52840.o(.text)
    SWI2_EGU2_IRQHandler                     0x00000313   Thumb Code     0  arm_startup_nrf52840.o(.text)
    SWI3_EGU3_IRQHandler                     0x00000313   Thumb Code     0  arm_startup_nrf52840.o(.text)
    SWI4_EGU4_IRQHandler                     0x00000313   Thumb Code     0  arm_startup_nrf52840.o(.text)
    SWI5_EGU5_IRQHandler                     0x00000313   Thumb Code     0  arm_startup_nrf52840.o(.text)
    TEMP_IRQHandler                          0x00000313   Thumb Code     0  arm_startup_nrf52840.o(.text)
    TIMER0_IRQHandler                        0x00000313   Thumb Code     0  arm_startup_nrf52840.o(.text)
    TIMER1_IRQHandler                        0x00000313   Thumb Code     0  arm_startup_nrf52840.o(.text)
    TIMER2_IRQHandler                        0x00000313   Thumb Code     0  arm_startup_nrf52840.o(.text)
    TIMER3_IRQHandler                        0x00000313   Thumb Code     0  arm_startup_nrf52840.o(.text)
    TIMER4_IRQHandler                        0x00000313   Thumb Code     0  arm_startup_nrf52840.o(.text)
    UARTE1_IRQHandler                        0x00000313   Thumb Code     0  arm_startup_nrf52840.o(.text)
    USBD_IRQHandler                          0x00000313   Thumb Code     0  arm_startup_nrf52840.o(.text)
    WDT_IRQHandler                           0x00000313   Thumb Code     0  arm_startup_nrf52840.o(.text)
    __rt_ctype_table                         0x0000031d   Thumb Code     4  ctype_o.o(.text)
    __aeabi_memcpy                           0x00000325   Thumb Code    36  memcpya.o(.text)
    __aeabi_memcpy4                          0x00000325   Thumb Code     0  memcpya.o(.text)
    __aeabi_memcpy8                          0x00000325   Thumb Code     0  memcpya.o(.text)
    __aeabi_memset                           0x00000349   Thumb Code    14  memseta.o(.text)
    __aeabi_memset4                          0x00000349   Thumb Code     0  memseta.o(.text)
    __aeabi_memset8                          0x00000349   Thumb Code     0  memseta.o(.text)
    __aeabi_memclr                           0x00000357   Thumb Code     4  memseta.o(.text)
    __aeabi_memclr4                          0x00000357   Thumb Code     0  memseta.o(.text)
    __aeabi_memclr8                          0x00000357   Thumb Code     0  memseta.o(.text)
    _memset$wrapper                          0x0000035b   Thumb Code    18  memseta.o(.text)
    strlen                                   0x0000036d   Thumb Code    14  strlen.o(.text)
    strcpy                                   0x0000037b   Thumb Code    18  strcpy.o(.text)
    __scatterload                            0x0000038d   Thumb Code    28  init.o(.text)
    __scatterload_rt2                        0x0000038d   Thumb Code     0  init.o(.text)
    SEGGER_RTT_Init                          0x000003b1   Thumb Code     4  segger_rtt.o(i.SEGGER_RTT_Init)
    SEGGER_RTT_WriteNoLock                   0x000003b5   Thumb Code    86  segger_rtt.o(i.SEGGER_RTT_WriteNoLock)
    SPIM0_SPIS0_TWIM0_TWIS0_SPI0_TWI0_IRQHandler 0x00000411   Thumb Code     8  nrfx_twim.o(i.SPIM0_SPIS0_TWIM0_TWIS0_SPI0_TWI0_IRQHandler)
    SPIM1_SPIS1_TWIM1_TWIS1_SPI1_TWI1_IRQHandler 0x00000421   Thumb Code    10  nrfx_twim.o(i.SPIM1_SPIS1_TWIM1_TWIS1_SPI1_TWI1_IRQHandler)
    SystemInit                               0x00000431   Thumb Code   416  system_nrf52840.o(i.SystemInit)
    UARTE0_UART0_IRQHandler                  0x0000060d   Thumb Code     6  nrfx_prs.o(i.UARTE0_UART0_IRQHandler)
    __scatterload_copy                       0x00000733   Thumb Code    14  handlers.o(i.__scatterload_copy)
    __scatterload_null                       0x00000741   Thumb Code     2  handlers.o(i.__scatterload_null)
    __scatterload_zeroinit                   0x00000743   Thumb Code    14  handlers.o(i.__scatterload_zeroinit)
    app_error_fault_handler                  0x00000751   Thumb Code    86  app_error_weak.o(i.app_error_fault_handler)
    app_error_handler_bare                   0x000007d5   Thumb Code    22  app_error.o(i.app_error_handler_bare)
    app_util_critical_region_enter           0x000007eb   Thumb Code     4  app_util_platform.o(i.app_util_critical_region_enter)
    app_util_critical_region_exit            0x000007ef   Thumb Code     4  app_util_platform.o(i.app_util_critical_region_exit)
    app_util_disable_irq                     0x000007f5   Thumb Code    12  app_util_platform.o(i.app_util_disable_irq)
    app_util_enable_irq                      0x00000805   Thumb Code    14  app_util_platform.o(i.app_util_enable_irq)
    buffer_is_empty                          0x000008c1   Thumb Code    16  nrf_log_frontend.o(i.buffer_is_empty)
    main                                     0x00000a61   Thumb Code   122  main.o(i.main)
    nrf_atomic_flag_clear_fetch              0x00000bf1   Thumb Code     6  nrf_atomic.o(i.nrf_atomic_flag_clear_fetch)
    nrf_atomic_flag_set                      0x00000bf7   Thumb Code     6  nrf_atomic.o(i.nrf_atomic_flag_set)
    nrf_atomic_u32_add                       0x00000bfd   Thumb Code    12  nrf_atomic.o(i.nrf_atomic_u32_add)
    nrf_atomic_u32_fetch_and                 0x00000c09   Thumb Code    10  nrf_atomic.o(i.nrf_atomic_u32_fetch_and)
    nrf_atomic_u32_fetch_store               0x00000c13   Thumb Code    10  nrf_atomic.o(i.nrf_atomic_u32_fetch_store)
    nrf_atomic_u32_or                        0x00000c1d   Thumb Code    12  nrf_atomic.o(i.nrf_atomic_u32_or)
    nrf_atomic_u32_sub                       0x00000c29   Thumb Code    12  nrf_atomic.o(i.nrf_atomic_u32_sub)
    nrf_balloc_alloc                         0x00000c35   Thumb Code    62  nrf_balloc.o(i.nrf_balloc_alloc)
    nrf_balloc_free                          0x00000c73   Thumb Code    42  nrf_balloc.o(i.nrf_balloc_free)
    nrf_balloc_init                          0x00000c9d   Thumb Code    48  nrf_balloc.o(i.nrf_balloc_init)
    nrf_drv_twi_init                         0x00000ccd   Thumb Code    56  nrf_drv_twi.o(i.nrf_drv_twi_init)
    nrf_fprintf                              0x00000d0d   Thumb Code    26  nrf_fprintf.o(i.nrf_fprintf)
    nrf_fprintf_buffer_flush                 0x00000d27   Thumb Code    24  nrf_fprintf.o(i.nrf_fprintf_buffer_flush)
    nrf_fprintf_fmt                          0x00000d3f   Thumb Code   474  nrf_fprintf_format.o(i.nrf_fprintf_fmt)
    nrf_log_backend_add                      0x00000f91   Thumb Code    86  nrf_log_frontend.o(i.nrf_log_backend_add)
    nrf_log_backend_rtt_init                 0x00000fef   Thumb Code     4  nrf_log_backend_rtt.o(i.nrf_log_backend_rtt_init)
    nrf_log_backend_serial_put               0x0000100d   Thumb Code   200  nrf_log_backend_serial.o(i.nrf_log_backend_serial_put)
    nrf_log_color_id_get                     0x000010d5   Thumb Code    42  nrf_log_frontend.o(i.nrf_log_color_id_get)
    nrf_log_default_backends_init            0x00001105   Thumb Code    24  nrf_log_default_backends.o(i.nrf_log_default_backends_init)
    nrf_log_frontend_dequeue                 0x00001121   Thumb Code   522  nrf_log_frontend.o(i.nrf_log_frontend_dequeue)
    nrf_log_frontend_std_0                   0x00001351   Thumb Code     8  nrf_log_frontend.o(i.nrf_log_frontend_std_0)
    nrf_log_frontend_std_1                   0x00001359   Thumb Code    14  nrf_log_frontend.o(i.nrf_log_frontend_std_1)
    nrf_log_hexdump_entry_process            0x00001369   Thumb Code   146  nrf_log_str_formatter.o(i.nrf_log_hexdump_entry_process)
    nrf_log_init                             0x00001415   Thumb Code    46  nrf_log_frontend.o(i.nrf_log_init)
    nrf_log_module_cnt_get                   0x00001451   Thumb Code    10  nrf_log_frontend.o(i.nrf_log_module_cnt_get)
    nrf_log_module_name_get                  0x00001465   Thumb Code    24  nrf_log_frontend.o(i.nrf_log_module_name_get)
    nrf_log_panic                            0x00001481   Thumb Code    38  nrf_log_frontend.o(i.nrf_log_panic)
    nrf_log_std_entry_process                0x000014ad   Thumb Code   182  nrf_log_str_formatter.o(i.nrf_log_std_entry_process)
    nrf_memobj_alloc                         0x00001563   Thumb Code    96  nrf_memobj.o(i.nrf_memobj_alloc)
    nrf_memobj_free                          0x000015c3   Thumb Code    50  nrf_memobj.o(i.nrf_memobj_free)
    nrf_memobj_get                           0x000015f5   Thumb Code     8  nrf_memobj.o(i.nrf_memobj_get)
    nrf_memobj_pool_init                     0x000015fd   Thumb Code     4  nrf_memobj.o(i.nrf_memobj_pool_init)
    nrf_memobj_put                           0x00001601   Thumb Code    30  nrf_memobj.o(i.nrf_memobj_put)
    nrf_memobj_read                          0x0000161f   Thumb Code    16  nrf_memobj.o(i.nrf_memobj_read)
    nrf_memobj_write                         0x0000162f   Thumb Code    16  nrf_memobj.o(i.nrf_memobj_write)
    nrf_ringbuf_init                         0x0000163f   Thumb Code    28  nrf_ringbuf.o(i.nrf_ringbuf_init)
    nrfx_prs_acquire                         0x00001691   Thumb Code    48  nrfx_prs.o(i.nrfx_prs_acquire)
    nrfx_twim_enable                         0x000016c1   Thumb Code    32  nrfx_twim.o(i.nrfx_twim_enable)
    nrfx_twim_init                           0x000016e5   Thumb Code   218  nrfx_twim.o(i.nrfx_twim_init)
    nrfx_twim_rx                             0x000017c9   Thumb Code    44  nrfx_twim.o(i.nrfx_twim_rx)
    nrfx_twim_xfer                           0x000017f9   Thumb Code    34  nrfx_twim.o(i.nrfx_twim_xfer)
    twi_init                                 0x00001a8d   Thumb Code    40  main.o(i.twi_init)
    nrf_log_backend_rtt_api                  0x00001f84   Data          12  nrf_log_backend_rtt.o(.constdata)
    __ctype_table                            0x00001fa4   Data         129  ctype_o.o(.constdata)
    Region$$Table$$Base                      0x000020c4   Number         0  anon$$obj.o(Region$$Table)
    Region$$Table$$Limit                     0x000020e4   Number         0  anon$$obj.o(Region$$Table)
    log_const_data$$Base                     0x000020f4   Number         0  nrfx_prs.o(log_const_data)
    m_nrf_log_PRS_logs_data_const            0x000020f4   Data           8  nrfx_prs.o(log_const_data)
    m_nrf_log_TWIM_logs_data_const           0x000020fc   Data           8  nrfx_twim.o(log_const_data)
    m_nrf_log_UART_logs_data_const           0x00002104   Data           8  nrfx_uart.o(log_const_data)
    m_nrf_log_UARTE_logs_data_const          0x0000210c   Data           8  nrfx_uarte.o(log_const_data)
    m_nrf_log_app_logs_data_const            0x00002114   Data           8  nrf_log_frontend.o(log_const_data)
    log_const_data$$Limit                    0x0000211c   Number         0  nrf_log_frontend.o(log_const_data)
    log_mempool                              0x0000211c   Data          20  nrf_log_frontend.o(nrf_balloc)
    SystemCoreClock                          0x20000078   Data           4  system_nrf52840.o(.data)
    _SEGGER_RTT                              0x200006a0   Data         120  segger_rtt.o(.bss)
    __initial_sp                             0x20002928   Data           0  arm_startup_nrf52840.o(STACK)



==============================================================================

Memory Map of the image

  Image Entry point : 0x00000201

  Load Region LR_IROM1 (Base: 0x00000000, Size: 0x000021ac, Max: 0x00100000, ABSOLUTE)

    Execution Region ER_IROM1 (Exec base: 0x00000000, Load base: 0x00000000, Size: 0x00002130, Max: 0x00100000, ABSOLUTE)

    Exec Addr    Load Addr    Size         Type   Attr      Idx    E Section Name        Object

    0x00000000   0x00000000   0x00000200   Data   RO         2459    RESET               arm_startup_nrf52840.o
    0x00000200   0x00000200   0x00000000   Code   RO         2500  * .ARM.Collect$$$$00000000  mc_w.l(entry.o)
    0x00000200   0x00000200   0x00000004   Code   RO         2548    .ARM.Collect$$$$00000001  mc_w.l(entry2.o)
    0x00000204   0x00000204   0x00000004   Code   RO         2551    .ARM.Collect$$$$00000004  mc_w.l(entry5.o)
    0x00000208   0x00000208   0x00000000   Code   RO         2553    .ARM.Collect$$$$00000008  mc_w.l(entry7b.o)
    0x00000208   0x00000208   0x00000000   Code   RO         2555    .ARM.Collect$$$$0000000A  mc_w.l(entry8b.o)
    0x00000208   0x00000208   0x00000008   Code   RO         2556    .ARM.Collect$$$$0000000B  mc_w.l(entry9a.o)
    0x00000210   0x00000210   0x00000000   Code   RO         2558    .ARM.Collect$$$$0000000D  mc_w.l(entry10a.o)
    0x00000210   0x00000210   0x00000000   Code   RO         2560    .ARM.Collect$$$$0000000F  mc_w.l(entry11a.o)
    0x00000210   0x00000210   0x00000004   Code   RO         2549    .ARM.Collect$$$$00002712  mc_w.l(entry2.o)
    0x00000214   0x00000214   0x000000e2   Code   RO         1260    .emb_text           nrf_atomic.o
    0x000002f6   0x000002f6   0x00000002   PAD
    0x000002f8   0x000002f8   0x00000024   Code   RO         2460    .text               arm_startup_nrf52840.o
    0x0000031c   0x0000031c   0x00000008   Code   RO         2508    .text               mc_w.l(ctype_o.o)
    0x00000324   0x00000324   0x00000024   Code   RO         2536    .text               mc_w.l(memcpya.o)
    0x00000348   0x00000348   0x00000024   Code   RO         2538    .text               mc_w.l(memseta.o)
    0x0000036c   0x0000036c   0x0000000e   Code   RO         2540    .text               mc_w.l(strlen.o)
    0x0000037a   0x0000037a   0x00000012   Code   RO         2544    .text               mc_w.l(strcpy.o)
    0x0000038c   0x0000038c   0x00000024   Code   RO         2564    .text               mc_w.l(init.o)
    0x000003b0   0x000003b0   0x00000004   Code   RO         2113    i.SEGGER_RTT_Init   segger_rtt.o
    0x000003b4   0x000003b4   0x0000005c   Code   RO         2127    i.SEGGER_RTT_WriteNoLock  segger_rtt.o
    0x00000410   0x00000410   0x00000010   Code   RO          558    i.SPIM0_SPIS0_TWIM0_TWIS0_SPI0_TWI0_IRQHandler  nrfx_twim.o
    0x00000420   0x00000420   0x00000010   Code   RO          559    i.SPIM1_SPIS1_TWIM1_TWIS1_SPI1_TWI1_IRQHandler  nrfx_twim.o
    0x00000430   0x00000430   0x000001dc   Code   RO         2468    i.SystemInit        system_nrf52840.o
    0x0000060c   0x0000060c   0x0000000c   Code   RO          477    i.UARTE0_UART0_IRQHandler  nrfx_prs.o
    0x00000618   0x00000618   0x00000068   Code   RO         2131    i._DoInit           segger_rtt.o
    0x00000680   0x00000680   0x00000016   Code   RO         2132    i._GetAvailWriteSpace  segger_rtt.o
    0x00000696   0x00000696   0x0000005a   Code   RO         2134    i._WriteBlocking    segger_rtt.o
    0x000006f0   0x000006f0   0x00000042   Code   RO         2135    i._WriteNoCheck     segger_rtt.o
    0x00000732   0x00000732   0x0000000e   Code   RO         2568    i.__scatterload_copy  mc_w.l(handlers.o)
    0x00000740   0x00000740   0x00000002   Code   RO         2569    i.__scatterload_null  mc_w.l(handlers.o)
    0x00000742   0x00000742   0x0000000e   Code   RO         2570    i.__scatterload_zeroinit  mc_w.l(handlers.o)
    0x00000750   0x00000750   0x00000084   Code   RO         1143    i.app_error_fault_handler  app_error_weak.o
    0x000007d4   0x000007d4   0x00000016   Code   RO         1074    i.app_error_handler_bare  app_error.o
    0x000007ea   0x000007ea   0x00000004   Code   RO         1171    i.app_util_critical_region_enter  app_util_platform.o
    0x000007ee   0x000007ee   0x00000004   Code   RO         1172    i.app_util_critical_region_exit  app_util_platform.o
    0x000007f2   0x000007f2   0x00000002   PAD
    0x000007f4   0x000007f4   0x00000010   Code   RO         1173    i.app_util_disable_irq  app_util_platform.o
    0x00000804   0x00000804   0x00000014   Code   RO         1174    i.app_util_enable_irq  app_util_platform.o
    0x00000818   0x00000818   0x00000088   Code   RO         1868    i.buf_prealloc      nrf_log_frontend.o
    0x000008a0   0x000008a0   0x0000001e   Code   RO         1475    i.buffer_add        nrf_fprintf_format.o
    0x000008be   0x000008be   0x00000002   PAD
    0x000008c0   0x000008c0   0x00000014   Code   RO         1869    i.buffer_is_empty   nrf_log_frontend.o
    0x000008d4   0x000008d4   0x00000014   Code   RO         1870    i.dropped_sat16_get  nrf_log_frontend.o
    0x000008e8   0x000008e8   0x000000a6   Code   RO         1476    i.int_print         nrf_fprintf_format.o
    0x0000098e   0x0000098e   0x00000034   Code   RO         1871    i.invalid_packets_omit  nrf_log_frontend.o
    0x000009c2   0x000009c2   0x00000002   PAD
    0x000009c4   0x000009c4   0x0000009c   Code   RO         1872    i.log_skip          nrf_log_frontend.o
    0x00000a60   0x00000a60   0x000000e0   Code   RO            4    i.main              main.o
    0x00000b40   0x00000b40   0x0000007e   Code   RO         1515    i.memobj_op         nrf_memobj.o
    0x00000bbe   0x00000bbe   0x00000002   PAD
    0x00000bc0   0x00000bc0   0x00000030   Code   RO         1873    i.module_idx_get    nrf_log_frontend.o
    0x00000bf0   0x00000bf0   0x00000006   Code   RO         1262    i.nrf_atomic_flag_clear_fetch  nrf_atomic.o
    0x00000bf6   0x00000bf6   0x00000006   Code   RO         1263    i.nrf_atomic_flag_set  nrf_atomic.o
    0x00000bfc   0x00000bfc   0x0000000c   Code   RO         1265    i.nrf_atomic_u32_add  nrf_atomic.o
    0x00000c08   0x00000c08   0x0000000a   Code   RO         1269    i.nrf_atomic_u32_fetch_and  nrf_atomic.o
    0x00000c12   0x00000c12   0x0000000a   Code   RO         1271    i.nrf_atomic_u32_fetch_store  nrf_atomic.o
    0x00000c1c   0x00000c1c   0x0000000c   Code   RO         1275    i.nrf_atomic_u32_or  nrf_atomic.o
    0x00000c28   0x00000c28   0x0000000c   Code   RO         1277    i.nrf_atomic_u32_sub  nrf_atomic.o
    0x00000c34   0x00000c34   0x0000003e   Code   RO         1399    i.nrf_balloc_alloc  nrf_balloc.o
    0x00000c72   0x00000c72   0x0000002a   Code   RO         1400    i.nrf_balloc_free   nrf_balloc.o
    0x00000c9c   0x00000c9c   0x00000030   Code   RO         1401    i.nrf_balloc_init   nrf_balloc.o
    0x00000ccc   0x00000ccc   0x00000040   Code   RO          350    i.nrf_drv_twi_init  nrf_drv_twi.o
    0x00000d0c   0x00000d0c   0x0000001a   Code   RO         1436    i.nrf_fprintf       nrf_fprintf.o
    0x00000d26   0x00000d26   0x00000018   Code   RO         1437    i.nrf_fprintf_buffer_flush  nrf_fprintf.o
    0x00000d3e   0x00000d3e   0x000001da   Code   RO         1477    i.nrf_fprintf_fmt   nrf_fprintf_format.o
    0x00000f18   0x00000f18   0x00000034   Code   RO          560    i.nrf_gpio_cfg      nrfx_twim.o
    0x00000f4c   0x00000f4c   0x00000014   Code   RO          351    i.nrf_gpio_pin_clear  nrf_drv_twi.o
    0x00000f60   0x00000f60   0x0000001c   Code   RO          352    i.nrf_gpio_pin_port_decode  nrf_drv_twi.o
    0x00000f7c   0x00000f7c   0x00000014   Code   RO          353    i.nrf_gpio_pin_set  nrf_drv_twi.o
    0x00000f90   0x00000f90   0x0000005c   Code   RO         1874    i.nrf_log_backend_add  nrf_log_frontend.o
    0x00000fec   0x00000fec   0x00000002   Code   RO         1689    i.nrf_log_backend_rtt_flush  nrf_log_backend_rtt.o
    0x00000fee   0x00000fee   0x00000004   Code   RO         1690    i.nrf_log_backend_rtt_init  nrf_log_backend_rtt.o
    0x00000ff2   0x00000ff2   0x00000002   Code   RO         1691    i.nrf_log_backend_rtt_panic_set  nrf_log_backend_rtt.o
    0x00000ff4   0x00000ff4   0x00000018   Code   RO         1692    i.nrf_log_backend_rtt_put  nrf_log_backend_rtt.o
    0x0000100c   0x0000100c   0x000000c8   Code   RO         1780    i.nrf_log_backend_serial_put  nrf_log_backend_serial.o
    0x000010d4   0x000010d4   0x00000030   Code   RO         1876    i.nrf_log_color_id_get  nrf_log_frontend.o
    0x00001104   0x00001104   0x0000001c   Code   RO         1832    i.nrf_log_default_backends_init  nrf_log_default_backends.o
    0x00001120   0x00001120   0x00000230   Code   RO         1877    i.nrf_log_frontend_dequeue  nrf_log_frontend.o
    0x00001350   0x00001350   0x00000008   Code   RO         1879    i.nrf_log_frontend_std_0  nrf_log_frontend.o
    0x00001358   0x00001358   0x0000000e   Code   RO         1880    i.nrf_log_frontend_std_1  nrf_log_frontend.o
    0x00001366   0x00001366   0x00000002   PAD
    0x00001368   0x00001368   0x000000ac   Code   RO         2054    i.nrf_log_hexdump_entry_process  nrf_log_str_formatter.o
    0x00001414   0x00001414   0x0000003c   Code   RO         1886    i.nrf_log_init      nrf_log_frontend.o
    0x00001450   0x00001450   0x00000014   Code   RO         1887    i.nrf_log_module_cnt_get  nrf_log_frontend.o
    0x00001464   0x00001464   0x0000001c   Code   RO         1890    i.nrf_log_module_name_get  nrf_log_frontend.o
    0x00001480   0x00001480   0x0000002c   Code   RO         1891    i.nrf_log_panic     nrf_log_frontend.o
    0x000014ac   0x000014ac   0x000000b6   Code   RO         2055    i.nrf_log_std_entry_process  nrf_log_str_formatter.o
    0x00001562   0x00001562   0x00000060   Code   RO         1516    i.nrf_memobj_alloc  nrf_memobj.o
    0x000015c2   0x000015c2   0x00000032   Code   RO         1517    i.nrf_memobj_free   nrf_memobj.o
    0x000015f4   0x000015f4   0x00000008   Code   RO         1518    i.nrf_memobj_get    nrf_memobj.o
    0x000015fc   0x000015fc   0x00000004   Code   RO         1519    i.nrf_memobj_pool_init  nrf_memobj.o
    0x00001600   0x00001600   0x0000001e   Code   RO         1520    i.nrf_memobj_put    nrf_memobj.o
    0x0000161e   0x0000161e   0x00000010   Code   RO         1521    i.nrf_memobj_read   nrf_memobj.o
    0x0000162e   0x0000162e   0x00000010   Code   RO         1522    i.nrf_memobj_write  nrf_memobj.o
    0x0000163e   0x0000163e   0x0000001c   Code   RO         1598    i.nrf_ringbuf_init  nrf_ringbuf.o
    0x0000165a   0x0000165a   0x0000000a   Code   RO          562    i.nrf_twim_event_check  nrfx_twim.o
    0x00001664   0x00001664   0x0000000c   Code   RO          563    i.nrf_twim_event_clear  nrfx_twim.o
    0x00001670   0x00001670   0x00000010   Code   RO          354    i.nrfx_coredep_delay_us  nrf_drv_twi.o
    0x00001680   0x00001680   0x00000010   Code   RO          564    i.nrfx_is_in_ram    nrfx_twim.o
    0x00001690   0x00001690   0x00000030   Code   RO          478    i.nrfx_prs_acquire  nrfx_prs.o
    0x000016c0   0x000016c0   0x00000024   Code   RO          566    i.nrfx_twim_enable  nrfx_twim.o
    0x000016e4   0x000016e4   0x000000e4   Code   RO          567    i.nrfx_twim_init    nrfx_twim.o
    0x000017c8   0x000017c8   0x00000030   Code   RO          569    i.nrfx_twim_rx      nrfx_twim.o
    0x000017f8   0x000017f8   0x00000028   Code   RO          574    i.nrfx_twim_xfer    nrfx_twim.o
    0x00001820   0x00001820   0x0000003c   Code   RO         2057    i.postfix_process   nrf_log_str_formatter.o
    0x0000185c   0x0000185c   0x00000098   Code   RO         2058    i.prefix_process    nrf_log_str_formatter.o
    0x000018f4   0x000018f4   0x00000018   Code   RO          480    i.prs_box_get       nrfx_prs.o
    0x0000190c   0x0000190c   0x00000050   Code   RO         1693    i.serial_tx         nrf_log_backend_rtt.o
    0x0000195c   0x0000195c   0x0000008c   Code   RO         1893    i.std_n             nrf_log_frontend.o
    0x000019e8   0x000019e8   0x000000a4   Code   RO          355    i.twi_clear_bus     nrf_drv_twi.o
    0x00001a8c   0x00001a8c   0x0000002c   Code   RO            5    i.twi_init          main.o
    0x00001ab8   0x00001ab8   0x00000040   Code   RO          356    i.twim_evt_handler  nrf_drv_twi.o
    0x00001af8   0x00001af8   0x0000014c   Code   RO          575    i.twim_irq_handler  nrfx_twim.o
    0x00001c44   0x00001c44   0x00000238   Code   RO          576    i.twim_xfer         nrfx_twim.o
    0x00001e7c   0x00001e7c   0x000000b4   Code   RO         1478    i.unsigned_print    nrf_fprintf_format.o
    0x00001f30   0x00001f30   0x00000020   Data   RO            6    .constdata          main.o
    0x00001f50   0x00001f50   0x00000006   Data   RO          357    .constdata          nrf_drv_twi.o
    0x00001f56   0x00001f56   0x00000002   PAD
    0x00001f58   0x00001f58   0x0000001c   Data   RO          579    .constdata          nrfx_twim.o
    0x00001f74   0x00001f74   0x00000010   Data   RO         1479    .constdata          nrf_fprintf_format.o
    0x00001f84   0x00001f84   0x0000000c   Data   RO         1695    .constdata          nrf_log_backend_rtt.o
    0x00001f90   0x00001f90   0x00000006   Data   RO         1696    .constdata          nrf_log_backend_rtt.o
    0x00001f96   0x00001f96   0x00000002   PAD
    0x00001f98   0x00001f98   0x0000000c   Data   RO         1898    .constdata          nrf_log_frontend.o
    0x00001fa4   0x00001fa4   0x00000081   Data   RO         2509    .constdata          mc_w.l(ctype_o.o)
    0x00002025   0x00002025   0x00000003   PAD
    0x00002028   0x00002028   0x00000004   Data   RO         2510    .constdata          mc_w.l(ctype_o.o)
    0x0000202c   0x0000202c   0x00000066   Data   RO         2059    .conststring        nrf_log_str_formatter.o
    0x00002092   0x00002092   0x00000002   PAD
    0x00002094   0x00002094   0x00000004   Data   RO          482    .conststrlit        nrfx_prs.o
    0x00002098   0x00002098   0x00000005   Data   RO          582    .conststrlit        nrfx_twim.o
    0x0000209d   0x0000209d   0x00000003   PAD
    0x000020a0   0x000020a0   0x00000005   Data   RO          750    .conststrlit        nrfx_uart.o
    0x000020a5   0x000020a5   0x00000003   PAD
    0x000020a8   0x000020a8   0x00000006   Data   RO          940    .conststrlit        nrfx_uarte.o
    0x000020ae   0x000020ae   0x00000002   PAD
    0x000020b0   0x000020b0   0x00000010   Data   RO         1833    .conststrlit        nrf_log_default_backends.o
    0x000020c0   0x000020c0   0x00000004   Data   RO         1899    .conststrlit        nrf_log_frontend.o
    0x000020c4   0x000020c4   0x00000020   Data   RO         2566    Region$$Table       anon$$obj.o
    0x000020e4   0x000020e4   0x00000010   Data   RO         1835    log_backends        nrf_log_default_backends.o
    0x000020f4   0x000020f4   0x00000008   Data   RO          484    log_const_data      nrfx_prs.o
    0x000020fc   0x000020fc   0x00000008   Data   RO          583    log_const_data      nrfx_twim.o
    0x00002104   0x00002104   0x00000008   Data   RO          751    log_const_data      nrfx_uart.o
    0x0000210c   0x0000210c   0x00000008   Data   RO          941    log_const_data      nrfx_uarte.o
    0x00002114   0x00002114   0x00000008   Data   RO         1902    log_const_data      nrf_log_frontend.o
    0x0000211c   0x0000211c   0x00000014   Data   RO         1903    nrf_balloc          nrf_log_frontend.o


    Execution Region RW_IRAM1 (Exec base: 0x20000000, Load base: 0x00002130, Size: 0x00002928, Max: 0x00040000, ABSOLUTE)

    Exec Addr    Load Addr    Size         Type   Attr      Idx    E Section Name        Object

    0x20000000   0x00002130   0x00000010   Data   RW          358    .data               nrf_drv_twi.o
    0x20000010   0x00002140   0x00000008   Data   RW          483    .data               nrfx_prs.o
    0x20000018   0x00002148   0x00000004   Data   RW         1177    .data               app_util_platform.o
    0x2000001c   0x0000214c   0x00000001   Data   RW         1697    .data               nrf_log_backend_rtt.o
    0x2000001d   0x0000214d   0x00000003   PAD
    0x20000020   0x00002150   0x00000008   Data   RW         1834    .data               nrf_log_default_backends.o
    0x20000028   0x00002158   0x00000008   Data   RW         1900    .data               nrf_log_frontend.o
    0x20000030   0x00002160   0x00000008   Data   RW         1901    .data               nrf_log_frontend.o
    0x20000038   0x00002168   0x00000040   Data   RW         2060    .data               nrf_log_str_formatter.o
    0x20000078   0x000021a8   0x00000004   Data   RW         2469    .data               system_nrf52840.o
    0x2000007c        -       0x00000068   Zero   RW          577    .bss                nrfx_twim.o
    0x200000e4        -       0x00000040   Zero   RW         1694    .bss                nrf_log_backend_rtt.o
    0x20000124        -       0x000000c0   Zero   RW         1894    .bss                nrf_log_frontend.o
    0x200001e4        -       0x00000080   Zero   RW         1895    .bss                nrf_log_frontend.o
    0x20000264        -       0x00000018   Zero   RW         1896    .bss                nrf_log_frontend.o
    0x2000027c        -       0x00000424   Zero   RW         1897    .bss                nrf_log_frontend.o
    0x200006a0        -       0x00000288   Zero   RW         2136    .bss                segger_rtt.o
    0x20000928        -       0x00002000   Zero   RW         2457    STACK               arm_startup_nrf52840.o


==============================================================================

Image component sizes


      Code (inc. data)   RO Data    RW Data    ZI Data      Debug   Object Name

        22          0          0          0          0       2445   app_error.o
         0          0          0          0          0        392   app_error_handler_keil.o
       132         46          0          0          0      27385   app_error_weak.o
        44         10          0          4          0       3320   app_util_platform.o
        36          8        512          0       8192        932   arm_startup_nrf52840.o
         0          0          0          0          0        524   boards.o
       268        106         32          0          0      74007   main.o
       294          0          0          0          0       7839   nrf_atomic.o
       152          0          0          0          0       3548   nrf_balloc.o
       376         22          6         16          0      23487   nrf_drv_twi.o
        50          0          0          0          0       3513   nrf_fprintf.o
       850          4         16          0          0       5458   nrf_fprintf_format.o
       112         18         18          1         64       6093   nrf_log_backend_rtt.o
       200          0          0          0          0      10837   nrf_log_backend_serial.o
        28          4         32          8          0       3317   nrf_log_default_backends.o
      1446        116         44         16       1404      28709   nrf_log_frontend.o
       566        108        102         64          0       5604   nrf_log_str_formatter.o
       346          0          0          0          0       9535   nrf_memobj.o
        28          0          0          0          0       2351   nrf_ringbuf.o
        84         16         12          8          0       4961   nrfx_prs.o
      1374         56         41          0        104      56688   nrfx_twim.o
         0          0         13          0          0       9132   nrfx_uart.o
         0          0         14          0          0       8366   nrfx_uarte.o
       378         34          0          0        648       9050   segger_rtt.o
       476         60          0          4          0       2339   system_nrf52840.o

    ----------------------------------------------------------------------
      7274        608        888        124      10412     309832   Object Totals
         0          0         32          0          0          0   (incl. Generated)
        12          0         14          3          0          0   (incl. Padding)

    ----------------------------------------------------------------------

      Code (inc. data)   RO Data    RW Data    ZI Data      Debug   Library Member Name

         8          4        133          0          0         68   ctype_o.o
         0          0          0          0          0          0   entry.o
         0          0          0          0          0          0   entry10a.o
         0          0          0          0          0          0   entry11a.o
         8          4          0          0          0          0   entry2.o
         4          0          0          0          0          0   entry5.o
         0          0          0          0          0          0   entry7b.o
         0          0          0          0          0          0   entry8b.o
         8          4          0          0          0          0   entry9a.o
        30          0          0          0          0          0   handlers.o
        36          8          0          0          0         68   init.o
        36          0          0          0          0         68   memcpya.o
        36          0          0          0          0        108   memseta.o
        18          0          0          0          0         68   strcpy.o
        14          0          0          0          0         68   strlen.o

    ----------------------------------------------------------------------
       198         20        136          0          0        448   Library Totals
         0          0          3          0          0          0   (incl. Padding)

    ----------------------------------------------------------------------

      Code (inc. data)   RO Data    RW Data    ZI Data      Debug   Library Name

       198         20        133          0          0        448   mc_w.l

    ----------------------------------------------------------------------
       198         20        136          0          0        448   Library Totals

    ----------------------------------------------------------------------

==============================================================================


      Code (inc. data)   RO Data    RW Data    ZI Data      Debug   

      7472        628       1024        124      10412     301880   Grand Totals
      7472        628       1024        124      10412     301880   ELF Image Totals
      7472        628       1024        124          0          0   ROM Totals

==============================================================================

    Total RO  Size (Code + RO Data)                 8496 (   8.30kB)
    Total RW  Size (RW Data + ZI Data)             10536 (  10.29kB)
    Total ROM Size (Code + RO Data + RW Data)       8620 (   8.42kB)

==============================================================================

