Component: ARM Compiler 5.06 update 6 (build 750) Tool: armlink [4d35ed]

==============================================================================

Section Cross References

    lm75b.o(.constdata) refers to lm75b.o(.data) for default_config
    main.o(i.bsp_event_handler) refers to nrf_twi_mngr.o(i.nrf_twi_mngr_schedule) for nrf_twi_mngr_schedule
    main.o(i.bsp_event_handler) refers to app_error.o(i.app_error_handler_bare) for app_error_handler_bare
    main.o(i.bsp_event_handler) refers to main.o(.data) for .data
    main.o(i.bsp_event_handler) refers to main.o(.constdata) for .constdata
    main.o(i.log_init) refers to nrf_log_frontend.o(i.nrf_log_init) for nrf_log_init
    main.o(i.log_init) refers to app_error.o(i.app_error_handler_bare) for app_error_handler_bare
    main.o(i.log_init) refers to nrf_log_default_backends.o(i.nrf_log_default_backends_init) for nrf_log_default_backends_init
    main.o(i.main) refers to main.o(i.log_init) for log_init
    main.o(i.main) refers to boards.o(i.bsp_board_init) for bsp_board_init
    main.o(i.main) refers to nrf_drv_clock.o(i.nrf_drv_clock_init) for nrf_drv_clock_init
    main.o(i.main) refers to app_error.o(i.app_error_handler_bare) for app_error_handler_bare
    main.o(i.main) refers to nrf_drv_clock.o(i.nrf_drv_clock_lfclk_request) for nrf_drv_clock_lfclk_request
    main.o(i.main) refers to app_timer.o(i.app_timer_init) for app_timer_init
    main.o(i.main) refers to bsp.o(i.bsp_init) for bsp_init
    main.o(i.main) refers to nrf_pwr_mgmt.o(i.nrf_pwr_mgmt_init) for nrf_pwr_mgmt_init
    main.o(i.main) refers to nrf_log_frontend.o(i.nrf_log_frontend_std_0) for nrf_log_frontend_std_0
    main.o(i.main) refers to nrf_log_frontend.o(i.nrf_log_frontend_dequeue) for nrf_log_frontend_dequeue
    main.o(i.main) refers to nrf_twi_mngr.o(i.nrf_twi_mngr_init) for nrf_twi_mngr_init
    main.o(i.main) refers to main.o(i.read_init) for read_init
    main.o(i.main) refers to nrf_twi_mngr.o(i.nrf_twi_mngr_perform) for nrf_twi_mngr_perform
    main.o(i.main) refers to nrf_pwr_mgmt.o(i.nrf_pwr_mgmt_run) for nrf_pwr_mgmt_run
    main.o(i.main) refers to main.o(i.bsp_event_handler) for bsp_event_handler
    main.o(i.main) refers to nrf_log_frontend.o(log_const_data) for m_nrf_log_app_logs_data_const
    main.o(i.main) refers to main.o(.constdata) for .constdata
    main.o(i.main) refers to lm75b.o(.constdata) for lm75b_init_transfers
    main.o(i.main) refers to mma7660.o(.constdata) for mma7660_init_transfers
    main.o(i.read_all_cb) refers to nrf_log_frontend.o(i.nrf_log_frontend_std_1) for nrf_log_frontend_std_1
    main.o(i.read_all_cb) refers to dflti.o(.text) for __aeabi_i2d
    main.o(i.read_all_cb) refers to dmul.o(.text) for __aeabi_dmul
    main.o(i.read_all_cb) refers to d2f.o(.text) for __aeabi_d2f
    main.o(i.read_all_cb) refers to nrf_log_frontend.o(i.nrf_log_frontend_std_6) for nrf_log_frontend_std_6
    main.o(i.read_all_cb) refers to nrf_log_frontend.o(i.nrf_log_frontend_std_3) for nrf_log_frontend_std_3
    main.o(i.read_all_cb) refers to nrf_log_frontend.o(log_const_data) for m_nrf_log_app_logs_data_const
    main.o(i.read_all_cb) refers to main.o(.data) for .data
    main.o(i.read_all_cb) refers to main.o(.bss) for .bss
    main.o(i.read_init) refers to app_timer.o(i.app_timer_create) for app_timer_create
    main.o(i.read_init) refers to app_error.o(i.app_error_handler_bare) for app_error_handler_bare
    main.o(i.read_init) refers to app_timer.o(i.app_timer_start) for app_timer_start
    main.o(i.read_init) refers to main.o(i.timer_handler) for timer_handler
    main.o(i.read_init) refers to main.o(.constdata) for .constdata
    main.o(i.read_lm75b_registers_cb) refers to nrf_log_frontend.o(i.nrf_log_frontend_std_1) for nrf_log_frontend_std_1
    main.o(i.read_lm75b_registers_cb) refers to nrf_log_frontend.o(log_const_data) for m_nrf_log_app_logs_data_const
    main.o(i.read_mma7660_registers_cb) refers to nrf_log_frontend.o(i.nrf_log_frontend_std_1) for nrf_log_frontend_std_1
    main.o(i.read_mma7660_registers_cb) refers to nrf_log_frontend.o(log_const_data) for m_nrf_log_app_logs_data_const
    main.o(i.timer_handler) refers to nrf_twi_mngr.o(i.nrf_twi_mngr_schedule) for nrf_twi_mngr_schedule
    main.o(i.timer_handler) refers to app_error.o(i.app_error_handler_bare) for app_error_handler_bare
    main.o(i.timer_handler) refers to boards.o(i.bsp_board_led_invert) for bsp_board_led_invert
    main.o(i.timer_handler) refers to main.o(.data) for .data
    main.o(i.timer_handler) refers to main.o(.constdata) for .constdata
    main.o(.constdata) refers to main.o(.bss) for m_timer_data
    main.o(.constdata) refers to main.o(.bss) for m_nrf_twi_mngr_cb
    main.o(.constdata) refers to main.o(nrf_queue) for m_nrf_twi_mngr_queue
    main.o(.constdata) refers to lm75b.o(.data) for lm75b_temp_reg_addr
    main.o(.constdata) refers to main.o(.bss) for m_buffer
    main.o(.constdata) refers to mma7660.o(.data) for mma7660_xout_reg_addr
[...]
    i.unsigned_print                         0x00004994   Section        0  nrf_fprintf_format.o(i.unsigned_print)
    unsigned_print                           0x00004995   Thumb Code   176  nrf_fprintf_format.o(i.unsigned_print)
    i.user_op_alloc                          0x00004a48   Section        0  app_timer.o(i.user_op_alloc)
    user_op_alloc                            0x00004a49   Thumb Code    42  app_timer.o(i.user_op_alloc)
    .constdata                               0x00004a78   Section        8  lm75b.o(.constdata)
    .constdata                               0x00004a80   Section       44  main.o(.constdata)
    m_timer                                  0x00004a80   Data           4  main.o(.constdata)
    m_nrf_twi_mngr                           0x00004a84   Data          24  main.o(.constdata)
    .constdata                               0x00004aac   Section       32  main.o(.constdata)
    transfers                                0x00004aac   Data          32  main.o(.constdata)
    .constdata                               0x00004acc   Section       64  main.o(.constdata)
    transfers                                0x00004acc   Data          64  main.o(.constdata)
    .constdata                               0x00004b0c   Section       16  main.o(.constdata)
    transfers                                0x00004b0c   Data          16  main.o(.constdata)
    .constdata                               0x00004b1c   Section        8  mma7660.o(.constdata)
    .constdata                               0x00004b24   Section        8  boards.o(.constdata)
    m_board_led_list                         0x00004b24   Data           4  boards.o(.constdata)
    m_board_btn_list                         0x00004b28   Data           4  boards.o(.constdata)
    .constdata                               0x00004b2c   Section       44  bsp.o(.constdata)
    m_bsp_leds_tmr                           0x00004b2c   Data           4  bsp.o(.constdata)
    m_bsp_alert_tmr                          0x00004b30   Data           4  bsp.o(.constdata)
    m_bsp_button_tmr                         0x00004b34   Data           4  bsp.o(.constdata)
    app_buttons                              0x00004b38   Data          32  bsp.o(.constdata)
    .constdata                               0x00004b60   Section        6  nrf_drv_twi.o(.constdata)
    delay_bytecode                           0x00004b60   Data           6  nrf_drv_twi.o(.constdata)
    .constdata                               0x00004b68   Section        8  nrfx_gpiote.o(.constdata)
    .constdata                               0x00004b70   Section       24  nrfx_twi.o(.constdata)
    irq_handlers                             0x00004b70   Data           4  nrfx_twi.o(.constdata)
    .constdata                               0x00004b88   Section        4  nrfx_uart.o(.constdata)
    irq_handlers                             0x00004b88   Data           4  nrfx_uart.o(.constdata)
    .constdata                               0x00004b8c   Section        4  nrfx_uarte.o(.constdata)
    irq_handlers                             0x00004b8c   Data           4  nrfx_uarte.o(.constdata)
    .constdata                               0x00004b90   Section        8  app_button.o(.constdata)
    m_detection_delay_timer_id               0x00004b94   Data           4  app_button.o(.constdata)
    .constdata                               0x00004ba0   Section        6  app_timer.o(.constdata)
    delay_bytecode                           0x00004ba0   Data           6  app_timer.o(.constdata)
    .constdata                               0x00004ba6   Section       16  nrf_fprintf_format.o(.constdata)
    _aV2C                                    0x00004ba6   Data          16  nrf_fprintf_format.o(.constdata)
    .constdata                               0x00004bb8   Section       24  nrf_pwr_mgmt.o(.constdata)
    pwr_mgmt_data_array                      0x00004bb8   Data          24  nrf_pwr_mgmt.o(.constdata)
    .constdata                               0x00004bd0   Section       12  nrf_pwr_mgmt.o(.constdata)
    pwr_mgmt_data                            0x00004bd0   Data          12  nrf_pwr_mgmt.o(.constdata)
    .constdata                               0x00004bdc   Section       24  nrf_twi_mngr.o(.constdata)
    .constdata                               0x00004bf4   Section       12  nrf_log_backend_uart.o(.constdata)
    .constdata                               0x00004c00   Section       32  nrf_log_backend_uart.o(.constdata)
    .constdata                               0x00004c20   Section       12  nrf_log_frontend.o(.constdata)
    m_log_push_ringbuf                       0x00004c20   Data          12  nrf_log_frontend.o(.constdata)
    .constdata                               0x00004c2c   Section      129  ctype_o.o(.constdata)
    .constdata                               0x00004cb0   Section        4  ctype_o.o(.constdata)
    table                                    0x00004cb0   Data           4  ctype_o.o(.constdata)
    .conststring                             0x00004cb4   Section      102  nrf_log_str_formatter.o(.conststring)
    .conststrlit                             0x00004d1c   Section        6  nrf_drv_clock.o(.conststrlit)
    .conststrlit                             0x00004d24   Section        6  nrfx_clock.o(.conststrlit)
    .conststrlit                             0x00004d2c   Section        7  nrfx_gpiote.o(.conststrlit)
    .conststrlit                             0x00004d34   Section        4  nrfx_prs.o(.conststrlit)
    .conststrlit                             0x00004d38   Section        4  nrfx_twi.o(.conststrlit)
    .conststrlit                             0x00004d3c   Section        5  nrfx_uart.o(.conststrlit)
    .conststrlit                             0x00004d44   Section        6  nrfx_uarte.o(.conststrlit)
    .conststrlit                             0x00004d4c   Section        9  nrf_pwr_mgmt.o(.conststrlit)
    .conststrlit                             0x00004d58   Section       17  nrf_log_default_backends.o(.conststrlit)
    .conststrlit                             0x00004d6c   Section        4  nrf_log_frontend.o(.conststrlit)
    log_backends                             0x00004d90   Section       16  nrf_log_default_backends.o(log_backends)
    __tagsym$$used                           0x00004d90   Number         0  nrf_log_default_backends.o(log_backends)
    uart_log_backend                         0x00004d90   Data          16  nrf_log_default_backends.o(log_backends)
    log_const_data                           0x00004da0   Section        8  nrf_drv_clock.o(log_const_data)
    __tagsym$$used                           0x00004da0   Number         0  nrf_drv_clock.o(log_const_data)
    log_const_data                           0x00004da8   Section        8  nrfx_clock.o(log_const_data)
    __tagsym$$used                           0x00004da8   Number         0  nrfx_clock.o(log_const_data)
    log_const_data                           0x00004db0   Section        8  nrfx_gpiote.o(log_const_data)
    __tagsym$$used                           0x00004db0   Number         0  nrfx_gpiote.o(log_const_data)
    log_const_data                           0x00004db8   Section        8  nrfx_prs.o(log_const_data)
    __tagsym$$used                           0x00004db8   Number         0  nrfx_prs.o(log_const_data)
    log_const_data                           0x00004dc0   Section        8  nrfx_twi.o(log_const_data)
    __tagsym$$used                           0x00004dc0   Number         0  nrfx_twi.o(log_const_data)
    log_const_data                           0x00004dc8   Section        8  nrfx_uart.o(log_const_data)
    __tagsym$$used                           0x00004dc8   Number         0  nrfx_uart.o(log_const_data)
    log_const_data                           0x00004dd0   Section        8  nrfx_uarte.o(log_const_data)
    __tagsym$$used                           0x00004dd0   Number         0  nrfx_uarte.o(log_const_data)
    log_const_data                           0x00004dd8   Section        8  nrf_pwr_mgmt.o(log_const_data)
    __tagsym$$used                           0x00004dd8   Number         0  nrf_pwr_mgmt.o(log_const_data)
    log_const_data                           0x00004de0   Section        8  nrf_log_frontend.o(log_const_data)
    __tagsym$$used                           0x00004de0   Number         0  nrf_log_frontend.o(log_const_data)
    nrf_balloc                               0x00004de8   Section       20  nrf_log_frontend.o(nrf_balloc)
    __tagsym$$used                           0x00004de8   Number         0  nrf_log_frontend.o(nrf_balloc)
    nrf_queue                                0x00004dfc   Section       20  main.o(nrf_queue)
    __tagsym$$used                           0x00004dfc   Number         0  main.o(nrf_queue)
    .data                                    0x20000000   Section        1  lm75b.o(.data)
    .data                                    0x20000001   Section        1  lm75b.o(.data)
    .data                                    0x20000002   Section        1  lm75b.o(.data)
    .data                                    0x20000003   Section        1  lm75b.o(.data)
    .data                                    0x20000004   Section        2  lm75b.o(.data)
    default_config                           0x20000004   Data           2  lm75b.o(.data)
    .data                                    0x20000008   Section       72  main.o(.data)
    m_sample_idx                             0x20000008   Data           1  main.o(.data)
    m_prev_tilt                              0x20000009   Data           1  main.o(.data)
    m_sum                                    0x2000000a   Data           8  main.o(.data)
    transaction                              0x20000014   Data          20  main.o(.data)
    transaction                              0x20000028   Data          20  main.o(.data)
    transaction                              0x2000003c   Data          20  main.o(.data)
    .data                                    0x20000050   Section        1  mma7660.o(.data)
    .data                                    0x20000051   Section        2  mma7660.o(.data)
    default_config                           0x20000051   Data           2  mma7660.o(.data)
    .data                                    0x20000054   Section       16  bsp.o(.data)
    m_stable_state                           0x20000054   Data           1  bsp.o(.data)
    m_leds_clear                             0x20000055   Data           1  bsp.o(.data)
    m_alert_on                               0x20000056   Data           1  bsp.o(.data)
    current_long_push_pin_no                 0x20000057   Data           1  bsp.o(.data)
    m_indication_type                        0x20000058   Data           4  bsp.o(.data)
    m_registered_callback                    0x2000005c   Data           4  bsp.o(.data)
    release_event_at_push                    0x20000060   Data           4  bsp.o(.data)
    .data                                    0x20000064   Section       16  nrf_drv_twi.o(.data)
    m_handlers                               0x20000064   Data           8  nrf_drv_twi.o(.data)
    m_contexts                               0x2000006c   Data           8  nrf_drv_twi.o(.data)
    .data                                    0x20000074   Section       20  nrf_drv_uart.o(.data)
    m_handlers                               0x20000078   Data           8  nrf_drv_uart.o(.data)
    m_contexts                               0x20000080   Data           8  nrf_drv_uart.o(.data)
    .data                                    0x20000088   Section        8  nrfx_clock.o(.data)
    m_clock_cb                               0x20000088   Data           8  nrfx_clock.o(.data)
    .data                                    0x20000090   Section        8  nrfx_prs.o(.data)
    m_prs_box_4                              0x20000090   Data           8  nrfx_prs.o(.data)
    .data                                    0x20000098   Section       32  app_button.o(.data)
    m_button_count                           0x20000098   Data           1  app_button.o(.data)
    mp_buttons                               0x2000009c   Data           4  app_button.o(.data)
    m_detection_delay                        0x200000a0   Data           4  app_button.o(.data)
    m_pin_state                              0x200000a8   Data           8  app_button.o(.data)
    m_pin_transition                         0x200000b0   Data           8  app_button.o(.data)
    .data                                    0x200000b8   Section       20  app_timer.o(.data)
    m_ticks_elapsed_q_read_ind               0x200000b8   Data           1  app_timer.o(.data)
    m_ticks_elapsed_q_write_ind              0x200000b9   Data           1  app_timer.o(.data)
    m_rtc1_running                           0x200000ba   Data           1  app_timer.o(.data)
    m_rtc1_reset                             0x200000bb   Data           1  app_timer.o(.data)
    mp_timer_id_head                         0x200000bc   Data           4  app_timer.o(.data)
    m_ticks_latest                           0x200000c0   Data           4  app_timer.o(.data)
    m_ticks_elapsed                          0x200000c4   Data           8  app_timer.o(.data)
    .data                                    0x200000cc   Section        4  app_util_platform.o(.data)
    m_in_critical_region                     0x200000cc   Data           4  app_util_platform.o(.data)
    .data                                    0x200000d0   Section        8  nrf_pwr_mgmt.o(.data)
    m_pwr_mgmt_evt                           0x200000d0   Data           1  nrf_pwr_mgmt.o(.data)
    m_shutdown_started                       0x200000d1   Data           1  nrf_pwr_mgmt.o(.data)
    m_sysoff_mtx                             0x200000d4   Data           4  nrf_pwr_mgmt.o(.data)
    .data                                    0x200000d8   Section       24  nrf_log_backend_uart.o(.data)
    m_xfer_done                              0x200000d8   Data           1  nrf_log_backend_uart.o(.data)
    m_async_mode                             0x200000d9   Data           1  nrf_log_backend_uart.o(.data)
    .data                                    0x200000f0   Section        8  nrf_log_default_backends.o(.data)
    log_backend_cb_uart_log_backend          0x200000f0   Data           8  nrf_log_default_backends.o(.data)
    .data                                    0x200000f8   Section        8  nrf_log_frontend.o(.data)
    log_mempool_nrf_balloc_pool_stack        0x200000f8   Data           8  nrf_log_frontend.o(.data)
    .data                                    0x20000100   Section        8  nrf_log_frontend.o(.data)
    log_mempool_nrf_balloc_cb                0x20000100   Data           8  nrf_log_frontend.o(.data)
    .data                                    0x20000108   Section       64  nrf_log_str_formatter.o(.data)
    m_freq                                   0x20000108   Data           4  nrf_log_str_formatter.o(.data)
    m_timestamp_div                          0x2000010c   Data           4  nrf_log_str_formatter.o(.data)
    severity_names                           0x20000110   Data          20  nrf_log_str_formatter.o(.data)
    m_colors                                 0x20000124   Data          36  nrf_log_str_formatter.o(.data)
    .data                                    0x20000148   Section        4  system_nrf52840.o(.data)
    __tagsym$$used                           0x20000148   Number         0  system_nrf52840.o(.data)
    .bss                                     0x2000014c   Section       32  main.o(.bss)
    m_timer_data                             0x2000014c   Data          32  main.o(.bss)
    .bss                                     0x2000016c   Section      107  main.o(.bss)
    m_samples                                0x2000016c   Data          96  main.o(.bss)
    m_buffer                                 0x200001cc   Data          11  main.o(.bss)
    .bss                                     0x200001d8   Section       24  main.o(.bss)
    m_nrf_twi_mngr_queue_nrf_queue_buffer    0x200001d8   Data          24  main.o(.bss)
    .bss                                     0x200001f0   Section       12  main.o(.bss)
    m_nrf_twi_mngr_queue_nrf_queue_cb        0x200001f0   Data          12  main.o(.bss)
    .bss                                     0x200001fc   Section       28  main.o(.bss)
    m_nrf_twi_mngr_cb                        0x200001fc   Data          28  main.o(.bss)
    .bss                                     0x20000218   Section       32  bsp.o(.bss)
    m_bsp_leds_tmr_data                      0x20000218   Data          32  bsp.o(.bss)
    .bss                                     0x20000238   Section       32  bsp.o(.bss)
    m_bsp_alert_tmr_data                     0x20000238   Data          32  bsp.o(.bss)
    .bss                                     0x20000258   Section       12  bsp.o(.bss)
    m_events_list                            0x20000258   Data          12  bsp.o(.bss)
    .bss                                     0x20000264   Section       32  bsp.o(.bss)
    m_bsp_button_tmr_data                    0x20000264   Data          32  bsp.o(.bss)
    .bss                                     0x20000284   Section       20  nrf_drv_clock.o(.bss)
    m_clock_cb                               0x20000284   Data          20  nrf_drv_clock.o(.bss)
    .bss                                     0x20000298   Section      108  nrfx_gpiote.o(.bss)
    m_cb                                     0x20000298   Data         108  nrfx_gpiote.o(.bss)
    .bss                                     0x20000304   Section       60  nrfx_twi.o(.bss)
    m_cb                                     0x20000304   Data          60  nrfx_twi.o(.bss)
    .bss                                     0x20000340   Section       44  nrfx_uart.o(.bss)
    m_cb                                     0x20000340   Data          44  nrfx_uart.o(.bss)
    .bss                                     0x2000036c   Section       36  nrfx_uarte.o(.bss)
    m_cb                                     0x2000036c   Data          36  nrfx_uarte.o(.bss)
    .bss                                     0x20000390   Section       32  app_button.o(.bss)
    m_detection_delay_timer_id_data          0x20000390   Data          32  app_button.o(.bss)
    .bss                                     0x200003b0   Section      268  app_timer.o(.bss)
    m_op_queue                               0x200003b0   Data         268  app_timer.o(.bss)
    .bss                                     0x200004bc   Section       12  nrf_pwr_mgmt.o(.bss)
    m_handlers_iter                          0x200004bc   Data          12  nrf_pwr_mgmt.o(.bss)
    .bss                                     0x200004c8   Section       64  nrf_log_backend_uart.o(.bss)
    m_string_buff                            0x200004c8   Data          64  nrf_log_backend_uart.o(.bss)
    .bss                                     0x20000508   Section      192  nrf_log_frontend.o(.bss)
    log_mempool_nrf_balloc_pool_mem          0x20000508   Data         192  nrf_log_frontend.o(.bss)
    .bss                                     0x200005c8   Section      128  nrf_log_frontend.o(.bss)
    m_log_push_ringbuf_buf                   0x200005c8   Data         128  nrf_log_frontend.o(.bss)
    .bss                                     0x20000648   Section       24  nrf_log_frontend.o(.bss)
    m_log_push_ringbuf_cb                    0x20000648   Data          24  nrf_log_frontend.o(.bss)
    .bss                                     0x20000660   Section     1060  nrf_log_frontend.o(.bss)
    m_log_data                               0x20000660   Data        1060  nrf_log_frontend.o(.bss)
    STACK                                    0x20000a88   Section     8192  arm_startup_nrf52840.o(STACK)

    Global Symbols

    Symbol Name                              Value     Ov Type        Size  Object(Section)

    BuildAttributes$$THM_ISAv4$E$P$D$K$B$S$7EM$VFPi3$EXTD16$VFPS$VFMA$PE$A:L22UL41UL21$X:L11$S22US41US21$IEEE1$IW$USESV6$~STKCKD$USESV7$~SHL$OTIME$ROPI$EBA8$MICROLIB$REQ8$EABIv2 0x00000000   Number         0  anon$$obj.o ABSOLUTE
    __ARM_use_no_argv                        0x00000000   Number         0  main.o ABSOLUTE
    __Vectors                                0x00000000   Data           4  arm_startup_nrf52840.o(RESET)
    __use_no_errno                           0x00000000   Number         0  useno.o ABSOLUTE
    __use_no_exception_handling              0x00000000   Number         0  useno.o ABSOLUTE
    __use_no_fp                              0x00000000   Number         0  useno.o ABSOLUTE
    __use_no_heap                            0x00000000   Number         0  useno.o ABSOLUTE
    __use_no_heap_region                     0x00000000   Number         0  useno.o ABSOLUTE
    __use_no_semihosting                     0x00000000   Number         0  useno.o ABSOLUTE
    __use_no_semihosting_swi                 0x00000000   Number         0  useno.o ABSOLUTE
    __use_no_signal_handling                 0x00000000   Number         0  useno.o ABSOLUTE
    __cpp_initialize__aeabi_                  - Undefined Weak Reference
    __cxa_finalize                            - Undefined Weak Reference
    _clock_init                               - Undefined Weak Reference
    _microlib_exit                            - Undefined Weak Reference
    log_dynamic_data$$Base                    - Undefined Reference
    pwr_mgmt_data0$$Base                      - Undefined Reference
    pwr_mgmt_data0$$Limit                     - Undefined Reference
    pwr_mgmt_data1$$Base                      - Undefined Reference
    pwr_mgmt_data1$$Limit                     - Undefined Reference
    pwr_mgmt_data2$$Base                      - Undefined Reference
    pwr_mgmt_data2$$Limit                     - Undefined Reference
    __Vectors_End                            0x00000200   Data           0  arm_startup_nrf52840.o(RESET)
    __Vectors_Size                           0x00000200   Number         0  arm_startup_nrf52840.o ABSOLUTE
    __main                                   0x00000201   Thumb Code     0  entry.o(.ARM.Collect$$$$00000000)
    _main_stk                                0x00000201   Thumb Code     0  entry2.o(.ARM.Collect$$$$00000001)
    _main_scatterload                        0x00000205   Thumb Code     0  entry5.o(.ARM.Collect$$$$00000004)
    __main_after_scatterload                 0x00000209   Thumb Code     0  entry5.o(.ARM.Collect$$$$00000004)
    _main_clock                              0x00000209   Thumb Code     0  entry7b.o(.ARM.Collect$$$$00000008)
    _main_cpp_init                           0x00000209   Thumb Code     0  entry8b.o(.ARM.Collect$$$$0000000A)
    _main_init                               0x00000209   Thumb Code     0  entry9a.o(.ARM.Collect$$$$0000000B)
    __rt_final_cpp                           0x00000211   Thumb Code     0  entry10a.o(.ARM.Collect$$$$0000000D)
    __rt_final_exit                          0x00000211   Thumb Code     0  entry11a.o(.ARM.Collect$$$$0000000F)
    __asm___12_nrf_atomic_c_85ca2469__nrf_atomic_internal_mov 0x00000215   Thumb Code    24  nrf_atomic.o(.emb_text)
    __asm___12_nrf_atomic_c_85ca2469__nrf_atomic_internal_orr 0x0000022d   Thumb Code    26  nrf_atomic.o(.emb_text)
    __asm___12_nrf_atomic_c_85ca2469__nrf_atomic_internal_and 0x00000247   Thumb Code    26  nrf_atomic.o(.emb_text)
    __asm___12_nrf_atomic_c_85ca2469__nrf_atomic_internal_eor 0x00000261   Thumb Code    26  nrf_atomic.o(.emb_text)
    __asm___12_nrf_atomic_c_85ca2469__nrf_atomic_internal_add 0x0000027b   Thumb Code    26  nrf_atomic.o(.emb_text)
    __asm___12_nrf_atomic_c_85ca2469__nrf_atomic_internal_sub 0x00000295   Thumb Code    26  nrf_atomic.o(.emb_text)
    __asm___12_nrf_atomic_c_85ca2469__nrf_atomic_internal_cmp_exch 0x000002af   Thumb Code    42  nrf_atomic.o(.emb_text)
    __asm___12_nrf_atomic_c_85ca2469__nrf_atomic_internal_sub_hs 0x000002d9   Thumb Code    30  nrf_atomic.o(.emb_text)
    Reset_Handler                            0x000002f9   Thumb Code     8  arm_startup_nrf52840.o(.text)
    NMI_Handler                              0x00000301   Thumb Code     2  arm_startup_nrf52840.o(.text)
    HardFault_Handler                        0x00000303   Thumb Code     2  arm_startup_nrf52840.o(.text)
    MemoryManagement_Handler                 0x00000305   Thumb Code     2  arm_startup_nrf52840.o(.text)
    BusFault_Handler                         0x00000307   Thumb Code     2  arm_startup_nrf52840.o(.text)
    UsageFault_Handler                       0x00000309   Thumb Code     2  arm_startup_nrf52840.o(.text)
    SVC_Handler                              0x0000030b   Thumb Code     2  arm_startup_nrf52840.o(.text)
    DebugMon_Handler                         0x0000030d   Thumb Code     2  arm_startup_nrf52840.o(.text)
    PendSV_Handler                           0x0000030f   Thumb Code     2  arm_startup_nrf52840.o(.text)
    SysTick_Handler                          0x00000311   Thumb Code     2  arm_startup_nrf52840.o(.text)
    CCM_AAR_IRQHandler                       0x00000313   Thumb Code     0  arm_startup_nrf52840.o(.text)
    COMP_LPCOMP_IRQHandler                   0x00000313   Thumb Code     0  arm_startup_nrf52840.o(.text)
    CRYPTOCELL_IRQHandler                    0x00000313   Thumb Code     0  arm_startup_nrf52840.o(.text)
    ECB_IRQHandler                           0x00000313   Thumb Code     0  arm_startup_nrf52840.o(.text)
    FPU_IRQHandler                           0x00000313   Thumb Code     0  arm_startup_nrf52840.o(.text)
    I2S_IRQHandler                           0x00000313   Thumb Code     0  arm_startup_nrf52840.o(.text)
    MWU_IRQHandler                           0x00000313   Thumb Code     0  arm_startup_nrf52840.o(.text)
    NFCT_IRQHandler                          0x00000313   Thumb Code     0  arm_startup_nrf52840.o(.text)
    PDM_IRQHandler                           0x00000313   Thumb Code     0  arm_startup_nrf52840.o(.text)
    PWM0_IRQHandler                          0x00000313   Thumb Code     0  arm_startup_nrf52840.o(.text)
    PWM1_IRQHandler                          0x00000313   Thumb Code     0  arm_startup_nrf52840.o(.text)
    PWM2_IRQHandler                          0x00000313   Thumb Code     0  arm_startup_nrf52840.o(.text)
    PWM3_IRQHandler                          0x00000313   Thumb Code     0  arm_startup_nrf52840.o(.text)
    QDEC_IRQHandler                          0x00000313   Thumb Code     0  arm_startup_nrf52840.o(.text)
    QSPI_IRQHandler                          0x00000313   Thumb Code     0  arm_startup_nrf52840.o(.text)
    RADIO_IRQHandler                         0x00000313   Thumb Code     0  arm_startup_nrf52840.o(.text)
    RNG_IRQHandler                           0x00000313   Thumb Code     0  arm_startup_nrf52840.o(.text)
    RTC0_IRQHandler                          0x00000313   Thumb Code     0  arm_startup_nrf52840.o(.text)
    RTC2_IRQHandler                          0x00000313   Thumb Code     0  arm_startup_nrf52840.o(.text)
    SAADC_IRQHandler                         0x00000313   Thumb Code     0  arm_startup_nrf52840.o(.text)
    SPIM1_SPIS1_TWIM1_TWIS1_SPI1_TWI1_IRQHandler 0x00000313   Thumb Code     0  arm_startup_nrf52840.o(.text)
    SPIM2_SPIS2_SPI2_IRQHandler              0x00000313   Thumb Code     0  arm_startup_nrf52840.o(.text)
    SPIM3_IRQHandler                         0x00000313   Thumb Code     0  arm_startup_nrf52840.o(.text)
    SWI1_EGU1_IRQHandler                     0x00000313   Thumb Code     0  arm_startup_nrf52840.o(.text)
    SWI2_EGU2_IRQHandler                     0x00000313   Thumb Code     0  arm_startup_nrf52840.o(.text)
    SWI3_EGU3_IRQHandler                     0x00000313   Thumb Code     0  arm_startup_nrf52840.o(.text)
    SWI4_EGU4_IRQHandler                     0x00000313   Thumb Code     0  arm_startup_nrf52840.o(.text)
    SWI5_EGU5_IRQHandler                     0x00000313   Thumb Code     0  arm_startup_nrf52840.o(.text)
    TEMP_IRQHandler                          0x00000313   Thumb Code     0  arm_startup_nrf52840.o(.text)
    TIMER0_IRQHandler                        0x00000313   Thumb Code     0  arm_startup_nrf52840.o(.text)
    TIMER1_IRQHandler                        0x00000313   Thumb Code     0  arm_startup_nrf52840.o(.text)
    TIMER2_IRQHandler                        0x00000313   Thumb Code     0  arm_startup_nrf52840.o(.text)
    TIMER3_IRQHandler                        0x00000313   Thumb Code     0  arm_startup_nrf52840.o(.text)
    TIMER4_IRQHandler                        0x00000313   Thumb Code     0  arm_startup_nrf52840.o(.text)
    UARTE1_IRQHandler                        0x00000313   Thumb Code     0  arm_startup_nrf52840.o(.text)
    USBD_IRQHandler                          0x00000313   Thumb Code     0  arm_startup_nrf52840.o(.text)
    WDT_IRQHandler                           0x00000313   Thumb Code     0  arm_startup_nrf52840.o(.text)
    __aeabi_uldivmod                         0x0000031d   Thumb Code    98  uldiv.o(.text)
    __aeabi_llsl                             0x0000037f   Thumb Code    30  llshl.o(.text)
    _ll_shift_l                              0x0000037f   Thumb Code     0  llshl.o(.text)
    __rt_ctype_table                         0x0000039d   Thumb Code     4  ctype_o.o(.text)
    __aeabi_memcpy                           0x000003a5   Thumb Code    36  memcpya.o(.text)
    __aeabi_memcpy4                          0x000003a5   Thumb Code     0  memcpya.o(.text)
    __aeabi_memcpy8                          0x000003a5   Thumb Code     0  memcpya.o(.text)
    __aeabi_memset                           0x000003c9   Thumb Code    14  memseta.o(.text)
    __aeabi_memset4                          0x000003c9   Thumb Code     0  memseta.o(.text)
    __aeabi_memset8                          0x000003c9   Thumb Code     0  memseta.o(.text)
    __aeabi_memclr                           0x000003d7   Thumb Code     4  memseta.o(.text)
    __aeabi_memclr4                          0x000003d7   Thumb Code     0  memseta.o(.text)
    __aeabi_memclr8                          0x000003d7   Thumb Code     0  memseta.o(.text)
    _memset$wrapper                          0x000003db   Thumb Code    18  memseta.o(.text)
    strlen                                   0x000003ed   Thumb Code    14  strlen.o(.text)
    memcmp                                   0x000003fb   Thumb Code    26  memcmp.o(.text)
    __aeabi_dmul                             0x00000415   Thumb Code   228  dmul.o(.text)
    __aeabi_i2d                              0x000004f9   Thumb Code    34  dflti.o(.text)
    __aeabi_d2f                              0x0000051b   Thumb Code    56  d2f.o(.text)
    __aeabi_llsr                             0x00000553   Thumb Code    32  llushr.o(.text)
    _ll_ushift_r                             0x00000553   Thumb Code     0  llushr.o(.text)
    __I$use$fp                               0x00000573   Thumb Code     0  iusefp.o(.text)
    _float_round                             0x00000573   Thumb Code    18  fepilogue.o(.text)
    _float_epilogue                          0x00000585   Thumb Code    92  fepilogue.o(.text)
    _double_round                            0x000005e1   Thumb Code    30  depilogue.o(.text)
    _double_epilogue                         0x000005ff   Thumb Code   156  depilogue.o(.text)
    __scatterload                            0x0000069d   Thumb Code    28  init.o(.text)
    __scatterload_rt2                        0x0000069d   Thumb Code     0  init.o(.text)
    __decompress                             0x000006c1   Thumb Code     0  __dczerorl.o(.text)
    __decompress0                            0x000006c1   Thumb Code    58  __dczerorl.o(.text)
    GPIOTE_IRQHandler                        0x000006fd   Thumb Code   428  nrfx_gpiote.o(i.GPIOTE_IRQHandler)
    POWER_CLOCK_IRQHandler                   0x00000915   Thumb Code    82  nrfx_clock.o(i.POWER_CLOCK_IRQHandler)
    RTC1_IRQHandler                          0x0000096d   Thumb Code    32  app_timer.o(i.RTC1_IRQHandler)
    SPIM0_SPIS0_TWIM0_TWIS0_SPI0_TWI0_IRQHandler 0x00000991   Thumb Code     8  nrfx_twi.o(i.SPIM0_SPIS0_TWIM0_TWIS0_SPI0_TWI0_IRQHandler)
    SWI0_EGU0_IRQHandler                     0x000009a1   Thumb Code     4  app_timer.o(i.SWI0_EGU0_IRQHandler)
    SystemInit                               0x000009a5   Thumb Code   416  system_nrf52840.o(i.SystemInit)
    UARTE0_UART0_IRQHandler                  0x00000b81   Thumb Code     6  nrfx_prs.o(i.UARTE0_UART0_IRQHandler)
    __scatterload_copy                       0x00000b8d   Thumb Code    14  handlers.o(i.__scatterload_copy)
    __scatterload_null                       0x00000b9b   Thumb Code     2  handlers.o(i.__scatterload_null)
    __scatterload_zeroinit                   0x00000b9d   Thumb Code    14  handlers.o(i.__scatterload_zeroinit)
    app_button_enable                        0x00000bb1   Thumb Code    32  app_button.o(i.app_button_enable)
    app_button_init                          0x00000bd5   Thumb Code   102  app_button.o(i.app_button_init)
    app_error_fault_handler                  0x00000c4d   Thumb Code    86  app_error_weak.o(i.app_error_fault_handler)
    app_error_handler_bare                   0x00000cd1   Thumb Code    22  app_error.o(i.app_error_handler_bare)
    app_timer_create                         0x00000ce9   Thumb Code    36  app_timer.o(i.app_timer_create)
    app_timer_init                           0x00000d11   Thumb Code    70  app_timer.o(i.app_timer_init)
    app_timer_start                          0x00000d65   Thumb Code   120  app_timer.o(i.app_timer_start)
    app_timer_stop                           0x00000de5   Thumb Code    26  app_timer.o(i.app_timer_stop)
    app_util_critical_region_enter           0x00000e05   Thumb Code     4  app_util_platform.o(i.app_util_critical_region_enter)
    app_util_critical_region_exit            0x00000e09   Thumb Code     4  app_util_platform.o(i.app_util_critical_region_exit)
    app_util_disable_irq                     0x00000e0d   Thumb Code    12  app_util_platform.o(i.app_util_disable_irq)
    app_util_enable_irq                      0x00000e1d   Thumb Code    14  app_util_platform.o(i.app_util_enable_irq)
    bsp_board_init                           0x00000f1d   Thumb Code    80  boards.o(i.bsp_board_init)
    bsp_board_led_invert                     0x00000f71   Thumb Code    40  boards.o(i.bsp_board_led_invert)
    bsp_board_led_off                        0x00000f9d   Thumb Code    10  boards.o(i.bsp_board_led_off)
    bsp_board_led_on                         0x00000fad   Thumb Code    10  boards.o(i.bsp_board_led_on)
    bsp_board_led_state_get                  0x00000fbd   Thumb Code    36  boards.o(i.bsp_board_led_state_get)
    bsp_board_leds_off                       0x00000fe5   Thumb Code    18  boards.o(i.bsp_board_leds_off)
    bsp_board_leds_on                        0x00000ff7   Thumb Code    18  boards.o(i.bsp_board_leds_on)
    bsp_board_pin_to_button_idx              0x00001009   Thumb Code    30  boards.o(i.bsp_board_pin_to_button_idx)
    bsp_event_to_button_action_assign        0x000010ed   Thumb Code    64  bsp.o(i.bsp_event_to_button_action_assign)
    bsp_init                                 0x00001131   Thumb Code   128  bsp.o(i.bsp_init)
    buffer_is_empty                          0x00001435   Thumb Code    16  nrf_log_frontend.o(i.buffer_is_empty)
    log_init                                 0x000019dd   Thumb Code    26  main.o(i.log_init)
    main                                     0x00001a95   Thumb Code   182  main.o(i.main)
    nrf_atomic_flag_clear_fetch              0x00001c39   Thumb Code     6  nrf_atomic.o(i.nrf_atomic_flag_clear_fetch)
    nrf_atomic_flag_set                      0x00001c3f   Thumb Code     6  nrf_atomic.o(i.nrf_atomic_flag_set)
    nrf_atomic_u32_add                       0x00001c45   Thumb Code    12  nrf_atomic.o(i.nrf_atomic_u32_add)
    nrf_atomic_u32_fetch_and                 0x00001c51   Thumb Code    10  nrf_atomic.o(i.nrf_atomic_u32_fetch_and)
    nrf_atomic_u32_fetch_store               0x00001c5b   Thumb Code    10  nrf_atomic.o(i.nrf_atomic_u32_fetch_store)
    nrf_atomic_u32_or                        0x00001c65   Thumb Code    12  nrf_atomic.o(i.nrf_atomic_u32_or)
    nrf_atomic_u32_sub                       0x00001c71   Thumb Code    12  nrf_atomic.o(i.nrf_atomic_u32_sub)
    nrf_balloc_alloc                         0x00001c7d   Thumb Code    62  nrf_balloc.o(i.nrf_balloc_alloc)
    nrf_balloc_free                          0x00001cbb   Thumb Code    42  nrf_balloc.o(i.nrf_balloc_free)
    nrf_balloc_init                          0x00001ce5   Thumb Code    48  nrf_balloc.o(i.nrf_balloc_init)
    nrf_drv_clock_init                       0x00001d59   Thumb Code    42  nrf_drv_clock.o(i.nrf_drv_clock_init)
    nrf_drv_clock_lfclk_request              0x00001d8d   Thumb Code    68  nrf_drv_clock.o(i.nrf_drv_clock_lfclk_request)
    nrf_drv_twi_init                         0x00001dd5   Thumb Code    56  nrf_drv_twi.o(i.nrf_drv_twi_init)
    nrf_drv_uart_init                        0x00001e15   Thumb Code    90  nrf_drv_uart.o(i.nrf_drv_uart_init)
    nrf_fprintf                              0x00001e7d   Thumb Code    26  nrf_fprintf.o(i.nrf_fprintf)
    nrf_fprintf_buffer_flush                 0x00001e97   Thumb Code    24  nrf_fprintf.o(i.nrf_fprintf_buffer_flush)
    nrf_fprintf_fmt                          0x00001eaf   Thumb Code   474  nrf_fprintf_format.o(i.nrf_fprintf_fmt)
    nrf_log_backend_add                      0x000023a1   Thumb Code    86  nrf_log_frontend.o(i.nrf_log_backend_add)
    nrf_log_backend_serial_put               0x000023fd   Thumb Code   200  nrf_log_backend_serial.o(i.nrf_log_backend_serial_put)
    nrf_log_backend_uart_init                0x000024c7   Thumb Code     6  nrf_log_backend_uart.o(i.nrf_log_backend_uart_init)
    nrf_log_color_id_get                     0x00002511   Thumb Code    42  nrf_log_frontend.o(i.nrf_log_color_id_get)
    nrf_log_default_backends_init            0x00002541   Thumb Code    24  nrf_log_default_backends.o(i.nrf_log_default_backends_init)
    nrf_log_frontend_dequeue                 0x0000255d   Thumb Code   522  nrf_log_frontend.o(i.nrf_log_frontend_dequeue)
    nrf_log_frontend_std_0                   0x0000278d   Thumb Code     8  nrf_log_frontend.o(i.nrf_log_frontend_std_0)
    nrf_log_frontend_std_1                   0x00002795   Thumb Code    14  nrf_log_frontend.o(i.nrf_log_frontend_std_1)
    nrf_log_frontend_std_3                   0x000027a3   Thumb Code    18  nrf_log_frontend.o(i.nrf_log_frontend_std_3)
    nrf_log_frontend_std_6                   0x000027b5   Thumb Code    28  nrf_log_frontend.o(i.nrf_log_frontend_std_6)
    nrf_log_hexdump_entry_process            0x000027d1   Thumb Code   146  nrf_log_str_formatter.o(i.nrf_log_hexdump_entry_process)
    nrf_log_init                             0x0000287d   Thumb Code    46  nrf_log_frontend.o(i.nrf_log_init)
    nrf_log_module_cnt_get                   0x000028b9   Thumb Code    10  nrf_log_frontend.o(i.nrf_log_module_cnt_get)
    nrf_log_module_name_get                  0x000028cd   Thumb Code    24  nrf_log_frontend.o(i.nrf_log_module_name_get)
    nrf_log_panic                            0x000028e9   Thumb Code    38  nrf_log_frontend.o(i.nrf_log_panic)
    nrf_log_std_entry_process                0x00002915   Thumb Code   182  nrf_log_str_formatter.o(i.nrf_log_std_entry_process)
    nrf_memobj_alloc                         0x000029cb   Thumb Code    96  nrf_memobj.o(i.nrf_memobj_alloc)
    nrf_memobj_free                          0x00002a2b   Thumb Code    50  nrf_memobj.o(i.nrf_memobj_free)
    nrf_memobj_get                           0x00002a5d   Thumb Code     8  nrf_memobj.o(i.nrf_memobj_get)
    nrf_memobj_pool_init                     0x00002a65   Thumb Code     4  nrf_memobj.o(i.nrf_memobj_pool_init)
    nrf_memobj_put                           0x00002a69   Thumb Code    30  nrf_memobj.o(i.nrf_memobj_put)
    nrf_memobj_read                          0x00002a87   Thumb Code    16  nrf_memobj.o(i.nrf_memobj_read)
    nrf_memobj_write                         0x00002a97   Thumb Code    16  nrf_memobj.o(i.nrf_memobj_write)
    nrf_pwr_mgmt_init                        0x00002aa9   Thumb Code    28  nrf_pwr_mgmt.o(i.nrf_pwr_mgmt_init)
    nrf_pwr_mgmt_run                         0x00002ad1   Thumb Code    46  nrf_pwr_mgmt.o(i.nrf_pwr_mgmt_run)
    nrf_queue_generic_pop                    0x00002b05   Thumb Code   136  nrf_queue.o(i.nrf_queue_generic_pop)
    nrf_queue_is_empty                       0x00002b8d   Thumb Code    18  nrf_queue.o(i.nrf_queue_is_empty)
    nrf_queue_is_full                        0x00002b9f   Thumb Code    30  nrf_queue.o(i.nrf_queue_is_full)
    nrf_queue_push                           0x00002bcb   Thumb Code   172  nrf_queue.o(i.nrf_queue_push)
    nrf_ringbuf_init                         0x00002c77   Thumb Code    28  nrf_ringbuf.o(i.nrf_ringbuf_init)
    nrf_section_iter_init                    0x00002c93   Thumb Code    10  nrf_section_iter.o(i.nrf_section_iter_init)
    nrf_twi_mngr_init                        0x00002cd9   Thumb Code    56  nrf_twi_mngr.o(i.nrf_twi_mngr_init)
    nrf_twi_mngr_perform                     0x00002d15   Thumb Code    82  nrf_twi_mngr.o(i.nrf_twi_mngr_perform)
    nrf_twi_mngr_schedule                    0x00002d6d   Thumb Code    28  nrf_twi_mngr.o(i.nrf_twi_mngr_schedule)
    nrfx_clock_enable                        0x00002dc1   Thumb Code    38  nrfx_clock.o(i.nrfx_clock_enable)
    nrfx_clock_init                          0x00002df1   Thumb Code    26  nrfx_clock.o(i.nrfx_clock_init)
    nrfx_clock_lfclk_start                   0x00002e11   Thumb Code    26  nrfx_clock.o(i.nrfx_clock_lfclk_start)
    nrfx_gpiote_in_event_enable              0x00002e51   Thumb Code   144  nrfx_gpiote.o(i.nrfx_gpiote_in_event_enable)
    nrfx_gpiote_in_init                      0x00002ee9   Thumb Code   200  nrfx_gpiote.o(i.nrfx_gpiote_in_init)
    nrfx_gpiote_in_is_set                    0x00002fbd   Thumb Code    14  nrfx_gpiote.o(i.nrfx_gpiote_in_is_set)
    nrfx_gpiote_init                         0x00002fcd   Thumb Code   104  nrfx_gpiote.o(i.nrfx_gpiote_init)
    nrfx_gpiote_is_init                      0x00003041   Thumb Code    14  nrfx_gpiote.o(i.nrfx_gpiote_is_init)
    nrfx_prs_acquire                         0x00003065   Thumb Code    48  nrfx_prs.o(i.nrfx_prs_acquire)
    nrfx_prs_release                         0x00003095   Thumb Code    18  nrfx_prs.o(i.nrfx_prs_release)
    nrfx_twi_disable                         0x000030a9   Thumb Code    46  nrfx_twi.o(i.nrfx_twi_disable)
    nrfx_twi_enable                          0x000030e1   Thumb Code    28  nrfx_twi.o(i.nrfx_twi_enable)
    nrfx_twi_init                            0x00003101   Thumb Code   214  nrfx_twi.o(i.nrfx_twi_init)
    nrfx_twi_uninit                          0x000031e1   Thumb Code    92  nrfx_twi.o(i.nrfx_twi_uninit)
    nrfx_twi_xfer                            0x00003241   Thumb Code    30  nrfx_twi.o(i.nrfx_twi_xfer)
    nrfx_uart_0_irq_handler                  0x00003265   Thumb Code     8  nrfx_uart.o(i.nrfx_uart_0_irq_handler)
    nrfx_uart_init                           0x00003275   Thumb Code   200  nrfx_uart.o(i.nrfx_uart_init)
    nrfx_uart_tx                             0x00003349   Thumb Code   160  nrfx_uart.o(i.nrfx_uart_tx)
    nrfx_uart_tx_in_progress                 0x000033ed   Thumb Code    26  nrfx_uart.o(i.nrfx_uart_tx_in_progress)
    nrfx_uart_uninit                         0x0000340d   Thumb Code   170  nrfx_uart.o(i.nrfx_uart_uninit)
    nrfx_uarte_0_irq_handler                 0x000034c1   Thumb Code     8  nrfx_uarte.o(i.nrfx_uarte_0_irq_handler)
    nrfx_uarte_init                          0x000034d1   Thumb Code   100  nrfx_uarte.o(i.nrfx_uarte_init)
    nrfx_uarte_tx                            0x0000353d   Thumb Code   138  nrfx_uarte.o(i.nrfx_uarte_tx)
    nrfx_uarte_tx_in_progress                0x000035cd   Thumb Code    22  nrfx_uarte.o(i.nrfx_uarte_tx_in_progress)
    nrfx_uarte_uninit                        0x000035e9   Thumb Code   166  nrfx_uarte.o(i.nrfx_uarte_uninit)
    read_all_cb                              0x000037cd   Thumb Code   794  main.o(i.read_all_cb)
    read_init                                0x00003b91   Thumb Code    46  main.o(i.read_init)
    timer_handler                            0x00003f21   Thumb Code    26  main.o(i.timer_handler)
    lm75b_init_transfers                     0x00004a78   Data           8  lm75b.o(.constdata)
    mma7660_init_transfers                   0x00004b1c   Data           8  mma7660.o(.constdata)
    nrf_log_backend_uart_api                 0x00004bf4   Data          12  nrf_log_backend_uart.o(.constdata)
    __ctype_table                            0x00004c2c   Data         129  ctype_o.o(.constdata)
    Region$$Table$$Base                      0x00004d70   Number         0  anon$$obj.o(Region$$Table)
    Region$$Table$$Limit                     0x00004d90   Number         0  anon$$obj.o(Region$$Table)
    log_const_data$$Base                     0x00004da0   Number         0  nrf_drv_clock.o(log_const_data)
    m_nrf_log_clock_logs_data_const          0x00004da0   Data           8  nrf_drv_clock.o(log_const_data)
    m_nrf_log_CLOCK_logs_data_const          0x00004da8   Data           8  nrfx_clock.o(log_const_data)
    m_nrf_log_GPIOTE_logs_data_const         0x00004db0   Data           8  nrfx_gpiote.o(log_const_data)
    m_nrf_log_PRS_logs_data_const            0x00004db8   Data           8  nrfx_prs.o(log_const_data)
    m_nrf_log_TWI_logs_data_const            0x00004dc0   Data           8  nrfx_twi.o(log_const_data)
    m_nrf_log_UART_logs_data_const           0x00004dc8   Data           8  nrfx_uart.o(log_const_data)
    m_nrf_log_UARTE_logs_data_const          0x00004dd0   Data           8  nrfx_uarte.o(log_const_data)
    m_nrf_log_pwr_mgmt_logs_data_const       0x00004dd8   Data           8  nrf_pwr_mgmt.o(log_const_data)
    m_nrf_log_app_logs_data_const            0x00004de0   Data           8  nrf_log_frontend.o(log_const_data)
    log_const_data$$Limit                    0x00004de8   Number         0  nrf_log_frontend.o(log_const_data)
    log_mempool                              0x00004de8   Data          20  nrf_log_frontend.o(nrf_balloc)
    m_nrf_twi_mngr_queue                     0x00004dfc   Data          20  main.o(nrf_queue)
    lm75b_conf_reg_addr                      0x20000000   Data           1  lm75b.o(.data)
    lm75b_temp_reg_addr                      0x20000001   Data           1  lm75b.o(.data)
    lm75b_tos_reg_addr                       0x20000002   Data           1  lm75b.o(.data)
    lm75b_thyst_reg_addr                     0x20000003   Data           1  lm75b.o(.data)
    mma7660_xout_reg_addr                    0x20000050   Data           1  mma7660.o(.data)
    nrf_drv_uart_use_easy_dma                0x20000074   Data           2  nrf_drv_uart.o(.data)
    m_uart                                   0x200000dc   Data          20  nrf_log_backend_uart.o(.data)
    SystemCoreClock                          0x20000148   Data           4  system_nrf52840.o(.data)
    __initial_sp                             0x20002a88   Data           0  arm_startup_nrf52840.o(STACK)



==============================================================================

Memory Map of the image

  Image Entry point : 0x00000201

  Load Region LR_IROM1 (Base: 0x00000000, Size: 0x00004f5c, Max: 0x00100000, ABSOLUTE, COMPRESSED[0x00004e6c])

    Execution Region ER_IROM1 (Exec base: 0x00000000, Load base: 0x00000000, Size: 0x00004e10, Max: 0x00100000, ABSOLUTE)

    Exec Addr    Load Addr    Size         Type   Attr      Idx    E Section Name        Object

    0x00000000   0x00000000   0x00000200   Data   RO         4129    RESET               arm_startup_nrf52840.o
    0x00000200   0x00000200   0x00000000   Code   RO         4170  * .ARM.Collect$$$$00000000  mc_w.l(entry.o)
    0x00000200   0x00000200   0x00000004   Code   RO         4230    .ARM.Collect$$$$00000001  mc_w.l(entry2.o)
    0x00000204   0x00000204   0x00000004   Code   RO         4233    .ARM.Collect$$$$00000004  mc_w.l(entry5.o)
    0x00000208   0x00000208   0x00000000   Code   RO         4235    .ARM.Collect$$$$00000008  mc_w.l(entry7b.o)
    0x00000208   0x00000208   0x00000000   Code   RO         4237    .ARM.Collect$$$$0000000A  mc_w.l(entry8b.o)
    0x00000208   0x00000208   0x00000008   Code   RO         4238    .ARM.Collect$$$$0000000B  mc_w.l(entry9a.o)
    0x00000210   0x00000210   0x00000000   Code   RO         4240    .ARM.Collect$$$$0000000D  mc_w.l(entry10a.o)
    0x00000210   0x00000210   0x00000000   Code   RO         4242    .ARM.Collect$$$$0000000F  mc_w.l(entry11a.o)
    0x00000210   0x00000210   0x00000004   Code   RO         4231    .ARM.Collect$$$$00002712  mc_w.l(entry2.o)
    0x00000214   0x00000214   0x000000e2   Code   RO         2613    .emb_text           nrf_atomic.o
    0x000002f6   0x000002f6   0x00000002   PAD
    0x000002f8   0x000002f8   0x00000024   Code   RO         4130    .text               arm_startup_nrf52840.o
    0x0000031c   0x0000031c   0x00000062   Code   RO         4178    .text               mc_w.l(uldiv.o)
    0x0000037e   0x0000037e   0x0000001e   Code   RO         4180    .text               mc_w.l(llshl.o)
    0x0000039c   0x0000039c   0x00000008   Code   RO         4182    .text               mc_w.l(ctype_o.o)
    0x000003a4   0x000003a4   0x00000024   Code   RO         4210    .text               mc_w.l(memcpya.o)
    0x000003c8   0x000003c8   0x00000024   Code   RO         4212    .text               mc_w.l(memseta.o)
    0x000003ec   0x000003ec   0x0000000e   Code   RO         4214    .text               mc_w.l(strlen.o)
    0x000003fa   0x000003fa   0x0000001a   Code   RO         4218    .text               mc_w.l(memcmp.o)
    0x00000414   0x00000414   0x000000e4   Code   RO         4224    .text               mf_w.l(dmul.o)
    0x000004f8   0x000004f8   0x00000022   Code   RO         4226    .text               mf_w.l(dflti.o)
    0x0000051a   0x0000051a   0x00000038   Code   RO         4228    .text               mf_w.l(d2f.o)
    0x00000552   0x00000552   0x00000020   Code   RO         4245    .text               mc_w.l(llushr.o)
    0x00000572   0x00000572   0x00000000   Code   RO         4247    .text               mc_w.l(iusefp.o)
    0x00000572   0x00000572   0x0000006e   Code   RO         4249    .text               mf_w.l(fepilogue.o)
    0x000005e0   0x000005e0   0x000000ba   Code   RO         4251    .text               mf_w.l(depilogue.o)
    0x0000069a   0x0000069a   0x00000002   PAD
    0x0000069c   0x0000069c   0x00000024   Code   RO         4253    .text               mc_w.l(init.o)
    0x000006c0   0x000006c0   0x0000003a   Code   RO         4263    .text               mc_w.l(__dczerorl.o)
    0x000006fa   0x000006fa   0x00000002   PAD
    0x000006fc   0x000006fc   0x000001b4   Code   RO         1182    i.GPIOTE_IRQHandler  nrfx_gpiote.o
    0x000008b0   0x000008b0   0x00000016   Code   RO         2357    i.NVIC_ClearPendingIRQ  app_timer.o
    0x000008c6   0x000008c6   0x00000016   Code   RO         2358    i.NVIC_EnableIRQ    app_timer.o
    0x000008dc   0x000008dc   0x00000016   Code   RO         2359    i.NVIC_SetPendingIRQ  app_timer.o
    0x000008f2   0x000008f2   0x00000020   Code   RO         2360    i.NVIC_SetPriority  app_timer.o
    0x00000912   0x00000912   0x00000002   PAD
    0x00000914   0x00000914   0x00000058   Code   RO         1047    i.POWER_CLOCK_IRQHandler  nrfx_clock.o
    0x0000096c   0x0000096c   0x00000024   Code   RO         2361    i.RTC1_IRQHandler   app_timer.o
    0x00000990   0x00000990   0x00000010   Code   RO         1558    i.SPIM0_SPIS0_TWIM0_TWIS0_SPI0_TWI0_IRQHandler  nrfx_twi.o
    0x000009a0   0x000009a0   0x00000004   Code   RO         2362    i.SWI0_EGU0_IRQHandler  app_timer.o
    0x000009a4   0x000009a4   0x000001dc   Code   RO         4138    i.SystemInit        system_nrf52840.o
    0x00000b80   0x00000b80   0x0000000c   Code   RO         1504    i.UARTE0_UART0_IRQHandler  nrfx_prs.o
    0x00000b8c   0x00000b8c   0x0000000e   Code   RO         4257    i.__scatterload_copy  mc_w.l(handlers.o)
    0x00000b9a   0x00000b9a   0x00000002   Code   RO         4258    i.__scatterload_null  mc_w.l(handlers.o)
    0x00000b9c   0x00000b9c   0x0000000e   Code   RO         4259    i.__scatterload_zeroinit  mc_w.l(handlers.o)
    0x00000baa   0x00000baa   0x00000006   Code   RO          547    i.alert_timer_handler  bsp.o
    0x00000bb0   0x00000bb0   0x00000024   Code   RO         2103    i.app_button_enable  app_button.o
    0x00000bd4   0x00000bd4   0x00000078   Code   RO         2104    i.app_button_init   app_button.o
    0x00000c4c   0x00000c4c   0x00000084   Code   RO         2261    i.app_error_fault_handler  app_error_weak.o
    0x00000cd0   0x00000cd0   0x00000016   Code   RO         2205    i.app_error_handler_bare  app_error.o
    0x00000ce6   0x00000ce6   0x00000002   PAD
    0x00000ce8   0x00000ce8   0x00000028   Code   RO         2365    i.app_timer_create  app_timer.o
    0x00000d10   0x00000d10   0x00000054   Code   RO         2366    i.app_timer_init    app_timer.o
    0x00000d64   0x00000d64   0x00000080   Code   RO         2369    i.app_timer_start   app_timer.o
    0x00000de4   0x00000de4   0x00000020   Code   RO         2370    i.app_timer_stop    app_timer.o
    0x00000e04   0x00000e04   0x00000004   Code   RO         2524    i.app_util_critical_region_enter  app_util_platform.o
    0x00000e08   0x00000e08   0x00000004   Code   RO         2525    i.app_util_critical_region_exit  app_util_platform.o
    0x00000e0c   0x00000e0c   0x00000010   Code   RO         2526    i.app_util_disable_irq  app_util_platform.o
    0x00000e1c   0x00000e1c   0x00000014   Code   RO         2527    i.app_util_enable_irq  app_util_platform.o
    0x00000e30   0x00000e30   0x00000076   Code   RO         1745    i.apply_config      nrfx_uart.o
    0x00000ea6   0x00000ea6   0x00000076   Code   RO         1937    i.apply_config      nrfx_uarte.o
    0x00000f1c   0x00000f1c   0x00000054   Code   RO          441    i.bsp_board_init    boards.o
    0x00000f70   0x00000f70   0x0000002c   Code   RO          443    i.bsp_board_led_invert  boards.o
    0x00000f9c   0x00000f9c   0x00000010   Code   RO          444    i.bsp_board_led_off  boards.o
    0x00000fac   0x00000fac   0x00000010   Code   RO          445    i.bsp_board_led_on  boards.o
    0x00000fbc   0x00000fbc   0x00000028   Code   RO          446    i.bsp_board_led_state_get  boards.o
    0x00000fe4   0x00000fe4   0x00000012   Code   RO          447    i.bsp_board_leds_off  boards.o
    0x00000ff6   0x00000ff6   0x00000012   Code   RO          448    i.bsp_board_leds_on  boards.o
    0x00001008   0x00001008   0x00000024   Code   RO          449    i.bsp_board_pin_to_button_idx  boards.o
    0x0000102c   0x0000102c   0x00000090   Code   RO          548    i.bsp_button_event_handler  bsp.o
    0x000010bc   0x000010bc   0x00000030   Code   RO          185    i.bsp_event_handler  main.o
    0x000010ec   0x000010ec   0x00000044   Code   RO          552    i.bsp_event_to_button_action_assign  bsp.o
    0x00001130   0x00001130   0x00000094   Code   RO          554    i.bsp_init          bsp.o
    0x000011c4   0x000011c4   0x000001c8   Code   RO          555    i.bsp_led_indication  bsp.o
    0x0000138c   0x0000138c   0x00000088   Code   RO         3531    i.buf_prealloc      nrf_log_frontend.o
    0x00001414   0x00001414   0x0000001e   Code   RO         2828    i.buffer_add        nrf_fprintf_format.o
    0x00001432   0x00001432   0x00000002   PAD
    0x00001434   0x00001434   0x00000014   Code   RO         3532    i.buffer_is_empty   nrf_log_frontend.o
    0x00001448   0x00001448   0x00000008   Code   RO          558    i.button_timer_handler  bsp.o
    0x00001450   0x00001450   0x0000001c   Code   RO         1183    i.channel_free      nrfx_gpiote.o
    0x0000146c   0x0000146c   0x00000048   Code   RO         1184    i.channel_port_alloc  nrfx_gpiote.o
    0x000014b4   0x000014b4   0x00000010   Code   RO         1185    i.channel_port_get  nrfx_gpiote.o
    0x000014c4   0x000014c4   0x00000028   Code   RO          670    i.clock_clk_started_notify  nrf_drv_clock.o
    0x000014ec   0x000014ec   0x0000001c   Code   RO          671    i.clock_irq_handler  nrf_drv_clock.o
    0x00001508   0x00001508   0x000000ac   Code   RO         2372    i.compare_reg_update  app_timer.o
    0x000015b4   0x000015b4   0x00000098   Code   RO         2106    i.detection_delay_timeout_handler  app_button.o
    0x0000164c   0x0000164c   0x00000014   Code   RO         3533    i.dropped_sat16_get  nrf_log_frontend.o
    0x00001660   0x00001660   0x00000040   Code   RO         2373    i.elapsed_ticks_acquire  app_timer.o
    0x000016a0   0x000016a0   0x00000084   Code   RO         2107    i.gpiote_event_handler  app_button.o
    0x00001724   0x00001724   0x000000a6   Code   RO         2829    i.int_print         nrf_fprintf_format.o
    0x000017ca   0x000017ca   0x00000008   Code   RO         3269    i.internal_transaction_cb  nrf_twi_mngr.o
    0x000017d2   0x000017d2   0x00000002   PAD
    0x000017d4   0x000017d4   0x00000080   Code   RO         1938    i.interrupts_enable  nrfx_uarte.o
    0x00001854   0x00001854   0x00000034   Code   RO         3534    i.invalid_packets_omit  nrf_log_frontend.o
    0x00001888   0x00001888   0x00000016   Code   RO          672    i.item_enqueue      nrf_drv_clock.o
    0x0000189e   0x0000189e   0x00000002   PAD
    0x000018a0   0x000018a0   0x00000030   Code   RO          559    i.leds_off          bsp.o
    0x000018d0   0x000018d0   0x00000014   Code   RO          560    i.leds_timer_handler  bsp.o
    0x000018e4   0x000018e4   0x000000f8   Code   RO         2374    i.list_insertions_handler  app_timer.o
    0x000019dc   0x000019dc   0x0000001a   Code   RO          186    i.log_init          main.o
    0x000019f6   0x000019f6   0x00000002   PAD
    0x000019f8   0x000019f8   0x0000009c   Code   RO         3535    i.log_skip          nrf_log_frontend.o
    0x00001a94   0x00001a94   0x000000f4   Code   RO          187    i.main              main.o
    0x00001b88   0x00001b88   0x0000007e   Code   RO         2868    i.memobj_op         nrf_memobj.o
    0x00001c06   0x00001c06   0x00000002   PAD
    0x00001c08   0x00001c08   0x00000030   Code   RO         3536    i.module_idx_get    nrf_log_frontend.o
    0x00001c38   0x00001c38   0x00000006   Code   RO         2615    i.nrf_atomic_flag_clear_fetch  nrf_atomic.o
    0x00001c3e   0x00001c3e   0x00000006   Code   RO         2616    i.nrf_atomic_flag_set  nrf_atomic.o
    0x00001c44   0x00001c44   0x0000000c   Code   RO         2618    i.nrf_atomic_u32_add  nrf_atomic.o
    0x00001c50   0x00001c50   0x0000000a   Code   RO         2622    i.nrf_atomic_u32_fetch_and  nrf_atomic.o
    0x00001c5a   0x00001c5a   0x0000000a   Code   RO         2624    i.nrf_atomic_u32_fetch_store  nrf_atomic.o
    0x00001c64   0x00001c64   0x0000000c   Code   RO         2628    i.nrf_atomic_u32_or  nrf_atomic.o
    0x00001c70   0x00001c70   0x0000000c   Code   RO         2630    i.nrf_atomic_u32_sub  nrf_atomic.o
    0x00001c7c   0x00001c7c   0x0000003e   Code   RO         2752    i.nrf_balloc_alloc  nrf_balloc.o
    0x00001cba   0x00001cba   0x0000002a   Code   RO         2753    i.nrf_balloc_free   nrf_balloc.o
    0x00001ce4   0x00001ce4   0x00000030   Code   RO         2754    i.nrf_balloc_init   nrf_balloc.o
    0x00001d14   0x00001d14   0x00000010   Code   RO         1186    i.nrf_bitmask_bit_is_set  nrfx_gpiote.o
    0x00001d24   0x00001d24   0x00000014   Code   RO         1187    i.nrf_bitmask_bit_set  nrfx_gpiote.o
    0x00001d38   0x00001d38   0x0000000e   Code   RO         1048    i.nrf_clock_event_check  nrfx_clock.o
    0x00001d46   0x00001d46   0x00000010   Code   RO         1049    i.nrf_clock_event_clear  nrfx_clock.o
    0x00001d56   0x00001d56   0x00000002   PAD
    0x00001d58   0x00001d58   0x00000034   Code   RO          678    i.nrf_drv_clock_init  nrf_drv_clock.o
    0x00001d8c   0x00001d8c   0x00000048   Code   RO          683    i.nrf_drv_clock_lfclk_request  nrf_drv_clock.o
    0x00001dd4   0x00001dd4   0x00000040   Code   RO          812    i.nrf_drv_twi_init  nrf_drv_twi.o
    0x00001e14   0x00001e14   0x00000068   Code   RO          881    i.nrf_drv_uart_init  nrf_drv_uart.o
    0x00001e7c   0x00001e7c   0x0000001a   Code   RO         2789    i.nrf_fprintf       nrf_fprintf.o
    0x00001e96   0x00001e96   0x00000018   Code   RO         2790    i.nrf_fprintf_buffer_flush  nrf_fprintf.o
    0x00001eae   0x00001eae   0x000001da   Code   RO         2830    i.nrf_fprintf_fmt   nrf_fprintf_format.o
    0x00002088   0x00002088   0x00000032   Code   RO          451    i.nrf_gpio_cfg      boards.o
    0x000020ba   0x000020ba   0x00000032   Code   RO         1188    i.nrf_gpio_cfg      nrfx_gpiote.o
    0x000020ec   0x000020ec   0x00000034   Code   RO         1559    i.nrf_gpio_cfg      nrfx_twi.o
    0x00002120   0x00002120   0x00000032   Code   RO         1746    i.nrf_gpio_cfg      nrfx_uart.o
    0x00002152   0x00002152   0x00000032   Code   RO         1939    i.nrf_gpio_cfg      nrfx_uarte.o
    0x00002184   0x00002184   0x00000012   Code   RO         1560    i.nrf_gpio_cfg_default  nrfx_twi.o
    0x00002196   0x00002196   0x00000012   Code   RO         1747    i.nrf_gpio_cfg_default  nrfx_uart.o
    0x000021a8   0x000021a8   0x00000012   Code   RO         1940    i.nrf_gpio_cfg_default  nrfx_uarte.o
    0x000021ba   0x000021ba   0x00000012   Code   RO         1748    i.nrf_gpio_cfg_input  nrfx_uart.o
    0x000021cc   0x000021cc   0x00000012   Code   RO         1941    i.nrf_gpio_cfg_input  nrfx_uarte.o
    0x000021de   0x000021de   0x00000014   Code   RO         1749    i.nrf_gpio_cfg_output  nrfx_uart.o
    0x000021f2   0x000021f2   0x00000014   Code   RO         1942    i.nrf_gpio_cfg_output  nrfx_uarte.o
    0x00002206   0x00002206   0x00000030   Code   RO         1190    i.nrf_gpio_cfg_sense_set  nrfx_gpiote.o
    0x00002236   0x00002236   0x00000014   Code   RO          813    i.nrf_gpio_pin_clear  nrf_drv_twi.o
    0x0000224a   0x0000224a   0x00000002   PAD
    0x0000224c   0x0000224c   0x0000001c   Code   RO          452    i.nrf_gpio_pin_port_decode  boards.o
    0x00002268   0x00002268   0x0000001c   Code   RO          814    i.nrf_gpio_pin_port_decode  nrf_drv_twi.o
    0x00002284   0x00002284   0x0000001c   Code   RO         1192    i.nrf_gpio_pin_port_decode  nrfx_gpiote.o
    0x000022a0   0x000022a0   0x0000001c   Code   RO         1750    i.nrf_gpio_pin_port_decode  nrfx_uart.o
    0x000022bc   0x000022bc   0x0000001c   Code   RO         1943    i.nrf_gpio_pin_port_decode  nrfx_uarte.o
    0x000022d8   0x000022d8   0x00000016   Code   RO         1193    i.nrf_gpio_pin_read  nrfx_gpiote.o
    0x000022ee   0x000022ee   0x00000014   Code   RO          815    i.nrf_gpio_pin_set  nrf_drv_twi.o
    0x00002302   0x00002302   0x00000014   Code   RO         1751    i.nrf_gpio_pin_set  nrfx_uart.o
    0x00002316   0x00002316   0x00000014   Code   RO         1944    i.nrf_gpio_pin_set  nrfx_uarte.o
    0x0000232a   0x0000232a   0x00000026   Code   RO          453    i.nrf_gpio_pin_write  boards.o
    0x00002350   0x00002350   0x0000002c   Code   RO         1195    i.nrf_gpio_ports_read  nrfx_gpiote.o
    0x0000237c   0x0000237c   0x00000014   Code   RO         1196    i.nrf_gpiote_event_clear  nrfx_gpiote.o
    0x00002390   0x00002390   0x00000010   Code   RO         1197    i.nrf_gpiote_event_is_set  nrfx_gpiote.o
    0x000023a0   0x000023a0   0x0000005c   Code   RO         3537    i.nrf_log_backend_add  nrf_log_frontend.o
    0x000023fc   0x000023fc   0x000000c8   Code   RO         3373    i.nrf_log_backend_serial_put  nrf_log_backend_serial.o
    0x000024c4   0x000024c4   0x00000002   Code   RO         3413    i.nrf_log_backend_uart_flush  nrf_log_backend_uart.o
    0x000024c6   0x000024c6   0x00000006   Code   RO         3414    i.nrf_log_backend_uart_init  nrf_log_backend_uart.o
    0x000024cc   0x000024cc   0x0000002c   Code   RO         3415    i.nrf_log_backend_uart_panic_set  nrf_log_backend_uart.o
    0x000024f8   0x000024f8   0x00000018   Code   RO         3416    i.nrf_log_backend_uart_put  nrf_log_backend_uart.o
    0x00002510   0x00002510   0x00000030   Code   RO         3539    i.nrf_log_color_id_get  nrf_log_frontend.o
    0x00002540   0x00002540   0x0000001c   Code   RO         3492    i.nrf_log_default_backends_init  nrf_log_default_backends.o
    0x0000255c   0x0000255c   0x00000230   Code   RO         3540    i.nrf_log_frontend_dequeue  nrf_log_frontend.o
    0x0000278c   0x0000278c   0x00000008   Code   RO         3542    i.nrf_log_frontend_std_0  nrf_log_frontend.o
    0x00002794   0x00002794   0x0000000e   Code   RO         3543    i.nrf_log_frontend_std_1  nrf_log_frontend.o
    0x000027a2   0x000027a2   0x00000012   Code   RO         3545    i.nrf_log_frontend_std_3  nrf_log_frontend.o
    0x000027b4   0x000027b4   0x0000001c   Code   RO         3548    i.nrf_log_frontend_std_6  nrf_log_frontend.o
    0x000027d0   0x000027d0   0x000000ac   Code   RO         3717    i.nrf_log_hexdump_entry_process  nrf_log_str_formatter.o
    0x0000287c   0x0000287c   0x0000003c   Code   RO         3549    i.nrf_log_init      nrf_log_frontend.o
    0x000028b8   0x000028b8   0x00000014   Code   RO         3550    i.nrf_log_module_cnt_get  nrf_log_frontend.o
    0x000028cc   0x000028cc   0x0000001c   Code   RO         3553    i.nrf_log_module_name_get  nrf_log_frontend.o
    0x000028e8   0x000028e8   0x0000002c   Code   RO         3554    i.nrf_log_panic     nrf_log_frontend.o
    0x00002914   0x00002914   0x000000b6   Code   RO         3718    i.nrf_log_std_entry_process  nrf_log_str_formatter.o
    0x000029ca   0x000029ca   0x00000060   Code   RO         2869    i.nrf_memobj_alloc  nrf_memobj.o
    0x00002a2a   0x00002a2a   0x00000032   Code   RO         2870    i.nrf_memobj_free   nrf_memobj.o
    0x00002a5c   0x00002a5c   0x00000008   Code   RO         2871    i.nrf_memobj_get    nrf_memobj.o
    0x00002a64   0x00002a64   0x00000004   Code   RO         2872    i.nrf_memobj_pool_init  nrf_memobj.o
    0x00002a68   0x00002a68   0x0000001e   Code   RO         2873    i.nrf_memobj_put    nrf_memobj.o
    0x00002a86   0x00002a86   0x00000010   Code   RO         2874    i.nrf_memobj_read   nrf_memobj.o
    0x00002a96   0x00002a96   0x00000010   Code   RO         2875    i.nrf_memobj_write  nrf_memobj.o
    0x00002aa6   0x00002aa6   0x00000002   PAD
    0x00002aa8   0x00002aa8   0x00000028   Code   RO         2944    i.nrf_pwr_mgmt_init  nrf_pwr_mgmt.o
    0x00002ad0   0x00002ad0   0x00000034   Code   RO         2945    i.nrf_pwr_mgmt_run  nrf_pwr_mgmt.o
    0x00002b04   0x00002b04   0x00000088   Code   RO         3023    i.nrf_queue_generic_pop  nrf_queue.o
    0x00002b8c   0x00002b8c   0x00000012   Code   RO         3025    i.nrf_queue_is_empty  nrf_queue.o
    0x00002b9e   0x00002b9e   0x0000001e   Code   RO         3026    i.nrf_queue_is_full  nrf_queue.o
    0x00002bbc   0x00002bbc   0x0000000e   Code   RO         3029    i.nrf_queue_next_idx  nrf_queue.o
    0x00002bca   0x00002bca   0x000000ac   Code   RO         3031    i.nrf_queue_push    nrf_queue.o
    0x00002c76   0x00002c76   0x0000001c   Code   RO         3143    i.nrf_ringbuf_init  nrf_ringbuf.o
    0x00002c92   0x00002c92   0x0000000a   Code   RO         3201    i.nrf_section_iter_init  nrf_section_iter.o
    0x00002c9c   0x00002c9c   0x00000024   Code   RO         3202    i.nrf_section_iter_item_set  nrf_section_iter.o
    0x00002cc0   0x00002cc0   0x0000000a   Code   RO         1561    i.nrf_twi_event_check  nrfx_twi.o
    0x00002cca   0x00002cca   0x0000000c   Code   RO         1562    i.nrf_twi_event_clear  nrfx_twi.o
    0x00002cd6   0x00002cd6   0x00000002   PAD
    0x00002cd8   0x00002cd8   0x0000003c   Code   RO         3270    i.nrf_twi_mngr_init  nrf_twi_mngr.o
    0x00002d14   0x00002d14   0x00000058   Code   RO         3271    i.nrf_twi_mngr_perform  nrf_twi_mngr.o
    0x00002d6c   0x00002d6c   0x0000001c   Code   RO         3272    i.nrf_twi_mngr_schedule  nrf_twi_mngr.o
    0x00002d88   0x00002d88   0x0000000a   Code   RO         1752    i.nrf_uart_event_check  nrfx_uart.o
    0x00002d92   0x00002d92   0x0000000c   Code   RO         1753    i.nrf_uart_event_clear  nrfx_uart.o
    0x00002d9e   0x00002d9e   0x0000000c   Code   RO         1754    i.nrf_uart_int_enable_check  nrfx_uart.o
    0x00002daa   0x00002daa   0x0000000a   Code   RO         1945    i.nrf_uarte_event_check  nrfx_uarte.o
    0x00002db4   0x00002db4   0x0000000c   Code   RO         1946    i.nrf_uarte_event_clear  nrfx_uarte.o
    0x00002dc0   0x00002dc0   0x00000030   Code   RO         1054    i.nrfx_clock_enable  nrfx_clock.o
    0x00002df0   0x00002df0   0x00000020   Code   RO         1057    i.nrfx_clock_init   nrfx_clock.o
    0x00002e10   0x00002e10   0x00000020   Code   RO         1059    i.nrfx_clock_lfclk_start  nrfx_clock.o
    0x00002e30   0x00002e30   0x00000010   Code   RO          816    i.nrfx_coredep_delay_us  nrf_drv_twi.o
    0x00002e40   0x00002e40   0x00000010   Code   RO         2375    i.nrfx_coredep_delay_us  app_timer.o
    0x00002e50   0x00002e50   0x00000098   Code   RO         1202    i.nrfx_gpiote_in_event_enable  nrfx_gpiote.o
    0x00002ee8   0x00002ee8   0x000000d4   Code   RO         1203    i.nrfx_gpiote_in_init  nrfx_gpiote.o
    0x00002fbc   0x00002fbc   0x0000000e   Code   RO         1204    i.nrfx_gpiote_in_is_set  nrfx_gpiote.o
    0x00002fca   0x00002fca   0x00000002   PAD
    0x00002fcc   0x00002fcc   0x00000074   Code   RO         1206    i.nrfx_gpiote_init  nrfx_gpiote.o
    0x00003040   0x00003040   0x00000014   Code   RO         1207    i.nrfx_gpiote_is_init  nrfx_gpiote.o
    0x00003054   0x00003054   0x00000010   Code   RO         1947    i.nrfx_is_in_ram    nrfx_uarte.o
    0x00003064   0x00003064   0x00000030   Code   RO         1505    i.nrfx_prs_acquire  nrfx_prs.o
    0x00003094   0x00003094   0x00000012   Code   RO         1506    i.nrfx_prs_release  nrfx_prs.o
    0x000030a6   0x000030a6   0x00000002   PAD
    0x000030a8   0x000030a8   0x00000038   Code   RO         1564    i.nrfx_twi_disable  nrfx_twi.o
    0x000030e0   0x000030e0   0x00000020   Code   RO         1565    i.nrfx_twi_enable   nrfx_twi.o
    0x00003100   0x00003100   0x000000e0   Code   RO         1566    i.nrfx_twi_init     nrfx_twi.o
    0x000031e0   0x000031e0   0x00000060   Code   RO         1571    i.nrfx_twi_uninit   nrfx_twi.o
    0x00003240   0x00003240   0x00000024   Code   RO         1572    i.nrfx_twi_xfer     nrfx_twi.o
    0x00003264   0x00003264   0x00000010   Code   RO         1755    i.nrfx_uart_0_irq_handler  nrfx_uart.o
    0x00003274   0x00003274   0x000000d4   Code   RO         1757    i.nrfx_uart_init    nrfx_uart.o
    0x00003348   0x00003348   0x000000a4   Code   RO         1763    i.nrfx_uart_tx      nrfx_uart.o
    0x000033ec   0x000033ec   0x00000020   Code   RO         1765    i.nrfx_uart_tx_in_progress  nrfx_uart.o
    0x0000340c   0x0000340c   0x000000b4   Code   RO         1766    i.nrfx_uart_uninit  nrfx_uart.o
    0x000034c0   0x000034c0   0x00000010   Code   RO         1948    i.nrfx_uarte_0_irq_handler  nrfx_uarte.o
    0x000034d0   0x000034d0   0x0000006c   Code   RO         1950    i.nrfx_uarte_init   nrfx_uarte.o
    0x0000353c   0x0000353c   0x00000090   Code   RO         1954    i.nrfx_uarte_tx     nrfx_uarte.o
    0x000035cc   0x000035cc   0x0000001c   Code   RO         1956    i.nrfx_uarte_tx_in_progress  nrfx_uarte.o
    0x000035e8   0x000035e8   0x000000b0   Code   RO         1957    i.nrfx_uarte_uninit  nrfx_uarte.o
    0x00003698   0x00003698   0x00000018   Code   RO         1223    i.pin_in_use_by_port  nrfx_gpiote.o
    0x000036b0   0x000036b0   0x00000018   Code   RO         1224    i.pin_in_use_by_te  nrfx_gpiote.o
    0x000036c8   0x000036c8   0x0000003c   Code   RO         3720    i.postfix_process   nrf_log_str_formatter.o
    0x00003704   0x00003704   0x00000098   Code   RO         3721    i.prefix_process    nrf_log_str_formatter.o
    0x0000379c   0x0000379c   0x00000018   Code   RO         1507    i.prs_box_get       nrfx_prs.o
    0x000037b4   0x000037b4   0x00000018   Code   RO         3037    i.queue_utilization_get  nrf_queue.o
    0x000037cc   0x000037cc   0x000003c4   Code   RO          188    i.read_all_cb       main.o
    0x00003b90   0x00003b90   0x00000038   Code   RO          189    i.read_init         main.o
    0x00003bc8   0x00003bc8   0x0000004c   Code   RO          190    i.read_lm75b_registers_cb  main.o
    0x00003c14   0x00003c14   0x00000050   Code   RO          191    i.read_mma7660_registers_cb  main.o
    0x00003c64   0x00003c64   0x0000003c   Code   RO         2376    i.rtc1_stop         app_timer.o
    0x00003ca0   0x00003ca0   0x00000032   Code   RO         1767    i.rx_byte           nrfx_uart.o
    0x00003cd2   0x00003cd2   0x00000016   Code   RO         1768    i.rx_done_event     nrfx_uart.o
    0x00003ce8   0x00003ce8   0x00000018   Code   RO         1958    i.rx_done_event     nrfx_uarte.o
    0x00003d00   0x00003d00   0x00000040   Code   RO         3417    i.serial_tx         nrf_log_backend_uart.o
    0x00003d40   0x00003d40   0x00000098   Code   RO         3274    i.start_pending_transaction  nrf_twi_mngr.o
    0x00003dd8   0x00003dd8   0x000000ba   Code   RO         3275    i.start_transfer    nrf_twi_mngr.o
    0x00003e92   0x00003e92   0x00000002   PAD
    0x00003e94   0x00003e94   0x0000008c   Code   RO         3556    i.std_n             nrf_log_frontend.o
    0x00003f20   0x00003f20   0x00000024   Code   RO          192    i.timer_handler     main.o
    0x00003f44   0x00003f44   0x00000080   Code   RO         2377    i.timer_list_handler  app_timer.o
    0x00003fc4   0x00003fc4   0x0000003c   Code   RO         2378    i.timer_list_insert  app_timer.o
    0x00004000   0x00004000   0x00000060   Code   RO         2379    i.timer_list_remove  app_timer.o
    0x00004060   0x00004060   0x00000040   Code   RO         2380    i.timer_stop_op_schedule  app_timer.o
    0x000040a0   0x000040a0   0x00000074   Code   RO         2381    i.timer_timeouts_check  app_timer.o
    0x00004114   0x00004114   0x0000001a   Code   RO         3276    i.transaction_end_signal  nrf_twi_mngr.o
    0x0000412e   0x0000412e   0x000000a4   Code   RO          817    i.twi_clear_bus     nrf_drv_twi.o
    0x000041d2   0x000041d2   0x0000003c   Code   RO         3277    i.twi_event_handler  nrf_twi_mngr.o
    0x0000420e   0x0000420e   0x00000002   PAD
    0x00004210   0x00004210   0x00000040   Code   RO          818    i.twi_evt_handler   nrf_drv_twi.o
    0x00004250   0x00004250   0x000000ba   Code   RO         1573    i.twi_irq_handler   nrfx_twi.o
    0x0000430a   0x0000430a   0x0000001e   Code   RO         1574    i.twi_process_error  nrfx_twi.o
    0x00004328   0x00004328   0x000000c8   Code   RO         1575    i.twi_rx_start_transfer  nrfx_twi.o
    0x000043f0   0x000043f0   0x00000028   Code   RO         1576    i.twi_send_byte     nrfx_twi.o
    0x00004418   0x00004418   0x00000104   Code   RO         1577    i.twi_transfer      nrfx_twi.o
    0x0000451c   0x0000451c   0x000000d0   Code   RO         1578    i.twi_tx_start_transfer  nrfx_twi.o
    0x000045ec   0x000045ec   0x00000094   Code   RO         1579    i.twi_xfer          nrfx_twi.o
    0x00004680   0x00004680   0x00000020   Code   RO         1770    i.tx_byte           nrfx_uart.o
    0x000046a0   0x000046a0   0x0000001a   Code   RO         1771    i.tx_done_event     nrfx_uart.o
    0x000046ba   0x000046ba   0x00000002   PAD
    0x000046bc   0x000046bc   0x00000030   Code   RO          882    i.uart_evt_handler  nrf_drv_uart.o
    0x000046ec   0x000046ec   0x0000000c   Code   RO         3418    i.uart_evt_handler  nrf_log_backend_uart.o
    0x000046f8   0x000046f8   0x00000050   Code   RO         3419    i.uart_init         nrf_log_backend_uart.o
    0x00004748   0x00004748   0x00000128   Code   RO         1772    i.uart_irq_handler  nrfx_uart.o
    0x00004870   0x00004870   0x00000030   Code   RO          883    i.uarte_evt_handler  nrf_drv_uart.o
    0x000048a0   0x000048a0   0x000000f4   Code   RO         1959    i.uarte_irq_handler  nrfx_uarte.o
    0x00004994   0x00004994   0x000000b4   Code   RO         2831    i.unsigned_print    nrf_fprintf_format.o
    0x00004a48   0x00004a48   0x00000030   Code   RO         2382    i.user_op_alloc     app_timer.o
    0x00004a78   0x00004a78   0x00000008   Data   RO            4    .constdata          lm75b.o
    0x00004a80   0x00004a80   0x0000002c   Data   RO          198    .constdata          main.o
    0x00004aac   0x00004aac   0x00000020   Data   RO          199    .constdata          main.o
    0x00004acc   0x00004acc   0x00000040   Data   RO          200    .constdata          main.o
    0x00004b0c   0x00004b0c   0x00000010   Data   RO          201    .constdata          main.o
    0x00004b1c   0x00004b1c   0x00000008   Data   RO          413    .constdata          mma7660.o
    0x00004b24   0x00004b24   0x00000008   Data   RO          454    .constdata          boards.o
    0x00004b2c   0x00004b2c   0x0000002c   Data   RO          566    .constdata          bsp.o
    0x00004b58   0x00004b58   0x00000008   PAD
    0x00004b60   0x00004b60   0x00000006   Data   RO          819    .constdata          nrf_drv_twi.o
    0x00004b66   0x00004b66   0x00000002   PAD
    0x00004b68   0x00004b68   0x00000008   Data   RO         1226    .constdata          nrfx_gpiote.o
    0x00004b70   0x00004b70   0x00000018   Data   RO         1582    .constdata          nrfx_twi.o
    0x00004b88   0x00004b88   0x00000004   Data   RO         1775    .constdata          nrfx_uart.o
    0x00004b8c   0x00004b8c   0x00000004   Data   RO         1962    .constdata          nrfx_uarte.o
    0x00004b90   0x00004b90   0x00000008   Data   RO         2109    .constdata          app_button.o
    0x00004b98   0x00004b98   0x00000008   PAD
    0x00004ba0   0x00004ba0   0x00000006   Data   RO         2384    .constdata          app_timer.o
    0x00004ba6   0x00004ba6   0x00000010   Data   RO         2832    .constdata          nrf_fprintf_format.o
    0x00004bb6   0x00004bb6   0x00000002   PAD
    0x00004bb8   0x00004bb8   0x00000018   Data   RO         2949    .constdata          nrf_pwr_mgmt.o
    0x00004bd0   0x00004bd0   0x0000000c   Data   RO         2950    .constdata          nrf_pwr_mgmt.o
    0x00004bdc   0x00004bdc   0x00000018   Data   RO         3278    .constdata          nrf_twi_mngr.o
    0x00004bf4   0x00004bf4   0x0000000c   Data   RO         3421    .constdata          nrf_log_backend_uart.o
    0x00004c00   0x00004c00   0x00000020   Data   RO         3422    .constdata          nrf_log_backend_uart.o
    0x00004c20   0x00004c20   0x0000000c   Data   RO         3561    .constdata          nrf_log_frontend.o
    0x00004c2c   0x00004c2c   0x00000081   Data   RO         4183    .constdata          mc_w.l(ctype_o.o)
    0x00004cad   0x00004cad   0x00000003   PAD
    0x00004cb0   0x00004cb0   0x00000004   Data   RO         4184    .constdata          mc_w.l(ctype_o.o)
    0x00004cb4   0x00004cb4   0x00000066   Data   RO         3722    .conststring        nrf_log_str_formatter.o
    0x00004d1a   0x00004d1a   0x00000002   PAD
    0x00004d1c   0x00004d1c   0x00000006   Data   RO          690    .conststrlit        nrf_drv_clock.o
    0x00004d22   0x00004d22   0x00000002   PAD
    0x00004d24   0x00004d24   0x00000006   Data   RO         1064    .conststrlit        nrfx_clock.o
    0x00004d2a   0x00004d2a   0x00000002   PAD
    0x00004d2c   0x00004d2c   0x00000007   Data   RO         1230    .conststrlit        nrfx_gpiote.o
    0x00004d33   0x00004d33   0x00000001   PAD
    0x00004d34   0x00004d34   0x00000004   Data   RO         1509    .conststrlit        nrfx_prs.o
    0x00004d38   0x00004d38   0x00000004   Data   RO         1585    .conststrlit        nrfx_twi.o
    0x00004d3c   0x00004d3c   0x00000005   Data   RO         1778    .conststrlit        nrfx_uart.o
    0x00004d41   0x00004d41   0x00000003   PAD
    0x00004d44   0x00004d44   0x00000006   Data   RO         1965    .conststrlit        nrfx_uarte.o
    0x00004d4a   0x00004d4a   0x00000002   PAD
    0x00004d4c   0x00004d4c   0x00000009   Data   RO         2951    .conststrlit        nrf_pwr_mgmt.o
    0x00004d55   0x00004d55   0x00000003   PAD
    0x00004d58   0x00004d58   0x00000011   Data   RO         3493    .conststrlit        nrf_log_default_backends.o
    0x00004d69   0x00004d69   0x00000003   PAD
    0x00004d6c   0x00004d6c   0x00000004   Data   RO         3562    .conststrlit        nrf_log_frontend.o
    0x00004d70   0x00004d70   0x00000020   Data   RO         4255    Region$$Table       anon$$obj.o
    0x00004d90   0x00004d90   0x00000010   Data   RO         3495    log_backends        nrf_log_default_backends.o
    0x00004da0   0x00004da0   0x00000008   Data   RO          691    log_const_data      nrf_drv_clock.o
    0x00004da8   0x00004da8   0x00000008   Data   RO         1066    log_const_data      nrfx_clock.o
    0x00004db0   0x00004db0   0x00000008   Data   RO         1231    log_const_data      nrfx_gpiote.o
    0x00004db8   0x00004db8   0x00000008   Data   RO         1511    log_const_data      nrfx_prs.o
    0x00004dc0   0x00004dc0   0x00000008   Data   RO         1586    log_const_data      nrfx_twi.o
    0x00004dc8   0x00004dc8   0x00000008   Data   RO         1779    log_const_data      nrfx_uart.o
    0x00004dd0   0x00004dd0   0x00000008   Data   RO         1966    log_const_data      nrfx_uarte.o
    0x00004dd8   0x00004dd8   0x00000008   Data   RO         2953    log_const_data      nrf_pwr_mgmt.o
    0x00004de0   0x00004de0   0x00000008   Data   RO         3565    log_const_data      nrf_log_frontend.o
    0x00004de8   0x00004de8   0x00000014   Data   RO         3566    nrf_balloc          nrf_log_frontend.o
    0x00004dfc   0x00004dfc   0x00000014   Data   RO          203    nrf_queue           main.o


    Execution Region RW_IRAM1 (Exec base: 0x20000000, Load base: 0x00004e10, Size: 0x00002a88, Max: 0x00040000, ABSOLUTE, COMPRESSED[0x0000005c])

    Exec Addr    Load Addr    Size         Type   Attr      Idx    E Section Name        Object

    0x20000000   COMPRESSED   0x00000001   Data   RW            5    .data               lm75b.o
    0x20000001   COMPRESSED   0x00000001   Data   RW            6    .data               lm75b.o
    0x20000002   COMPRESSED   0x00000001   Data   RW            7    .data               lm75b.o
    0x20000003   COMPRESSED   0x00000001   Data   RW            8    .data               lm75b.o
    0x20000004   COMPRESSED   0x00000002   Data   RW            9    .data               lm75b.o
    0x20000006   COMPRESSED   0x00000002   PAD
    0x20000008   COMPRESSED   0x00000048   Data   RW          202    .data               main.o
    0x20000050   COMPRESSED   0x00000001   Data   RW          414    .data               mma7660.o
    0x20000051   COMPRESSED   0x00000002   Data   RW          415    .data               mma7660.o
    0x20000053   COMPRESSED   0x00000001   PAD
    0x20000054   COMPRESSED   0x00000010   Data   RW          567    .data               bsp.o
    0x20000064   COMPRESSED   0x00000010   Data   RW          820    .data               nrf_drv_twi.o
    0x20000074   COMPRESSED   0x00000014   Data   RW          884    .data               nrf_drv_uart.o
    0x20000088   COMPRESSED   0x00000008   Data   RW         1065    .data               nrfx_clock.o
    0x20000090   COMPRESSED   0x00000008   Data   RW         1510    .data               nrfx_prs.o
    0x20000098   COMPRESSED   0x00000020   Data   RW         2110    .data               app_button.o
    0x200000b8   COMPRESSED   0x00000014   Data   RW         2385    .data               app_timer.o
    0x200000cc   COMPRESSED   0x00000004   Data   RW         2530    .data               app_util_platform.o
    0x200000d0   COMPRESSED   0x00000008   Data   RW         2952    .data               nrf_pwr_mgmt.o
    0x200000d8   COMPRESSED   0x00000018   Data   RW         3423    .data               nrf_log_backend_uart.o
    0x200000f0   COMPRESSED   0x00000008   Data   RW         3494    .data               nrf_log_default_backends.o
    0x200000f8   COMPRESSED   0x00000008   Data   RW         3563    .data               nrf_log_frontend.o
    0x20000100   COMPRESSED   0x00000008   Data   RW         3564    .data               nrf_log_frontend.o
    0x20000108   COMPRESSED   0x00000040   Data   RW         3723    .data               nrf_log_str_formatter.o
    0x20000148   COMPRESSED   0x00000004   Data   RW         4139    .data               system_nrf52840.o
    0x2000014c        -       0x00000020   Zero   RW          193    .bss                main.o
    0x2000016c        -       0x0000006b   Zero   RW          194    .bss                main.o
    0x200001d7   COMPRESSED   0x00000001   PAD
    0x200001d8        -       0x00000018   Zero   RW          195    .bss                main.o
    0x200001f0        -       0x0000000c   Zero   RW          196    .bss                main.o
    0x200001fc        -       0x0000001c   Zero   RW          197    .bss                main.o
    0x20000218        -       0x00000020   Zero   RW          562    .bss                bsp.o
    0x20000238        -       0x00000020   Zero   RW          563    .bss                bsp.o
    0x20000258        -       0x0000000c   Zero   RW          564    .bss                bsp.o
    0x20000264        -       0x00000020   Zero   RW          565    .bss                bsp.o
    0x20000284        -       0x00000014   Zero   RW          685    .bss                nrf_drv_clock.o
    0x20000298        -       0x0000006c   Zero   RW         1225    .bss                nrfx_gpiote.o
    0x20000304        -       0x0000003c   Zero   RW         1580    .bss                nrfx_twi.o
    0x20000340        -       0x0000002c   Zero   RW         1773    .bss                nrfx_uart.o
    0x2000036c        -       0x00000024   Zero   RW         1960    .bss                nrfx_uarte.o
    0x20000390        -       0x00000020   Zero   RW         2108    .bss                app_button.o
    0x200003b0        -       0x0000010c   Zero   RW         2383    .bss                app_timer.o
    0x200004bc        -       0x0000000c   Zero   RW         2948    .bss                nrf_pwr_mgmt.o
    0x200004c8        -       0x00000040   Zero   RW         3420    .bss                nrf_log_backend_uart.o
    0x20000508        -       0x000000c0   Zero   RW         3557    .bss                nrf_log_frontend.o
    0x200005c8        -       0x00000080   Zero   RW         3558    .bss                nrf_log_frontend.o
    0x20000648        -       0x00000018   Zero   RW         3559    .bss                nrf_log_frontend.o
    0x20000660        -       0x00000424   Zero   RW         3560    .bss                nrf_log_frontend.o
    0x20000a84   COMPRESSED   0x00000004   PAD
    0x20000a88        -       0x00002000   Zero   RW         4127    STACK               arm_startup_nrf52840.o


==============================================================================

Image component sizes


      Code (inc. data)   RO Data    RW Data    ZI Data      Debug   Object Name

       440         36          8         32         32      52790   app_button.o
        22          0          0          0          0       2481   app_error.o
       132         46          0          0          0      30546   app_error_weak.o
      1494        118          6         20        268      48115   app_timer.o
        44         10          0          4          0       3428   app_util_platform.o
        36          8        512          0       8192        948   arm_startup_nrf52840.o
       388         36          8          0          0      12752   boards.o
       898         80         44         16        108      16951   bsp.o
         0          0          8          6          0      71967   lm75b.o
      1530        358        176         72        203      80923   main.o
         0          0          8          3          0        767   mma7660.o
       294          0          0          0          0       8011   nrf_atomic.o
       152          0          0          0          0       3628   nrf_balloc.o
       214         24         14          0         20      10301   nrf_drv_clock.o
       376         22          6         16          0      15479   nrf_drv_twi.o
       200         26          0         20          0      18004   nrf_drv_uart.o
        50          0          0          0          0       3589   nrf_fprintf.o
       850          4         16          0          0       5550   nrf_fprintf_format.o
       200          0          0          0          0      11617   nrf_log_backend_serial.o
       232         44         44         24         64      21282   nrf_log_backend_uart.o
        28          4         33          8          0       3381   nrf_log_default_backends.o
      1492        116         44         16       1404      30803   nrf_log_frontend.o
       566        108        102         64          0       5708   nrf_log_str_formatter.o
       346          0          0          0          0       8223   nrf_memobj.o
         0          0          0          0          0       1472   nrf_nvic.o
        92         18         53          8         12      39226   nrf_pwr_mgmt.o
       394          0          0          0          0      12535   nrf_queue.o
        28          0          0          0          0       2411   nrf_ringbuf.o
        46          0          0          0          0       2096   nrf_section_iter.o
       608         14         24          0          0      25931   nrf_twi_mngr.o
       230         28         14          8          0      41363   nrfx_clock.o
      1378         92         23          0        108      59995   nrfx_gpiote.o
       102         16         12          8          0       4544   nrfx_prs.o
      1624         60         36          0         60      33104   nrfx_twi.o
      1336         46         17          0         44      27917   nrfx_uart.o
      1178         50         18          0         36      25667   nrfx_uarte.o
       476         60          0          4          0       2391   system_nrf52840.o

    ----------------------------------------------------------------------
     17510       1424       1296        332      10556     745896   Object Totals
         0          0         32          0          0          0   (incl. Generated)
        34          0         38          3          5          0   (incl. Padding)

    ----------------------------------------------------------------------

      Code (inc. data)   RO Data    RW Data    ZI Data      Debug   Library Member Name

        58          0          0          0          0          0   __dczerorl.o
         8          4        133          0          0         68   ctype_o.o
         0          0          0          0          0          0   entry.o
         0          0          0          0          0          0   entry10a.o
         0          0          0          0          0          0   entry11a.o
         8          4          0          0          0          0   entry2.o
         4          0          0          0          0          0   entry5.o
         0          0          0          0          0          0   entry7b.o
         0          0          0          0          0          0   entry8b.o
         8          4          0          0          0          0   entry9a.o
        30          0          0          0          0          0   handlers.o
        36          8          0          0          0         68   init.o
         0          0          0          0          0          0   iusefp.o
        30          0          0          0          0         68   llshl.o
        32          0          0          0          0         68   llushr.o
        26          0          0          0          0         80   memcmp.o
        36          0          0          0          0         68   memcpya.o
        36          0          0          0          0        108   memseta.o
        14          0          0          0          0         68   strlen.o
        98          0          0          0          0         92   uldiv.o
        56          0          0          0          0         88   d2f.o
       186          0          0          0          0        176   depilogue.o
        34          0          0          0          0         76   dflti.o
       228          0          0          0          0         96   dmul.o
       110          0          0          0          0        168   fepilogue.o

    ----------------------------------------------------------------------
      1042         20        136          0          0       1292   Library Totals
         4          0          3          0          0          0   (incl. Padding)

    ----------------------------------------------------------------------

      Code (inc. data)   RO Data    RW Data    ZI Data      Debug   Library Name

       424         20        133          0          0        688   mc_w.l
       614          0          0          0          0        604   mf_w.l

    ----------------------------------------------------------------------
      1042         20        136          0          0       1292   Library Totals

    ----------------------------------------------------------------------

==============================================================================


      Code (inc. data)   RO Data    RW Data    ZI Data      Debug   

     18552       1444       1432        332      10556     724152   Grand Totals
     18552       1444       1432         92      10556     724152   ELF Image Totals (compressed)
     18552       1444       1432         92          0          0   ROM Totals

==============================================================================

    Total RO  Size (Code + RO Data)                19984 (  19.52kB)
    Total RW  Size (RW Data + ZI Data)             10888 (  10.63kB)
    Total ROM Size (Code + RO Data + RW Data)      20076 (  19.61kB)

==============================================================================

