Component: ARM Compiler 5.06 update 6 (build 750) Tool: armlink [4d35ed]

==============================================================================

Section Cross References

    main.o(i.delay_ms) refers to main.o(i.nrf_delay_ms) for nrf_delay_ms
    main.o(i.i2c_read_block) refers to main.o(i.nrf_drv_twi_tx) for nrf_drv_twi_tx
    main.o(i.i2c_read_block) refers to main.o(i.nrf_drv_twi_rx) for nrf_drv_twi_rx
    main.o(i.i2c_read_block) refers to main.o(.constdata) for .constdata
    main.o(i.i2c_read_byte) refers to main.o(i.nrf_drv_twi_tx) for nrf_drv_twi_tx
    main.o(i.i2c_read_byte) refers to main.o(i.nrf_drv_twi_rx) for nrf_drv_twi_rx
    main.o(i.i2c_read_byte) refers to main.o(.constdata) for .constdata
    main.o(i.i2c_write_byte) refers to main.o(i.nrf_drv_twi_tx) for nrf_drv_twi_tx
    main.o(i.i2c_write_byte) refers to main.o(.constdata) for .constdata
    main.o(i.main) refers to nrf_log_frontend.o(i.nrf_log_init) for nrf_log_init
    main.o(i.main) refers to app_error.o(i.app_error_handler_bare) for app_error_handler_bare
    main.o(i.main) refers to nrf_log_default_backends.o(i.nrf_log_default_backends_init) for nrf_log_default_backends_init
    main.o(i.main) refers to nrf_log_frontend.o(i.nrf_log_frontend_std_0) for nrf_log_frontend_std_0
    main.o(i.main) refers to nrf_log_frontend.o(i.nrf_log_frontend_dequeue) for nrf_log_frontend_dequeue
    main.o(i.main) refers to main.o(i.twi_init) for twi_init
    main.o(i.main) refers to dps310.o(i.dps310_init) for dps310_init
    main.o(i.main) refers to dps310.o(i.dps310_measureTempOnce) for dps310_measureTempOnce
    main.o(i.main) refers to nrf_log_frontend.o(i.nrf_log_frontend_std_1) for nrf_log_frontend_std_1
    main.o(i.main) refers to dps310.o(i.dps310_decimal_measurePressureOnce) for dps310_decimal_measurePressureOnce
    main.o(i.main) refers to ddiv.o(.text) for __aeabi_ddiv
    main.o(i.main) refers to pow.o(i.__hardfp_pow) for __hardfp_pow
    main.o(i.main) refers to dadd.o(.text) for __aeabi_drsub
    main.o(i.main) refers to dmul.o(.text) for __aeabi_dmul
    main.o(i.main) refers to dfixui.o(.text) for __aeabi_d2uiz
    main.o(i.main) refers to nrf_log_frontend.o(i.nrf_log_frontend_std_3) for nrf_log_frontend_std_3
    main.o(i.main) refers to main.o(i.nrf_delay_ms) for nrf_delay_ms
    main.o(i.main) refers to nrf_log_frontend.o(log_const_data) for m_nrf_log_app_logs_data_const
    main.o(i.main) refers to main.o(.data) for .data
    main.o(i.nrf_delay_ms) refers to main.o(.constdata) for .constdata
    main.o(i.nrf_drv_twi_rx) refers to nrfx_twim.o(i.nrfx_twim_rx) for nrfx_twim_rx
    main.o(i.nrf_drv_twi_tx) refers to nrfx_twim.o(i.nrfx_twim_tx) for nrfx_twim_tx
    main.o(i.twi_init) refers to nrf_drv_twi.o(i.nrf_drv_twi_init) for nrf_drv_twi_init
    main.o(i.twi_init) refers to app_error.o(i.app_error_handler_bare) for app_error_handler_bare
    main.o(i.twi_init) refers to nrfx_twim.o(i.nrfx_twim_enable) for nrfx_twim_enable
    main.o(i.twi_init) refers to main.o(.constdata) for .constdata
    main.o(.data) refers to main.o(i.i2c_write_byte) for i2c_write_byte
    main.o(.data) refers to main.o(i.i2c_read_byte) for i2c_read_byte
    main.o(.data) refers to main.o(i.i2c_read_block) for i2c_read_block
    main.o(.data) refers to main.o(i.delay_ms) for delay_ms
    boards.o(i.bsp_board_button_idx_to_pin) refers to boards.o(.constdata) for .constdata
    boards.o(i.bsp_board_button_state_get) refers to boards.o(i.nrf_gpio_pin_port_decode) for nrf_gpio_pin_port_decode
    boards.o(i.bsp_board_button_state_get) refers to boards.o(.constdata) for .constdata
    boards.o(i.bsp_board_init) refers to boards.o(i.nrf_gpio_cfg) for nrf_gpio_cfg
    boards.o(i.bsp_board_init) refers to boards.o(i.bsp_board_leds_off) for bsp_board_leds_off
    boards.o(i.bsp_board_init) refers to boards.o(.constdata) for .constdata
    boards.o(i.bsp_board_led_idx_to_pin) refers to boards.o(.constdata) for .constdata
    boards.o(i.bsp_board_led_invert) refers to boards.o(i.nrf_gpio_pin_port_decode) for nrf_gpio_pin_port_decode
    boards.o(i.bsp_board_led_invert) refers to boards.o(.constdata) for .constdata
    boards.o(i.bsp_board_led_off) refers to boards.o(i.nrf_gpio_pin_write) for nrf_gpio_pin_write
    boards.o(i.bsp_board_led_off) refers to boards.o(.constdata) for .constdata
    boards.o(i.bsp_board_led_on) refers to boards.o(i.nrf_gpio_pin_write) for nrf_gpio_pin_write
    boards.o(i.bsp_board_led_on) refers to boards.o(.constdata) for .constdata
    boards.o(i.bsp_board_led_state_get) refers to boards.o(i.nrf_gpio_pin_port_decode) for nrf_gpio_pin_port_decode
    boards.o(i.bsp_board_led_state_get) refers to boards.o(.constdata) for .constdata
    boards.o(i.bsp_board_leds_off) refers to boards.o(i.bsp_board_led_off) for bsp_board_led_off
    boards.o(i.bsp_board_leds_on) refers to boards.o(i.bsp_board_led_on) for bsp_board_led_on
    boards.o(i.bsp_board_pin_to_button_idx) refers to boards.o(.constdata) for .constdata
[...]
    ..\..\..\..\..\..\external\segger_rtt\SEGGER_RTT_printf.c 0x00000000   Number         0  segger_rtt_printf.o ABSOLUTE
    ..\..\..\..\..\..\integration\nrfx\legacy\nrf_drv_twi.c 0x00000000   Number         0  nrf_drv_twi.o ABSOLUTE
    ..\..\..\..\..\..\integration\nrfx\legacy\nrf_drv_uart.c 0x00000000   Number         0  nrf_drv_uart.o ABSOLUTE
    ..\..\..\..\..\..\modules\nrfx\drivers\src\nrfx_twi.c 0x00000000   Number         0  nrfx_twi.o ABSOLUTE
    ..\..\..\..\..\..\modules\nrfx\drivers\src\nrfx_twim.c 0x00000000   Number         0  nrfx_twim.o ABSOLUTE
    ..\..\..\..\..\..\modules\nrfx\drivers\src\nrfx_uart.c 0x00000000   Number         0  nrfx_uart.o ABSOLUTE
    ..\..\..\..\..\..\modules\nrfx\drivers\src\nrfx_uarte.c 0x00000000   Number         0  nrfx_uarte.o ABSOLUTE
    ..\..\..\..\..\..\modules\nrfx\drivers\src\prs\nrfx_prs.c 0x00000000   Number         0  nrfx_prs.o ABSOLUTE
    ..\..\..\DPS310-Pressure-Sensor\Dps310.c 0x00000000   Number         0  dps310.o ABSOLUTE
    ..\..\..\main.c                          0x00000000   Number         0  main.o ABSOLUTE
    ..\\..\\..\\..\\..\\..\\components\\boards\\boards.c 0x00000000   Number         0  boards.o ABSOLUTE
    ..\\..\\..\\..\\..\\..\\components\\libraries\\atomic\\nrf_atomic.c 0x00000000   Number         0  nrf_atomic.o ABSOLUTE
    ..\\..\\..\\..\\..\\..\\components\\libraries\\balloc\\nrf_balloc.c 0x00000000   Number         0  nrf_balloc.o ABSOLUTE
    ..\\..\\..\\..\\..\\..\\components\\libraries\\log\\src\\nrf_log_backend_rtt.c 0x00000000   Number         0  nrf_log_backend_rtt.o ABSOLUTE
    ..\\..\\..\\..\\..\\..\\components\\libraries\\log\\src\\nrf_log_backend_serial.c 0x00000000   Number         0  nrf_log_backend_serial.o ABSOLUTE
    ..\\..\\..\\..\\..\\..\\components\\libraries\\log\\src\\nrf_log_backend_uart.c 0x00000000   Number         0  nrf_log_backend_uart.o ABSOLUTE
    ..\\..\\..\\..\\..\\..\\components\\libraries\\log\\src\\nrf_log_default_backends.c 0x00000000   Number         0  nrf_log_default_backends.o ABSOLUTE
    ..\\..\\..\\..\\..\\..\\components\\libraries\\log\\src\\nrf_log_frontend.c 0x00000000   Number         0  nrf_log_frontend.o ABSOLUTE
    ..\\..\\..\\..\\..\\..\\components\\libraries\\log\\src\\nrf_log_str_formatter.c 0x00000000   Number         0  nrf_log_str_formatter.o ABSOLUTE
    ..\\..\\..\\..\\..\\..\\components\\libraries\\memobj\\nrf_memobj.c 0x00000000   Number         0  nrf_memobj.o ABSOLUTE
    ..\\..\\..\\..\\..\\..\\components\\libraries\\ringbuf\\nrf_ringbuf.c 0x00000000   Number         0  nrf_ringbuf.o ABSOLUTE
    ..\\..\\..\\..\\..\\..\\components\\libraries\\strerror\\nrf_strerror.c 0x00000000   Number         0  nrf_strerror.o ABSOLUTE
    ..\\..\\..\\..\\..\\..\\components\\libraries\\util\\app_error.c 0x00000000   Number         0  app_error.o ABSOLUTE
    ..\\..\\..\\..\\..\\..\\components\\libraries\\util\\app_error_handler_keil.c 0x00000000   Number         0  app_error_handler_keil.o ABSOLUTE
    ..\\..\\..\\..\\..\\..\\components\\libraries\\util\\app_error_weak.c 0x00000000   Number         0  app_error_weak.o ABSOLUTE
    ..\\..\\..\\..\\..\\..\\components\\libraries\\util\\app_util_platform.c 0x00000000   Number         0  app_util_platform.o ABSOLUTE
    ..\\..\\..\\..\\..\\..\\components\\libraries\\util\\nrf_assert.c 0x00000000   Number         0  nrf_assert.o ABSOLUTE
    ..\\..\\..\\..\\..\\..\\external\\fprintf\\nrf_fprintf.c 0x00000000   Number         0  nrf_fprintf.o ABSOLUTE
    ..\\..\\..\\..\\..\\..\\external\\fprintf\\nrf_fprintf_format.c 0x00000000   Number         0  nrf_fprintf_format.o ABSOLUTE
    ..\\..\\..\\..\\..\\..\\external\\segger_rtt\\SEGGER_RTT.c 0x00000000   Number         0  segger_rtt.o ABSOLUTE
    ..\\..\\..\\..\\..\\..\\external\\segger_rtt\\SEGGER_RTT_Syscalls_KEIL.c 0x00000000   Number         0  segger_rtt_syscalls_keil.o ABSOLUTE
    ..\\..\\..\\..\\..\\..\\external\\segger_rtt\\SEGGER_RTT_printf.c 0x00000000   Number         0  segger_rtt_printf.o ABSOLUTE
    ..\\..\\..\\..\\..\\..\\integration\\nrfx\\legacy\\nrf_drv_twi.c 0x00000000   Number         0  nrf_drv_twi.o ABSOLUTE
    ..\\..\\..\\..\\..\\..\\integration\\nrfx\\legacy\\nrf_drv_uart.c 0x00000000   Number         0  nrf_drv_uart.o ABSOLUTE
    ..\\..\\..\\..\\..\\..\\modules\\nrfx\\drivers\\src\\nrfx_twi.c 0x00000000   Number         0  nrfx_twi.o ABSOLUTE
    ..\\..\\..\\..\\..\\..\\modules\\nrfx\\drivers\\src\\nrfx_twim.c 0x00000000   Number         0  nrfx_twim.o ABSOLUTE
    ..\\..\\..\\..\\..\\..\\modules\\nrfx\\drivers\\src\\nrfx_uart.c 0x00000000   Number         0  nrfx_uart.o ABSOLUTE
    ..\\..\\..\\..\\..\\..\\modules\\nrfx\\drivers\\src\\nrfx_uarte.c 0x00000000   Number         0  nrfx_uarte.o ABSOLUTE
    ..\\..\\..\\..\\..\\..\\modules\\nrfx\\drivers\\src\\prs\\nrfx_prs.c 0x00000000   Number         0  nrfx_prs.o ABSOLUTE
    ..\\..\\..\\DPS310-Pressure-Sensor\\Dps310.c 0x00000000   Number         0  dps310.o ABSOLUTE
    ..\\..\\..\\main.c                       0x00000000   Number         0  main.o ABSOLUTE
    RTE\Device\nRF52840_xxAA\arm_startup_nrf52840.s 0x00000000   Number         0  arm_startup_nrf52840.o ABSOLUTE
    RTE\Device\nRF52840_xxAA\system_nrf52840.c 0x00000000   Number         0  system_nrf52840.o ABSOLUTE
    RTE\\Device\\nRF52840_xxAA\\system_nrf52840.c 0x00000000   Number         0  system_nrf52840.o ABSOLUTE
    cdcmple.s                                0x00000000   Number         0  cdcmple.o ABSOLUTE
    cdrcmple.s                               0x00000000   Number         0  cdrcmple.o ABSOLUTE
    dc.s                                     0x00000000   Number         0  dc.o ABSOLUTE
    handlers.s                               0x00000000   Number         0  handlers.o ABSOLUTE
    init.s                                   0x00000000   Number         0  init.o ABSOLUTE
    .ARM.Collect$$$$00000000                 0x00000200   Section        0  entry.o(.ARM.Collect$$$$00000000)
    .ARM.Collect$$$$00000001                 0x00000200   Section        4  entry2.o(.ARM.Collect$$$$00000001)
    .ARM.Collect$$$$00000004                 0x00000204   Section        4  entry5.o(.ARM.Collect$$$$00000004)
    .ARM.Collect$$$$00000008                 0x00000208   Section        0  entry7b.o(.ARM.Collect$$$$00000008)
    .ARM.Collect$$$$0000000A                 0x00000208   Section        0  entry8b.o(.ARM.Collect$$$$0000000A)
    .ARM.Collect$$$$0000000B                 0x00000208   Section        8  entry9a.o(.ARM.Collect$$$$0000000B)
    .ARM.Collect$$$$0000000D                 0x00000210   Section        0  entry10a.o(.ARM.Collect$$$$0000000D)
    .ARM.Collect$$$$0000000F                 0x00000210   Section        0  entry11a.o(.ARM.Collect$$$$0000000F)
    .ARM.Collect$$$$00002712                 0x00000210   Section        4  entry2.o(.ARM.Collect$$$$00002712)
    __lit__00000000                          0x00000210   Data           4  entry2.o(.ARM.Collect$$$$00002712)
    .emb_text                                0x00000214   Section      226  nrf_atomic.o(.emb_text)
    $v0                                      0x00000214   Number         0  nrf_atomic.o(.emb_text)
    .text                                    0x000002f8   Section       36  arm_startup_nrf52840.o(.text)
    $v0                                      0x000002f8   Number         0  arm_startup_nrf52840.o(.text)
    .text                                    0x0000031c   Section        0  ctype_o.o(.text)
    .text                                    0x00000324   Section        0  memcpya.o(.text)
    .text                                    0x00000348   Section        0  memseta.o(.text)
    .text                                    0x0000036c   Section        0  strlen.o(.text)
    .text                                    0x0000037a   Section        0  strcpy.o(.text)
    .text                                    0x0000038c   Section        0  dadd.o(.text)
    .text                                    0x000004da   Section        0  dmul.o(.text)
    .text                                    0x000005be   Section        0  ddiv.o(.text)
    .text                                    0x0000069c   Section        0  dflti.o(.text)
    .text                                    0x000006be   Section        0  dfixi.o(.text)
    .text                                    0x000006fc   Section        0  dfixui.o(.text)
    .text                                    0x0000072e   Section        0  llshl.o(.text)
    .text                                    0x0000074c   Section        0  llushr.o(.text)
    .text                                    0x0000076c   Section        0  llsshr.o(.text)
    .text                                    0x00000790   Section        0  depilogue.o(.text)
    .text                                    0x00000790   Section        0  iusefp.o(.text)
    .text                                    0x0000084a   Section        0  dscalb.o(.text)
    .text                                    0x00000878   Section       48  cdrcmple.o(.text)
    .text                                    0x000008a8   Section       36  init.o(.text)
    .text                                    0x000008cc   Section        0  dsqrt.o(.text)
    i.SEGGER_RTT_Init                        0x0000096e   Section        0  segger_rtt.o(i.SEGGER_RTT_Init)
    i.SEGGER_RTT_WriteNoLock                 0x00000974   Section        0  segger_rtt.o(i.SEGGER_RTT_WriteNoLock)
    i.SPIM0_SPIS0_TWIM0_TWIS0_SPI0_TWI0_IRQHandler 0x000009d0   Section        0  nrfx_twim.o(i.SPIM0_SPIS0_TWIM0_TWIS0_SPI0_TWI0_IRQHandler)
    i.SPIM1_SPIS1_TWIM1_TWIS1_SPI1_TWI1_IRQHandler 0x000009e0   Section        0  nrfx_twim.o(i.SPIM1_SPIS1_TWIM1_TWIS1_SPI1_TWI1_IRQHandler)
    i.SystemInit                             0x000009f0   Section        0  system_nrf52840.o(i.SystemInit)
    i.UARTE0_UART0_IRQHandler                0x00000bcc   Section        0  nrfx_prs.o(i.UARTE0_UART0_IRQHandler)
    i._DoInit                                0x00000bd8   Section        0  segger_rtt.o(i._DoInit)
    _DoInit                                  0x00000bd9   Thumb Code    76  segger_rtt.o(i._DoInit)
    i._GetAvailWriteSpace                    0x00000c40   Section        0  segger_rtt.o(i._GetAvailWriteSpace)
    _GetAvailWriteSpace                      0x00000c41   Thumb Code    22  segger_rtt.o(i._GetAvailWriteSpace)
    i._WriteBlocking                         0x00000c56   Section        0  segger_rtt.o(i._WriteBlocking)
    _WriteBlocking                           0x00000c57   Thumb Code    90  segger_rtt.o(i._WriteBlocking)
    i._WriteNoCheck                          0x00000cb0   Section        0  segger_rtt.o(i._WriteNoCheck)
    _WriteNoCheck                            0x00000cb1   Thumb Code    66  segger_rtt.o(i._WriteNoCheck)
    i.__ARM_fpclassify                       0x00000cf2   Section        0  fpclassify.o(i.__ARM_fpclassify)
    i.__hardfp_pow                           0x00000d28   Section        0  pow.o(i.__hardfp_pow)
    i.__kernel_poly                          0x00001978   Section        0  poly.o(i.__kernel_poly)
    i.__mathlib_dbl_divzero                  0x00001a70   Section        0  dunder.o(i.__mathlib_dbl_divzero)
    i.__mathlib_dbl_infnan2                  0x00001aa0   Section        0  dunder.o(i.__mathlib_dbl_infnan2)
    i.__mathlib_dbl_invalid                  0x00001ab8   Section        0  dunder.o(i.__mathlib_dbl_invalid)
    i.__mathlib_dbl_overflow                 0x00001ad8   Section        0  dunder.o(i.__mathlib_dbl_overflow)
    i.__mathlib_dbl_underflow                0x00001af8   Section        0  dunder.o(i.__mathlib_dbl_underflow)
    i.__scatterload_copy                     0x00001b18   Section       14  handlers.o(i.__scatterload_copy)
    i.__scatterload_null                     0x00001b26   Section        2  handlers.o(i.__scatterload_null)
    i.__scatterload_zeroinit                 0x00001b28   Section       14  handlers.o(i.__scatterload_zeroinit)
    i.__set_errno                            0x00001b38   Section        0  errno.o(i.__set_errno)
    i._setOpMode                             0x00001b44   Section        0  dps310.o(i._setOpMode)
    _setOpMode                               0x00001b45   Thumb Code    22  dps310.o(i._setOpMode)
    i.app_error_fault_handler                0x00001b5c   Section        0  app_error_weak.o(i.app_error_fault_handler)
    i.app_error_handler_bare                 0x00001be0   Section        0  app_error.o(i.app_error_handler_bare)
    i.app_util_critical_region_enter         0x00001bf6   Section        0  app_util_platform.o(i.app_util_critical_region_enter)
    i.app_util_critical_region_exit          0x00001bfa   Section        0  app_util_platform.o(i.app_util_critical_region_exit)
    i.app_util_disable_irq                   0x00001c00   Section        0  app_util_platform.o(i.app_util_disable_irq)
    i.app_util_enable_irq                    0x00001c10   Section        0  app_util_platform.o(i.app_util_enable_irq)
    i.buf_prealloc                           0x00001c24   Section        0  nrf_log_frontend.o(i.buf_prealloc)
    buf_prealloc                             0x00001c25   Thumb Code   130  nrf_log_frontend.o(i.buf_prealloc)
    i.buffer_add                             0x00001cac   Section        0  nrf_fprintf_format.o(i.buffer_add)
    buffer_add                               0x00001cad   Thumb Code    30  nrf_fprintf_format.o(i.buffer_add)
    i.buffer_is_empty                        0x00001ccc   Section        0  nrf_log_frontend.o(i.buffer_is_empty)
    i.calcBusyTime                           0x00001ce0   Section        0  dps310.o(i.calcBusyTime)
    calcBusyTime                             0x00001ce1   Thumb Code    22  dps310.o(i.calcBusyTime)
    i.calcPressure                           0x00001cf8   Section        0  dps310.o(i.calcPressure)
    calcPressure                             0x00001cf9   Thumb Code   240  dps310.o(i.calcPressure)
    i.calcTemp                               0x00001df4   Section        0  dps310.o(i.calcTemp)
    calcTemp                                 0x00001df5   Thumb Code   102  dps310.o(i.calcTemp)
    i.configPressure                         0x00001e68   Section        0  dps310.o(i.configPressure)
    configPressure                           0x00001e69   Thumb Code    96  dps310.o(i.configPressure)
    i.configTemp                             0x00001ecc   Section        0  dps310.o(i.configTemp)
    configTemp                               0x00001ecd   Thumb Code   106  dps310.o(i.configTemp)
    i.delay_ms                               0x00001f3c   Section        0  main.o(i.delay_ms)
    i.dps310_decimal_measurePressureOnce     0x00001f40   Section        0  dps310.o(i.dps310_decimal_measurePressureOnce)
    i.dps310_getProductId                    0x000020b0   Section        0  dps310.o(i.dps310_getProductId)
    i.dps310_getRevisionId                   0x000020c0   Section        0  dps310.o(i.dps310_getRevisionId)
    i.dps310_init                            0x000020d0   Section        0  dps310.o(i.dps310_init)
    i.dps310_measureTempOnce                 0x0000217c   Section        0  dps310.o(i.dps310_measureTempOnce)
    i.dps310_readcoeffs                      0x00002180   Section        0  dps310.o(i.dps310_readcoeffs)
    i.dropped_sat16_get                      0x00002278   Section        0  nrf_log_frontend.o(i.dropped_sat16_get)
    dropped_sat16_get                        0x00002279   Thumb Code    16  nrf_log_frontend.o(i.dropped_sat16_get)
    i.fabs                                   0x0000228c   Section        0  fabs.o(i.fabs)
    i.getPressure                            0x000022a4   Section        0  dps310.o(i.getPressure)
    getPressure                              0x000022a5   Thumb Code    64  dps310.o(i.getPressure)
    i.getSingleResult                        0x000022e8   Section        0  dps310.o(i.getSingleResult)
    getSingleResult                          0x000022e9   Thumb Code   110  dps310.o(i.getSingleResult)
    i.getTemp                                0x0000235c   Section        0  dps310.o(i.getTemp)
    getTemp                                  0x0000235d   Thumb Code    66  dps310.o(i.getTemp)
    i.i2c_read_block                         0x000023a4   Section        0  main.o(i.i2c_read_block)
    i.i2c_read_byte                          0x000023e8   Section        0  main.o(i.i2c_read_byte)
    i.i2c_write_byte                         0x00002418   Section        0  main.o(i.i2c_write_byte)
    i.int_print                              0x00002438   Section        0  nrf_fprintf_format.o(i.int_print)
    int_print                                0x00002439   Thumb Code   166  nrf_fprintf_format.o(i.int_print)
    i.invalid_packets_omit                   0x000024de   Section        0  nrf_log_frontend.o(i.invalid_packets_omit)
    invalid_packets_omit                     0x000024df   Thumb Code    52  nrf_log_frontend.o(i.invalid_packets_omit)
    i.log_skip                               0x00002514   Section        0  nrf_log_frontend.o(i.log_skip)
    log_skip                                 0x00002515   Thumb Code   148  nrf_log_frontend.o(i.log_skip)
    i.main                                   0x000025b0   Section        0  main.o(i.main)
    i.measureTempOnce                        0x00002710   Section        0  dps310.o(i.measureTempOnce)
    measureTempOnce                          0x00002711   Thumb Code   104  dps310.o(i.measureTempOnce)
    i.memobj_op                              0x0000277c   Section        0  nrf_memobj.o(i.memobj_op)
    memobj_op                                0x0000277d   Thumb Code   126  nrf_memobj.o(i.memobj_op)
    i.module_idx_get                         0x000027fc   Section        0  nrf_log_frontend.o(i.module_idx_get)
    module_idx_get                           0x000027fd   Thumb Code    42  nrf_log_frontend.o(i.module_idx_get)
    i.nrf_atomic_flag_clear_fetch            0x0000282c   Section        0  nrf_atomic.o(i.nrf_atomic_flag_clear_fetch)
    i.nrf_atomic_flag_set                    0x00002832   Section        0  nrf_atomic.o(i.nrf_atomic_flag_set)
    i.nrf_atomic_u32_add                     0x00002838   Section        0  nrf_atomic.o(i.nrf_atomic_u32_add)
    i.nrf_atomic_u32_fetch_and               0x00002844   Section        0  nrf_atomic.o(i.nrf_atomic_u32_fetch_and)
    i.nrf_atomic_u32_fetch_store             0x0000284e   Section        0  nrf_atomic.o(i.nrf_atomic_u32_fetch_store)
    i.nrf_atomic_u32_or                      0x00002858   Section        0  nrf_atomic.o(i.nrf_atomic_u32_or)
    i.nrf_atomic_u32_sub                     0x00002864   Section        0  nrf_atomic.o(i.nrf_atomic_u32_sub)
    i.nrf_balloc_alloc                       0x00002870   Section        0  nrf_balloc.o(i.nrf_balloc_alloc)
    i.nrf_balloc_free                        0x000028ae   Section        0  nrf_balloc.o(i.nrf_balloc_free)
    i.nrf_balloc_init                        0x000028d8   Section        0  nrf_balloc.o(i.nrf_balloc_init)
    i.nrf_delay_ms                           0x00002908   Section        0  main.o(i.nrf_delay_ms)
    nrf_delay_ms                             0x00002909   Thumb Code    28  main.o(i.nrf_delay_ms)
    i.nrf_drv_twi_init                       0x00002928   Section        0  nrf_drv_twi.o(i.nrf_drv_twi_init)
    i.nrf_drv_twi_rx                         0x00002968   Section        0  main.o(i.nrf_drv_twi_rx)
    nrf_drv_twi_rx                           0x00002969   Thumb Code     6  main.o(i.nrf_drv_twi_rx)
    i.nrf_drv_twi_tx                         0x0000296e   Section        0  main.o(i.nrf_drv_twi_tx)
    nrf_drv_twi_tx                           0x0000296f   Thumb Code    14  main.o(i.nrf_drv_twi_tx)
    i.nrf_fprintf                            0x0000297c   Section        0  nrf_fprintf.o(i.nrf_fprintf)
    i.nrf_fprintf_buffer_flush               0x00002996   Section        0  nrf_fprintf.o(i.nrf_fprintf_buffer_flush)
    i.nrf_fprintf_fmt                        0x000029ae   Section        0  nrf_fprintf_format.o(i.nrf_fprintf_fmt)
    i.nrf_gpio_cfg                           0x00002b88   Section        0  nrfx_twim.o(i.nrf_gpio_cfg)
    nrf_gpio_cfg                             0x00002b89   Thumb Code    48  nrfx_twim.o(i.nrf_gpio_cfg)
    i.nrf_gpio_pin_clear                     0x00002bbc   Section        0  nrf_drv_twi.o(i.nrf_gpio_pin_clear)
    nrf_gpio_pin_clear                       0x00002bbd   Thumb Code    20  nrf_drv_twi.o(i.nrf_gpio_pin_clear)
    i.nrf_gpio_pin_port_decode               0x00002bd0   Section        0  nrf_drv_twi.o(i.nrf_gpio_pin_port_decode)
    nrf_gpio_pin_port_decode                 0x00002bd1   Thumb Code    22  nrf_drv_twi.o(i.nrf_gpio_pin_port_decode)
    i.nrf_gpio_pin_set                       0x00002bec   Section        0  nrf_drv_twi.o(i.nrf_gpio_pin_set)
    nrf_gpio_pin_set                         0x00002bed   Thumb Code    20  nrf_drv_twi.o(i.nrf_gpio_pin_set)
    i.nrf_log_backend_add                    0x00002c00   Section        0  nrf_log_frontend.o(i.nrf_log_backend_add)
    i.nrf_log_backend_rtt_flush              0x00002c5c   Section        0  nrf_log_backend_rtt.o(i.nrf_log_backend_rtt_flush)
    nrf_log_backend_rtt_flush                0x00002c5d   Thumb Code     2  nrf_log_backend_rtt.o(i.nrf_log_backend_rtt_flush)
    i.nrf_log_backend_rtt_init               0x00002c5e   Section        0  nrf_log_backend_rtt.o(i.nrf_log_backend_rtt_init)
    i.nrf_log_backend_rtt_panic_set          0x00002c62   Section        0  nrf_log_backend_rtt.o(i.nrf_log_backend_rtt_panic_set)
    nrf_log_backend_rtt_panic_set            0x00002c63   Thumb Code     2  nrf_log_backend_rtt.o(i.nrf_log_backend_rtt_panic_set)
    i.nrf_log_backend_rtt_put                0x00002c64   Section        0  nrf_log_backend_rtt.o(i.nrf_log_backend_rtt_put)
    nrf_log_backend_rtt_put                  0x00002c65   Thumb Code    16  nrf_log_backend_rtt.o(i.nrf_log_backend_rtt_put)
    i.nrf_log_backend_serial_put             0x00002c7c   Section        0  nrf_log_backend_serial.o(i.nrf_log_backend_serial_put)
    i.nrf_log_color_id_get                   0x00002d44   Section        0  nrf_log_frontend.o(i.nrf_log_color_id_get)
    i.nrf_log_default_backends_init          0x00002d74   Section        0  nrf_log_default_backends.o(i.nrf_log_default_backends_init)
    i.nrf_log_frontend_dequeue               0x00002d90   Section        0  nrf_log_frontend.o(i.nrf_log_frontend_dequeue)
    i.nrf_log_frontend_std_0                 0x00002fc0   Section        0  nrf_log_frontend.o(i.nrf_log_frontend_std_0)
    i.nrf_log_frontend_std_1                 0x00002fc8   Section        0  nrf_log_frontend.o(i.nrf_log_frontend_std_1)
    i.nrf_log_frontend_std_3                 0x00002fd6   Section        0  nrf_log_frontend.o(i.nrf_log_frontend_std_3)
    i.nrf_log_hexdump_entry_process          0x00002fe8   Section        0  nrf_log_str_formatter.o(i.nrf_log_hexdump_entry_process)
    i.nrf_log_init                           0x00003094   Section        0  nrf_log_frontend.o(i.nrf_log_init)
    i.nrf_log_module_cnt_get                 0x000030d0   Section        0  nrf_log_frontend.o(i.nrf_log_module_cnt_get)
    i.nrf_log_module_name_get                0x000030e4   Section        0  nrf_log_frontend.o(i.nrf_log_module_name_get)
    i.nrf_log_panic                          0x00003100   Section        0  nrf_log_frontend.o(i.nrf_log_panic)
    i.nrf_log_std_entry_process              0x0000312c   Section        0  nrf_log_str_formatter.o(i.nrf_log_std_entry_process)
    i.nrf_memobj_alloc                       0x000031e2   Section        0  nrf_memobj.o(i.nrf_memobj_alloc)
    i.nrf_memobj_free                        0x00003242   Section        0  nrf_memobj.o(i.nrf_memobj_free)
    i.nrf_memobj_get                         0x00003274   Section        0  nrf_memobj.o(i.nrf_memobj_get)
    i.nrf_memobj_pool_init                   0x0000327c   Section        0  nrf_memobj.o(i.nrf_memobj_pool_init)
    i.nrf_memobj_put                         0x00003280   Section        0  nrf_memobj.o(i.nrf_memobj_put)
    i.nrf_memobj_read                        0x0000329e   Section        0  nrf_memobj.o(i.nrf_memobj_read)
    i.nrf_memobj_write                       0x000032ae   Section        0  nrf_memobj.o(i.nrf_memobj_write)
    i.nrf_ringbuf_init                       0x000032be   Section        0  nrf_ringbuf.o(i.nrf_ringbuf_init)
    i.nrf_twim_event_check                   0x000032da   Section        0  nrfx_twim.o(i.nrf_twim_event_check)
    nrf_twim_event_check                     0x000032db   Thumb Code    10  nrfx_twim.o(i.nrf_twim_event_check)
    i.nrf_twim_event_clear                   0x000032e4   Section        0  nrfx_twim.o(i.nrf_twim_event_clear)
    nrf_twim_event_clear                     0x000032e5   Thumb Code    12  nrfx_twim.o(i.nrf_twim_event_clear)
    i.nrfx_coredep_delay_us                  0x000032f0   Section        0  nrf_drv_twi.o(i.nrfx_coredep_delay_us)
    nrfx_coredep_delay_us                    0x000032f1   Thumb Code    12  nrf_drv_twi.o(i.nrfx_coredep_delay_us)
    i.nrfx_is_in_ram                         0x00003300   Section        0  nrfx_twim.o(i.nrfx_is_in_ram)
    nrfx_is_in_ram                           0x00003301   Thumb Code    16  nrfx_twim.o(i.nrfx_is_in_ram)
    i.nrfx_prs_acquire                       0x00003310   Section        0  nrfx_prs.o(i.nrfx_prs_acquire)
    i.nrfx_twim_enable                       0x00003340   Section        0  nrfx_twim.o(i.nrfx_twim_enable)
    i.nrfx_twim_init                         0x00003364   Section        0  nrfx_twim.o(i.nrfx_twim_init)
    i.nrfx_twim_rx                           0x00003448   Section        0  nrfx_twim.o(i.nrfx_twim_rx)
    i.nrfx_twim_tx                           0x00003478   Section        0  nrfx_twim.o(i.nrfx_twim_tx)
    i.nrfx_twim_xfer                         0x000034b0   Section        0  nrfx_twim.o(i.nrfx_twim_xfer)
    i.postfix_process                        0x000034d8   Section        0  nrf_log_str_formatter.o(i.postfix_process)
    postfix_process                          0x000034d9   Thumb Code    48  nrf_log_str_formatter.o(i.postfix_process)
    i.prefix_process                         0x00003514   Section        0  nrf_log_str_formatter.o(i.prefix_process)
    prefix_process                           0x00003515   Thumb Code    90  nrf_log_str_formatter.o(i.prefix_process)
    i.prs_box_get                            0x000035ac   Section        0  nrfx_prs.o(i.prs_box_get)
    prs_box_get                              0x000035ad   Thumb Code    14  nrfx_prs.o(i.prs_box_get)
    i.readByteBitfield                       0x000035c4   Section        0  dps310.o(i.readByteBitfield)
    readByteBitfield                         0x000035c5   Thumb Code    32  dps310.o(i.readByteBitfield)
    i.serial_tx                              0x000035e8   Section        0  nrf_log_backend_rtt.o(i.serial_tx)
    serial_tx                                0x000035e9   Thumb Code    70  nrf_log_backend_rtt.o(i.serial_tx)
    i.setOpMode                              0x00003638   Section        0  dps310.o(i.setOpMode)
    setOpMode                                0x00003639   Thumb Code    40  dps310.o(i.setOpMode)
    i.sqrt                                   0x00003664   Section        0  sqrt.o(i.sqrt)
    i.standby                                0x000036d4   Section        0  dps310.o(i.standby)
    standby                                  0x000036d5   Thumb Code    56  dps310.o(i.standby)
    i.startMeasurePressureOnce               0x00003710   Section        0  dps310.o(i.startMeasurePressureOnce)
    startMeasurePressureOnce                 0x00003711   Thumb Code    64  dps310.o(i.startMeasurePressureOnce)
    i.std_n                                  0x00003754   Section        0  nrf_log_frontend.o(i.std_n)
    std_n                                    0x00003755   Thumb Code   136  nrf_log_frontend.o(i.std_n)
    i.twi_clear_bus                          0x000037e0   Section        0  nrf_drv_twi.o(i.twi_clear_bus)
    twi_clear_bus                            0x000037e1   Thumb Code   164  nrf_drv_twi.o(i.twi_clear_bus)
    i.twi_init                               0x00003884   Section        0  main.o(i.twi_init)
    i.twim_evt_handler                       0x000038b0   Section        0  nrf_drv_twi.o(i.twim_evt_handler)
    twim_evt_handler                         0x000038b1   Thumb Code    60  nrf_drv_twi.o(i.twim_evt_handler)
    i.twim_irq_handler                       0x000038f0   Section        0  nrfx_twim.o(i.twim_irq_handler)
    twim_irq_handler                         0x000038f1   Thumb Code   328  nrfx_twim.o(i.twim_irq_handler)
    i.twim_xfer                              0x00003a3c   Section        0  nrfx_twim.o(i.twim_xfer)
    twim_xfer                                0x00003a3d   Thumb Code   558  nrfx_twim.o(i.twim_xfer)
    i.unsigned_print                         0x00003c74   Section        0  nrf_fprintf_format.o(i.unsigned_print)
    unsigned_print                           0x00003c75   Thumb Code   176  nrf_fprintf_format.o(i.unsigned_print)
    i.writeByteBitfield                      0x00003d28   Section        0  dps310.o(i.writeByteBitfield)
    writeByteBitfield                        0x00003d29   Thumb Code    54  dps310.o(i.writeByteBitfield)
    .constdata                               0x00003d70   Section       40  main.o(.constdata)
    delay_bytecode                           0x00003d70   Data           6  main.o(.constdata)
    m_twi                                    0x00003d78   Data          16  main.o(.constdata)
    .constdata                               0x00003da0   Section        6  nrf_drv_twi.o(.constdata)
    delay_bytecode                           0x00003da0   Data           6  nrf_drv_twi.o(.constdata)
    .constdata                               0x00003da8   Section       28  nrfx_twim.o(.constdata)
    irq_handlers                             0x00003da8   Data           8  nrfx_twim.o(.constdata)
    .constdata                               0x00003dc4   Section       16  nrf_fprintf_format.o(.constdata)
    _aV2C                                    0x00003dc4   Data          16  nrf_fprintf_format.o(.constdata)
    .constdata                               0x00003dd4   Section       12  nrf_log_backend_rtt.o(.constdata)
    .constdata                               0x00003de0   Section        6  nrf_log_backend_rtt.o(.constdata)
    delay_bytecode                           0x00003de0   Data           6  nrf_log_backend_rtt.o(.constdata)
    .constdata                               0x00003de8   Section       12  nrf_log_frontend.o(.constdata)
    m_log_push_ringbuf                       0x00003de8   Data          12  nrf_log_frontend.o(.constdata)
    .constdata                               0x00003df4   Section       32  dps310.o(.constdata)
    .constdata                               0x00003e18   Section      136  pow.o(.constdata)
    bp                                       0x00003e18   Data          16  pow.o(.constdata)
    dp_h                                     0x00003e28   Data          16  pow.o(.constdata)
    dp_l                                     0x00003e38   Data          16  pow.o(.constdata)
    L                                        0x00003e48   Data          48  pow.o(.constdata)
    P                                        0x00003e78   Data          40  pow.o(.constdata)
    .constdata                               0x00003ea0   Section      129  ctype_o.o(.constdata)
    .constdata                               0x00003f24   Section        4  ctype_o.o(.constdata)
    table                                    0x00003f24   Data           4  ctype_o.o(.constdata)
    .constdata                               0x00003f28   Section        8  qnan.o(.constdata)
    .conststring                             0x00003f30   Section      102  nrf_log_str_formatter.o(.conststring)
    .conststrlit                             0x00003f98   Section        4  nrfx_prs.o(.conststrlit)
    .conststrlit                             0x00003f9c   Section        5  nrfx_twim.o(.conststrlit)
    .conststrlit                             0x00003fa4   Section        5  nrfx_uart.o(.conststrlit)
    .conststrlit                             0x00003fac   Section        6  nrfx_uarte.o(.conststrlit)
    .conststrlit                             0x00003fb4   Section       16  nrf_log_default_backends.o(.conststrlit)
    .conststrlit                             0x00003fc4   Section        4  nrf_log_frontend.o(.conststrlit)
    log_backends                             0x00003fe8   Section       16  nrf_log_default_backends.o(log_backends)
    __tagsym$$used                           0x00003fe8   Number         0  nrf_log_default_backends.o(log_backends)
    rtt_log_backend                          0x00003fe8   Data          16  nrf_log_default_backends.o(log_backends)
    log_const_data                           0x00003ff8   Section        8  nrfx_prs.o(log_const_data)
    __tagsym$$used                           0x00003ff8   Number         0  nrfx_prs.o(log_const_data)
    log_const_data                           0x00004000   Section        8  nrfx_twim.o(log_const_data)
    __tagsym$$used                           0x00004000   Number         0  nrfx_twim.o(log_const_data)
    log_const_data                           0x00004008   Section        8  nrfx_uart.o(log_const_data)
    __tagsym$$used                           0x00004008   Number         0  nrfx_uart.o(log_const_data)
    log_const_data                           0x00004010   Section        8  nrfx_uarte.o(log_const_data)
    __tagsym$$used                           0x00004010   Number         0  nrfx_uarte.o(log_const_data)
    log_const_data                           0x00004018   Section        8  nrf_log_frontend.o(log_const_data)
    __tagsym$$used                           0x00004018   Number         0  nrf_log_frontend.o(log_const_data)
    nrf_balloc                               0x00004020   Section       20  nrf_log_frontend.o(nrf_balloc)
    __tagsym$$used                           0x00004020   Number         0  nrf_log_frontend.o(nrf_balloc)
    .data                                    0x20000000   Section       16  main.o(.data)
    .data                                    0x20000010   Section       16  nrf_drv_twi.o(.data)
    m_handlers                               0x20000010   Data           8  nrf_drv_twi.o(.data)
    m_contexts                               0x20000018   Data           8  nrf_drv_twi.o(.data)
    .data                                    0x20000020   Section        8  nrfx_prs.o(.data)
    m_prs_box_4                              0x20000020   Data           8  nrfx_prs.o(.data)
    .data                                    0x20000028   Section        4  app_util_platform.o(.data)
    m_in_critical_region                     0x20000028   Data           4  app_util_platform.o(.data)
    .data                                    0x2000002c   Section        1  nrf_log_backend_rtt.o(.data)
    m_host_present                           0x2000002c   Data           1  nrf_log_backend_rtt.o(.data)
    .data                                    0x20000030   Section        8  nrf_log_default_backends.o(.data)
    log_backend_cb_rtt_log_backend           0x20000030   Data           8  nrf_log_default_backends.o(.data)
    .data                                    0x20000038   Section        8  nrf_log_frontend.o(.data)
    log_mempool_nrf_balloc_pool_stack        0x20000038   Data           8  nrf_log_frontend.o(.data)
    .data                                    0x20000040   Section        8  nrf_log_frontend.o(.data)
    log_mempool_nrf_balloc_cb                0x20000040   Data           8  nrf_log_frontend.o(.data)
    .data                                    0x20000048   Section       64  nrf_log_str_formatter.o(.data)
    m_freq                                   0x20000048   Data           4  nrf_log_str_formatter.o(.data)
    m_timestamp_div                          0x2000004c   Data           4  nrf_log_str_formatter.o(.data)
    severity_names                           0x20000050   Data          20  nrf_log_str_formatter.o(.data)
    m_colors                                 0x20000064   Data          36  nrf_log_str_formatter.o(.data)
    .data                                    0x20000088   Section       40  dps310.o(.data)
    m_opMode                                 0x20000088   Data           1  dps310.o(.data)
    oldMode                                  0x20000089   Data           1  dps310.o(.data)
    m_initFail                               0x2000008a   Data           1  dps310.o(.data)
    i2c_write_byte                           0x2000008c   Data           4  dps310.o(.data)
    i2c_read_byte                            0x20000090   Data           4  dps310.o(.data)
    i2c_read_block                           0x20000094   Data           4  dps310.o(.data)
    delay                                    0x20000098   Data           4  dps310.o(.data)
    settings_t                               0x2000009c   Data           5  dps310.o(.data)
    m_lastTempScal                           0x200000a8   Data           8  dps310.o(.data)
    .data                                    0x200000b0   Section        4  system_nrf52840.o(.data)
    __tagsym$$used                           0x200000b0   Number         0  system_nrf52840.o(.data)
    .data                                    0x200000b4   Section        4  errno.o(.data)
    _errno                                   0x200000b4   Data           4  errno.o(.data)
    .bss                                     0x200000b8   Section      104  nrfx_twim.o(.bss)
    m_cb                                     0x200000b8   Data         104  nrfx_twim.o(.bss)
    .bss                                     0x20000120   Section       64  nrf_log_backend_rtt.o(.bss)
    m_string_buff                            0x20000120   Data          64  nrf_log_backend_rtt.o(.bss)
    .bss                                     0x20000160   Section      192  nrf_log_frontend.o(.bss)
    log_mempool_nrf_balloc_pool_mem          0x20000160   Data         192  nrf_log_frontend.o(.bss)
    .bss                                     0x20000220   Section      128  nrf_log_frontend.o(.bss)
    m_log_push_ringbuf_buf                   0x20000220   Data         128  nrf_log_frontend.o(.bss)
    .bss                                     0x200002a0   Section       24  nrf_log_frontend.o(.bss)
    m_log_push_ringbuf_cb                    0x200002a0   Data          24  nrf_log_frontend.o(.bss)
    .bss                                     0x200002b8   Section     1060  nrf_log_frontend.o(.bss)
    m_log_data                               0x200002b8   Data        1060  nrf_log_frontend.o(.bss)
    .bss                                     0x200006dc   Section      648  segger_rtt.o(.bss)
    _acUpBuffer                              0x20000754   Data         512  segger_rtt.o(.bss)
    _acDownBuffer                            0x20000954   Data          16  segger_rtt.o(.bss)
    .bss                                     0x20000964   Section       36  dps310.o(.bss)
    coeffs_t                                 0x20000964   Data          36  dps310.o(.bss)
    STACK                                    0x20000988   Section     8192  arm_startup_nrf52840.o(STACK)

    Global Symbols

    Symbol Name                              Value     Ov Type        Size  Object(Section)

    BuildAttributes$$THM_ISAv4$E$P$D$K$B$S$7EM$VFPi3$EXTD16$VFPS$VFMA$PE$A:L22UL41UL21$X:L11$S22US41US21$IEEE1$IW$USESV6$~STKCKD$USESV7$~SHL$OTIME$ROPI$IEEEX$EBA8$MICROLIB$REQ8$EABIv2 0x00000000   Number         0  anon$$obj.o ABSOLUTE
    __ARM_use_no_argv                        0x00000000   Number         0  main.o ABSOLUTE
    __Vectors                                0x00000000   Data           4  arm_startup_nrf52840.o(RESET)
    __use_no_errno                           0x00000000   Number         0  useno.o ABSOLUTE
    __use_no_exception_handling              0x00000000   Number         0  useno.o ABSOLUTE
    __use_no_fp                              0x00000000   Number         0  useno.o ABSOLUTE
    __use_no_heap                            0x00000000   Number         0  useno.o ABSOLUTE
    __use_no_heap_region                     0x00000000   Number         0  useno.o ABSOLUTE
    __use_no_semihosting                     0x00000000   Number         0  useno.o ABSOLUTE
    __use_no_semihosting_swi                 0x00000000   Number         0  useno.o ABSOLUTE
    __use_no_signal_handling                 0x00000000   Number         0  useno.o ABSOLUTE
    __cpp_initialize__aeabi_                  - Undefined Weak Reference
    __cxa_finalize                            - Undefined Weak Reference
    __decompress                              - Undefined Weak Reference
    _clock_init                               - Undefined Weak Reference
    _microlib_exit                            - Undefined Weak Reference
    log_dynamic_data$$Base                    - Undefined Reference
    __Vectors_End                            0x00000200   Data           0  arm_startup_nrf52840.o(RESET)
    __Vectors_Size                           0x00000200   Number         0  arm_startup_nrf52840.o ABSOLUTE
    __main                                   0x00000201   Thumb Code     0  entry.o(.ARM.Collect$$$$00000000)
    _main_stk                                0x00000201   Thumb Code     0  entry2.o(.ARM.Collect$$$$00000001)
    _main_scatterload                        0x00000205   Thumb Code     0  entry5.o(.ARM.Collect$$$$00000004)
    __main_after_scatterload                 0x00000209   Thumb Code     0  entry5.o(.ARM.Collect$$$$00000004)
    _main_clock                              0x00000209   Thumb Code     0  entry7b.o(.ARM.Collect$$$$00000008)
    _main_cpp_init                           0x00000209   Thumb Code     0  entry8b.o(.ARM.Collect$$$$0000000A)
    _main_init                               0x00000209   Thumb Code     0  entry9a.o(.ARM.Collect$$$$0000000B)
    __rt_final_cpp                           0x00000211   Thumb Code     0  entry10a.o(.ARM.Collect$$$$0000000D)
    __rt_final_exit                          0x00000211   Thumb Code     0  entry11a.o(.ARM.Collect$$$$0000000F)
    __asm___12_nrf_atomic_c_85ca2469__nrf_atomic_internal_mov 0x00000215   Thumb Code    24  nrf_atomic.o(.emb_text)
    __asm___12_nrf_atomic_c_85ca2469__nrf_atomic_internal_orr 0x0000022d   Thumb Code    26  nrf_atomic.o(.emb_text)
    __asm___12_nrf_atomic_c_85ca2469__nrf_atomic_internal_and 0x00000247   Thumb Code    26  nrf_atomic.o(.emb_text)
    __asm___12_nrf_atomic_c_85ca2469__nrf_atomic_internal_eor 0x00000261   Thumb Code    26  nrf_atomic.o(.emb_text)
    __asm___12_nrf_atomic_c_85ca2469__nrf_atomic_internal_add 0x0000027b   Thumb Code    26  nrf_atomic.o(.emb_text)
    __asm___12_nrf_atomic_c_85ca2469__nrf_atomic_internal_sub 0x00000295   Thumb Code    26  nrf_atomic.o(.emb_text)
    __asm___12_nrf_atomic_c_85ca2469__nrf_atomic_internal_cmp_exch 0x000002af   Thumb Code    42  nrf_atomic.o(.emb_text)
    __asm___12_nrf_atomic_c_85ca2469__nrf_atomic_internal_sub_hs 0x000002d9   Thumb Code    30  nrf_atomic.o(.emb_text)
    Reset_Handler                            0x000002f9   Thumb Code     8  arm_startup_nrf52840.o(.text)
    NMI_Handler                              0x00000301   Thumb Code     2  arm_startup_nrf52840.o(.text)
    HardFault_Handler                        0x00000303   Thumb Code     2  arm_startup_nrf52840.o(.text)
    MemoryManagement_Handler                 0x00000305   Thumb Code     2  arm_startup_nrf52840.o(.text)
    BusFault_Handler                         0x00000307   Thumb Code     2  arm_startup_nrf52840.o(.text)
    UsageFault_Handler                       0x00000309   Thumb Code     2  arm_startup_nrf52840.o(.text)
    SVC_Handler                              0x0000030b   Thumb Code     2  arm_startup_nrf52840.o(.text)
    DebugMon_Handler                         0x0000030d   Thumb Code     2  arm_startup_nrf52840.o(.text)
    PendSV_Handler                           0x0000030f   Thumb Code     2  arm_startup_nrf52840.o(.text)
    SysTick_Handler                          0x00000311   Thumb Code     2  arm_startup_nrf52840.o(.text)
    CCM_AAR_IRQHandler                       0x00000313   Thumb Code     0  arm_startup_nrf52840.o(.text)
    COMP_LPCOMP_IRQHandler                   0x00000313   Thumb Code     0  arm_startup_nrf52840.o(.text)
    CRYPTOCELL_IRQHandler                    0x00000313   Thumb Code     0  arm_startup_nrf52840.o(.text)
    ECB_IRQHandler                           0x00000313   Thumb Code     0  arm_startup_nrf52840.o(.text)
    FPU_IRQHandler                           0x00000313   Thumb Code     0  arm_startup_nrf52840.o(.text)
    GPIOTE_IRQHandler                        0x00000313   Thumb Code     0  arm_startup_nrf52840.o(.text)
    I2S_IRQHandler                           0x00000313   Thumb Code     0  arm_startup_nrf52840.o(.text)
    MWU_IRQHandler                           0x00000313   Thumb Code     0  arm_startup_nrf52840.o(.text)
    NFCT_IRQHandler                          0x00000313   Thumb Code     0  arm_startup_nrf52840.o(.text)
    PDM_IRQHandler                           0x00000313   Thumb Code     0  arm_startup_nrf52840.o(.text)
    POWER_CLOCK_IRQHandler                   0x00000313   Thumb Code     0  arm_startup_nrf52840.o(.text)
    PWM0_IRQHandler                          0x00000313   Thumb Code     0  arm_startup_nrf52840.o(.text)
    PWM1_IRQHandler                          0x00000313   Thumb Code     0  arm_startup_nrf52840.o(.text)
    PWM2_IRQHandler                          0x00000313   Thumb Code     0  arm_startup_nrf52840.o(.text)
    PWM3_IRQHandler                          0x00000313   Thumb Code     0  arm_startup_nrf52840.o(.text)
    QDEC_IRQHandler                          0x00000313   Thumb Code     0  arm_startup_nrf52840.o(.text)
    QSPI_IRQHandler                          0x00000313   Thumb Code     0  arm_startup_nrf52840.o(.text)
    RADIO_IRQHandler                         0x00000313   Thumb Code     0  arm_startup_nrf52840.o(.text)
    RNG_IRQHandler                           0x00000313   Thumb Code     0  arm_startup_nrf52840.o(.text)
    RTC0_IRQHandler                          0x00000313   Thumb Code     0  arm_startup_nrf52840.o(.text)
    RTC1_IRQHandler                          0x00000313   Thumb Code     0  arm_startup_nrf52840.o(.text)
    RTC2_IRQHandler                          0x00000313   Thumb Code     0  arm_startup_nrf52840.o(.text)
    SAADC_IRQHandler                         0x00000313   Thumb Code     0  arm_startup_nrf52840.o(.text)
    SPIM2_SPIS2_SPI2_IRQHandler              0x00000313   Thumb Code     0  arm_startup_nrf52840.o(.text)
    SPIM3_IRQHandler                         0x00000313   Thumb Code     0  arm_startup_nrf52840.o(.text)
    SWI0_EGU0_IRQHandler                     0x00000313   Thumb Code     0  arm_startup_nrf52840.o(.text)
    SWI1_EGU1_IRQHandler                     0x00000313   Thumb Code     0  arm_startup_nrf52840.o(.text)
    SWI2_EGU2_IRQHandler                     0x00000313   Thumb Code     0  arm_startup_nrf52840.o(.text)
    SWI3_EGU3_IRQHandler                     0x00000313   Thumb Code     0  arm_startup_nrf52840.o(.text)
    SWI4_EGU4_IRQHandler                     0x00000313   Thumb Code     0  arm_startup_nrf52840.o(.text)
    SWI5_EGU5_IRQHandler                     0x00000313   Thumb Code     0  arm_startup_nrf52840.o(.text)
    TEMP_IRQHandler                          0x00000313   Thumb Code     0  arm_startup_nrf52840.o(.text)
    TIMER0_IRQHandler                        0x00000313   Thumb Code     0  arm_startup_nrf52840.o(.text)
    TIMER1_IRQHandler                        0x00000313   Thumb Code     0  arm_startup_nrf52840.o(.text)
    TIMER2_IRQHandler                        0x00000313   Thumb Code     0  arm_startup_nrf52840.o(.text)
    TIMER3_IRQHandler                        0x00000313   Thumb Code     0  arm_startup_nrf52840.o(.text)
    TIMER4_IRQHandler                        0x00000313   Thumb Code     0  arm_startup_nrf52840.o(.text)
    UARTE1_IRQHandler                        0x00000313   Thumb Code     0  arm_startup_nrf52840.o(.text)
    USBD_IRQHandler                          0x00000313   Thumb Code     0  arm_startup_nrf52840.o(.text)
    WDT_IRQHandler                           0x00000313   Thumb Code     0  arm_startup_nrf52840.o(.text)
    __rt_ctype_table                         0x0000031d   Thumb Code     4  ctype_o.o(.text)
    __aeabi_memcpy                           0x00000325   Thumb Code    36  memcpya.o(.text)
    __aeabi_memcpy4                          0x00000325   Thumb Code     0  memcpya.o(.text)
    __aeabi_memcpy8                          0x00000325   Thumb Code     0  memcpya.o(.text)
    __aeabi_memset                           0x00000349   Thumb Code    14  memseta.o(.text)
    __aeabi_memset4                          0x00000349   Thumb Code     0  memseta.o(.text)
    __aeabi_memset8                          0x00000349   Thumb Code     0  memseta.o(.text)
    __aeabi_memclr                           0x00000357   Thumb Code     4  memseta.o(.text)
    __aeabi_memclr4                          0x00000357   Thumb Code     0  memseta.o(.text)
    __aeabi_memclr8                          0x00000357   Thumb Code     0  memseta.o(.text)
    _memset$wrapper                          0x0000035b   Thumb Code    18  memseta.o(.text)
    strlen                                   0x0000036d   Thumb Code    14  strlen.o(.text)
    strcpy                                   0x0000037b   Thumb Code    18  strcpy.o(.text)
    __aeabi_dadd                             0x0000038d   Thumb Code   322  dadd.o(.text)
    __aeabi_dsub                             0x000004cf   Thumb Code     6  dadd.o(.text)
    __aeabi_drsub                            0x000004d5   Thumb Code     6  dadd.o(.text)
    __aeabi_dmul                             0x000004db   Thumb Code   228  dmul.o(.text)
    __aeabi_ddiv                             0x000005bf   Thumb Code   222  ddiv.o(.text)
    __aeabi_i2d                              0x0000069d   Thumb Code    34  dflti.o(.text)
    __aeabi_d2iz                             0x000006bf   Thumb Code    62  dfixi.o(.text)
    __aeabi_d2uiz                            0x000006fd   Thumb Code    50  dfixui.o(.text)
    __aeabi_llsl                             0x0000072f   Thumb Code    30  llshl.o(.text)
    _ll_shift_l                              0x0000072f   Thumb Code     0  llshl.o(.text)
    __aeabi_llsr                             0x0000074d   Thumb Code    32  llushr.o(.text)
    _ll_ushift_r                             0x0000074d   Thumb Code     0  llushr.o(.text)
    __aeabi_lasr                             0x0000076d   Thumb Code    36  llsshr.o(.text)
    _ll_sshift_r                             0x0000076d   Thumb Code     0  llsshr.o(.text)
    __I$use$fp                               0x00000791   Thumb Code     0  iusefp.o(.text)
    _double_round                            0x00000791   Thumb Code    30  depilogue.o(.text)
    _double_epilogue                         0x000007af   Thumb Code   156  depilogue.o(.text)
    __ARM_scalbn                             0x0000084b   Thumb Code    46  dscalb.o(.text)
    scalbn                                   0x0000084b   Thumb Code     0  dscalb.o(.text)
    __aeabi_cdrcmple                         0x00000879   Thumb Code    48  cdrcmple.o(.text)
    __scatterload                            0x000008a9   Thumb Code    28  init.o(.text)
    __scatterload_rt2                        0x000008a9   Thumb Code     0  init.o(.text)
    _dsqrt                                   0x000008cd   Thumb Code   162  dsqrt.o(.text)
    SEGGER_RTT_Init                          0x0000096f   Thumb Code     4  segger_rtt.o(i.SEGGER_RTT_Init)
    SEGGER_RTT_WriteNoLock                   0x00000975   Thumb Code    86  segger_rtt.o(i.SEGGER_RTT_WriteNoLock)
    SPIM0_SPIS0_TWIM0_TWIS0_SPI0_TWI0_IRQHandler 0x000009d1   Thumb Code     8  nrfx_twim.o(i.SPIM0_SPIS0_TWIM0_TWIS0_SPI0_TWI0_IRQHandler)
    SPIM1_SPIS1_TWIM1_TWIS1_SPI1_TWI1_IRQHandler 0x000009e1   Thumb Code    10  nrfx_twim.o(i.SPIM1_SPIS1_TWIM1_TWIS1_SPI1_TWI1_IRQHandler)
    SystemInit                               0x000009f1   Thumb Code   416  system_nrf52840.o(i.SystemInit)
    UARTE0_UART0_IRQHandler                  0x00000bcd   Thumb Code     6  nrfx_prs.o(i.UARTE0_UART0_IRQHandler)
    __ARM_fpclassify                         0x00000cf3   Thumb Code    48  fpclassify.o(i.__ARM_fpclassify)
    __hardfp_pow                             0x00000d29   Thumb Code  3072  pow.o(i.__hardfp_pow)
    __kernel_poly                            0x00001979   Thumb Code   248  poly.o(i.__kernel_poly)
    __mathlib_dbl_divzero                    0x00001a71   Thumb Code    28  dunder.o(i.__mathlib_dbl_divzero)
    __mathlib_dbl_infnan2                    0x00001aa1   Thumb Code    20  dunder.o(i.__mathlib_dbl_infnan2)
    __mathlib_dbl_invalid                    0x00001ab9   Thumb Code    24  dunder.o(i.__mathlib_dbl_invalid)
    __mathlib_dbl_overflow                   0x00001ad9   Thumb Code    24  dunder.o(i.__mathlib_dbl_overflow)
    __mathlib_dbl_underflow                  0x00001af9   Thumb Code    24  dunder.o(i.__mathlib_dbl_underflow)
    __scatterload_copy                       0x00001b19   Thumb Code    14  handlers.o(i.__scatterload_copy)
    __scatterload_null                       0x00001b27   Thumb Code     2  handlers.o(i.__scatterload_null)
    __scatterload_zeroinit                   0x00001b29   Thumb Code    14  handlers.o(i.__scatterload_zeroinit)
    __set_errno                              0x00001b39   Thumb Code     6  errno.o(i.__set_errno)
    app_error_fault_handler                  0x00001b5d   Thumb Code    86  app_error_weak.o(i.app_error_fault_handler)
    app_error_handler_bare                   0x00001be1   Thumb Code    22  app_error.o(i.app_error_handler_bare)
    app_util_critical_region_enter           0x00001bf7   Thumb Code     4  app_util_platform.o(i.app_util_critical_region_enter)
    app_util_critical_region_exit            0x00001bfb   Thumb Code     4  app_util_platform.o(i.app_util_critical_region_exit)
    app_util_disable_irq                     0x00001c01   Thumb Code    12  app_util_platform.o(i.app_util_disable_irq)
    app_util_enable_irq                      0x00001c11   Thumb Code    14  app_util_platform.o(i.app_util_enable_irq)
    buffer_is_empty                          0x00001ccd   Thumb Code    16  nrf_log_frontend.o(i.buffer_is_empty)
    delay_ms                                 0x00001f3d   Thumb Code     4  main.o(i.delay_ms)
    dps310_decimal_measurePressureOnce       0x00001f41   Thumb Code   354  dps310.o(i.dps310_decimal_measurePressureOnce)
    dps310_getProductId                      0x000020b1   Thumb Code    16  dps310.o(i.dps310_getProductId)
    dps310_getRevisionId                     0x000020c1   Thumb Code    16  dps310.o(i.dps310_getRevisionId)
    dps310_init                              0x000020d1   Thumb Code   166  dps310.o(i.dps310_init)
    dps310_measureTempOnce                   0x0000217d   Thumb Code     4  dps310.o(i.dps310_measureTempOnce)
    dps310_readcoeffs                        0x00002181   Thumb Code   240  dps310.o(i.dps310_readcoeffs)
    fabs                                     0x0000228d   Thumb Code    24  fabs.o(i.fabs)
    i2c_read_block                           0x000023a5   Thumb Code    62  main.o(i.i2c_read_block)
    i2c_read_byte                            0x000023e9   Thumb Code    42  main.o(i.i2c_read_byte)
    i2c_write_byte                           0x00002419   Thumb Code    28  main.o(i.i2c_write_byte)
    main                                     0x000025b1   Thumb Code   240  main.o(i.main)
    nrf_atomic_flag_clear_fetch              0x0000282d   Thumb Code     6  nrf_atomic.o(i.nrf_atomic_flag_clear_fetch)
    nrf_atomic_flag_set                      0x00002833   Thumb Code     6  nrf_atomic.o(i.nrf_atomic_flag_set)
    nrf_atomic_u32_add                       0x00002839   Thumb Code    12  nrf_atomic.o(i.nrf_atomic_u32_add)
    nrf_atomic_u32_fetch_and                 0x00002845   Thumb Code    10  nrf_atomic.o(i.nrf_atomic_u32_fetch_and)
    nrf_atomic_u32_fetch_store               0x0000284f   Thumb Code    10  nrf_atomic.o(i.nrf_atomic_u32_fetch_store)
    nrf_atomic_u32_or                        0x00002859   Thumb Code    12  nrf_atomic.o(i.nrf_atomic_u32_or)
    nrf_atomic_u32_sub                       0x00002865   Thumb Code    12  nrf_atomic.o(i.nrf_atomic_u32_sub)
    nrf_balloc_alloc                         0x00002871   Thumb Code    62  nrf_balloc.o(i.nrf_balloc_alloc)
    nrf_balloc_free                          0x000028af   Thumb Code    42  nrf_balloc.o(i.nrf_balloc_free)
    nrf_balloc_init                          0x000028d9   Thumb Code    48  nrf_balloc.o(i.nrf_balloc_init)
    nrf_drv_twi_init                         0x00002929   Thumb Code    56  nrf_drv_twi.o(i.nrf_drv_twi_init)
    nrf_fprintf                              0x0000297d   Thumb Code    26  nrf_fprintf.o(i.nrf_fprintf)
    nrf_fprintf_buffer_flush                 0x00002997   Thumb Code    24  nrf_fprintf.o(i.nrf_fprintf_buffer_flush)
    nrf_fprintf_fmt                          0x000029af   Thumb Code   474  nrf_fprintf_format.o(i.nrf_fprintf_fmt)
    nrf_log_backend_add                      0x00002c01   Thumb Code    86  nrf_log_frontend.o(i.nrf_log_backend_add)
    nrf_log_backend_rtt_init                 0x00002c5f   Thumb Code     4  nrf_log_backend_rtt.o(i.nrf_log_backend_rtt_init)
    nrf_log_backend_serial_put               0x00002c7d   Thumb Code   200  nrf_log_backend_serial.o(i.nrf_log_backend_serial_put)
    nrf_log_color_id_get                     0x00002d45   Thumb Code    42  nrf_log_frontend.o(i.nrf_log_color_id_get)
    nrf_log_default_backends_init            0x00002d75   Thumb Code    24  nrf_log_default_backends.o(i.nrf_log_default_backends_init)
    nrf_log_frontend_dequeue                 0x00002d91   Thumb Code   522  nrf_log_frontend.o(i.nrf_log_frontend_dequeue)
    nrf_log_frontend_std_0                   0x00002fc1   Thumb Code     8  nrf_log_frontend.o(i.nrf_log_frontend_std_0)
    nrf_log_frontend_std_1                   0x00002fc9   Thumb Code    14  nrf_log_frontend.o(i.nrf_log_frontend_std_1)
    nrf_log_frontend_std_3                   0x00002fd7   Thumb Code    18  nrf_log_frontend.o(i.nrf_log_frontend_std_3)
    nrf_log_hexdump_entry_process            0x00002fe9   Thumb Code   146  nrf_log_str_formatter.o(i.nrf_log_hexdump_entry_process)
    nrf_log_init                             0x00003095   Thumb Code    46  nrf_log_frontend.o(i.nrf_log_init)
    nrf_log_module_cnt_get                   0x000030d1   Thumb Code    10  nrf_log_frontend.o(i.nrf_log_module_cnt_get)
    nrf_log_module_name_get                  0x000030e5   Thumb Code    24  nrf_log_frontend.o(i.nrf_log_module_name_get)
    nrf_log_panic                            0x00003101   Thumb Code    38  nrf_log_frontend.o(i.nrf_log_panic)
    nrf_log_std_entry_process                0x0000312d   Thumb Code   182  nrf_log_str_formatter.o(i.nrf_log_std_entry_process)
    nrf_memobj_alloc                         0x000031e3   Thumb Code    96  nrf_memobj.o(i.nrf_memobj_alloc)
    nrf_memobj_free                          0x00003243   Thumb Code    50  nrf_memobj.o(i.nrf_memobj_free)
    nrf_memobj_get                           0x00003275   Thumb Code     8  nrf_memobj.o(i.nrf_memobj_get)
    nrf_memobj_pool_init                     0x0000327d   Thumb Code     4  nrf_memobj.o(i.nrf_memobj_pool_init)
    nrf_memobj_put                           0x00003281   Thumb Code    30  nrf_memobj.o(i.nrf_memobj_put)
    nrf_memobj_read                          0x0000329f   Thumb Code    16  nrf_memobj.o(i.nrf_memobj_read)
    nrf_memobj_write                         0x000032af   Thumb Code    16  nrf_memobj.o(i.nrf_memobj_write)
    nrf_ringbuf_init                         0x000032bf   Thumb Code    28  nrf_ringbuf.o(i.nrf_ringbuf_init)
    nrfx_prs_acquire                         0x00003311   Thumb Code    48  nrfx_prs.o(i.nrfx_prs_acquire)
    nrfx_twim_enable                         0x00003341   Thumb Code    32  nrfx_twim.o(i.nrfx_twim_enable)
    nrfx_twim_init                           0x00003365   Thumb Code   218  nrfx_twim.o(i.nrfx_twim_init)
    nrfx_twim_rx                             0x00003449   Thumb Code    44  nrfx_twim.o(i.nrfx_twim_rx)
    nrfx_twim_tx                             0x00003479   Thumb Code    54  nrfx_twim.o(i.nrfx_twim_tx)
    nrfx_twim_xfer                           0x000034b1   Thumb Code    34  nrfx_twim.o(i.nrfx_twim_xfer)
    sqrt                                     0x00003665   Thumb Code   110  sqrt.o(i.sqrt)
    twi_init                                 0x00003885   Thumb Code    40  main.o(i.twi_init)
    nrf_log_backend_rtt_api                  0x00003dd4   Data          12  nrf_log_backend_rtt.o(.constdata)
    scaling_facts                            0x00003df4   Data          32  dps310.o(.constdata)
    __ctype_table                            0x00003ea0   Data         129  ctype_o.o(.constdata)
    __mathlib_zero                           0x00003f28   Data           8  qnan.o(.constdata)
    Region$$Table$$Base                      0x00003fc8   Number         0  anon$$obj.o(Region$$Table)
    Region$$Table$$Limit                     0x00003fe8   Number         0  anon$$obj.o(Region$$Table)
    log_const_data$$Base                     0x00003ff8   Number         0  nrfx_prs.o(log_const_data)
    m_nrf_log_PRS_logs_data_const            0x00003ff8   Data           8  nrfx_prs.o(log_const_data)
    m_nrf_log_TWIM_logs_data_const           0x00004000   Data           8  nrfx_twim.o(log_const_data)
    m_nrf_log_UART_logs_data_const           0x00004008   Data           8  nrfx_uart.o(log_const_data)
    m_nrf_log_UARTE_logs_data_const          0x00004010   Data           8  nrfx_uarte.o(log_const_data)
    m_nrf_log_app_logs_data_const            0x00004018   Data           8  nrf_log_frontend.o(log_const_data)
    log_const_data$$Limit                    0x00004020   Number         0  nrf_log_frontend.o(log_const_data)
    log_mempool                              0x00004020   Data          20  nrf_log_frontend.o(nrf_balloc)
    dps310_init_func                         0x20000000   Data          16  main.o(.data)
    SystemCoreClock                          0x200000b0   Data           4  system_nrf52840.o(.data)
    _SEGGER_RTT                              0x200006dc   Data         120  segger_rtt.o(.bss)
    __initial_sp                             0x20002988   Data           0  arm_startup_nrf52840.o(STACK)



==============================================================================

Memory Map of the image

  Image Entry point : 0x00000201

  Load Region LR_IROM1 (Base: 0x00000000, Size: 0x000040ec, Max: 0x00100000, ABSOLUTE)

    Execution Region ER_IROM1 (Exec base: 0x00000000, Load base: 0x00000000, Size: 0x00004034, Max: 0x00100000, ABSOLUTE)

    Exec Addr    Load Addr    Size         Type   Attr      Idx    E Section Name        Object

    0x00000000   0x00000000   0x00000200   Data   RO         2868    RESET               arm_startup_nrf52840.o
    0x00000200   0x00000200   0x00000000   Code   RO         2923  * .ARM.Collect$$$$00000000  mc_w.l(entry.o)
    0x00000200   0x00000200   0x00000004   Code   RO         3020    .ARM.Collect$$$$00000001  mc_w.l(entry2.o)
    0x00000204   0x00000204   0x00000004   Code   RO         3023    .ARM.Collect$$$$00000004  mc_w.l(entry5.o)
    0x00000208   0x00000208   0x00000000   Code   RO         3025    .ARM.Collect$$$$00000008  mc_w.l(entry7b.o)
    0x00000208   0x00000208   0x00000000   Code   RO         3027    .ARM.Collect$$$$0000000A  mc_w.l(entry8b.o)
    0x00000208   0x00000208   0x00000008   Code   RO         3028    .ARM.Collect$$$$0000000B  mc_w.l(entry9a.o)
    0x00000210   0x00000210   0x00000000   Code   RO         3030    .ARM.Collect$$$$0000000D  mc_w.l(entry10a.o)
    0x00000210   0x00000210   0x00000000   Code   RO         3032    .ARM.Collect$$$$0000000F  mc_w.l(entry11a.o)
    0x00000210   0x00000210   0x00000004   Code   RO         3021    .ARM.Collect$$$$00002712  mc_w.l(entry2.o)
    0x00000214   0x00000214   0x000000e2   Code   RO         1458    .emb_text           nrf_atomic.o
    0x000002f6   0x000002f6   0x00000002   PAD
    0x000002f8   0x000002f8   0x00000024   Code   RO         2869    .text               arm_startup_nrf52840.o
    0x0000031c   0x0000031c   0x00000008   Code   RO         2931    .text               mc_w.l(ctype_o.o)
    0x00000324   0x00000324   0x00000024   Code   RO         2959    .text               mc_w.l(memcpya.o)
    0x00000348   0x00000348   0x00000024   Code   RO         2961    .text               mc_w.l(memseta.o)
    0x0000036c   0x0000036c   0x0000000e   Code   RO         2963    .text               mc_w.l(strlen.o)
    0x0000037a   0x0000037a   0x00000012   Code   RO         2967    .text               mc_w.l(strcpy.o)
    0x0000038c   0x0000038c   0x0000014e   Code   RO         2971    .text               mf_w.l(dadd.o)
    0x000004da   0x000004da   0x000000e4   Code   RO         2973    .text               mf_w.l(dmul.o)
    0x000005be   0x000005be   0x000000de   Code   RO         2975    .text               mf_w.l(ddiv.o)
    0x0000069c   0x0000069c   0x00000022   Code   RO         2977    .text               mf_w.l(dflti.o)
    0x000006be   0x000006be   0x0000003e   Code   RO         2979    .text               mf_w.l(dfixi.o)
    0x000006fc   0x000006fc   0x00000032   Code   RO         2981    .text               mf_w.l(dfixui.o)
    0x0000072e   0x0000072e   0x0000001e   Code   RO         3035    .text               mc_w.l(llshl.o)
    0x0000074c   0x0000074c   0x00000020   Code   RO         3037    .text               mc_w.l(llushr.o)
    0x0000076c   0x0000076c   0x00000024   Code   RO         3039    .text               mc_w.l(llsshr.o)
    0x00000790   0x00000790   0x00000000   Code   RO         3048    .text               mc_w.l(iusefp.o)
    0x00000790   0x00000790   0x000000ba   Code   RO         3050    .text               mf_w.l(depilogue.o)
    0x0000084a   0x0000084a   0x0000002e   Code   RO         3054    .text               mf_w.l(dscalb.o)
    0x00000878   0x00000878   0x00000030   Code   RO         3056    .text               mf_w.l(cdrcmple.o)
    0x000008a8   0x000008a8   0x00000024   Code   RO         3058    .text               mc_w.l(init.o)
    0x000008cc   0x000008cc   0x000000a2   Code   RO         3060    .text               mf_w.l(dsqrt.o)
    0x0000096e   0x0000096e   0x00000004   Code   RO         2314    i.SEGGER_RTT_Init   segger_rtt.o
    0x00000972   0x00000972   0x00000002   PAD
    0x00000974   0x00000974   0x0000005c   Code   RO         2328    i.SEGGER_RTT_WriteNoLock  segger_rtt.o
    0x000009d0   0x000009d0   0x00000010   Code   RO          733    i.SPIM0_SPIS0_TWIM0_TWIS0_SPI0_TWI0_IRQHandler  nrfx_twim.o
    0x000009e0   0x000009e0   0x00000010   Code   RO          734    i.SPIM1_SPIS1_TWIM1_TWIS1_SPI1_TWI1_IRQHandler  nrfx_twim.o
    0x000009f0   0x000009f0   0x000001dc   Code   RO         2877    i.SystemInit        system_nrf52840.o
    0x00000bcc   0x00000bcc   0x0000000c   Code   RO          630    i.UARTE0_UART0_IRQHandler  nrfx_prs.o
    0x00000bd8   0x00000bd8   0x00000068   Code   RO         2332    i._DoInit           segger_rtt.o
    0x00000c40   0x00000c40   0x00000016   Code   RO         2333    i._GetAvailWriteSpace  segger_rtt.o
    0x00000c56   0x00000c56   0x0000005a   Code   RO         2335    i._WriteBlocking    segger_rtt.o
    0x00000cb0   0x00000cb0   0x00000042   Code   RO         2336    i._WriteNoCheck     segger_rtt.o
    0x00000cf2   0x00000cf2   0x00000030   Code   RO         3003    i.__ARM_fpclassify  m_wm.l(fpclassify.o)
    0x00000d22   0x00000d22   0x00000006   PAD
    0x00000d28   0x00000d28   0x00000c50   Code   RO         2909    i.__hardfp_pow      m_wm.l(pow.o)
    0x00001978   0x00001978   0x000000f8   Code   RO         3005    i.__kernel_poly     m_wm.l(poly.o)
    0x00001a70   0x00001a70   0x00000030   Code   RO         2983    i.__mathlib_dbl_divzero  m_wm.l(dunder.o)
    0x00001aa0   0x00001aa0   0x00000014   Code   RO         2985    i.__mathlib_dbl_infnan2  m_wm.l(dunder.o)
    0x00001ab4   0x00001ab4   0x00000004   PAD
    0x00001ab8   0x00001ab8   0x00000020   Code   RO         2986    i.__mathlib_dbl_invalid  m_wm.l(dunder.o)
    0x00001ad8   0x00001ad8   0x00000020   Code   RO         2987    i.__mathlib_dbl_overflow  m_wm.l(dunder.o)
    0x00001af8   0x00001af8   0x00000020   Code   RO         2989    i.__mathlib_dbl_underflow  m_wm.l(dunder.o)
    0x00001b18   0x00001b18   0x0000000e   Code   RO         3066    i.__scatterload_copy  mc_w.l(handlers.o)
    0x00001b26   0x00001b26   0x00000002   Code   RO         3067    i.__scatterload_null  mc_w.l(handlers.o)
    0x00001b28   0x00001b28   0x0000000e   Code   RO         3068    i.__scatterload_zeroinit  mc_w.l(handlers.o)
    0x00001b36   0x00001b36   0x00000002   PAD
    0x00001b38   0x00001b38   0x0000000c   Code   RO         3043    i.__set_errno       mc_w.l(errno.o)
    0x00001b44   0x00001b44   0x00000016   Code   RO         2661    i._setOpMode        dps310.o
    0x00001b5a   0x00001b5a   0x00000002   PAD
    0x00001b5c   0x00001b5c   0x00000084   Code   RO         1318    i.app_error_fault_handler  app_error_weak.o
    0x00001be0   0x00001be0   0x00000016   Code   RO         1249    i.app_error_handler_bare  app_error.o
    0x00001bf6   0x00001bf6   0x00000004   Code   RO         1369    i.app_util_critical_region_enter  app_util_platform.o
    0x00001bfa   0x00001bfa   0x00000004   Code   RO         1370    i.app_util_critical_region_exit  app_util_platform.o
    0x00001bfe   0x00001bfe   0x00000002   PAD
    0x00001c00   0x00001c00   0x00000010   Code   RO         1371    i.app_util_disable_irq  app_util_platform.o
    0x00001c10   0x00001c10   0x00000014   Code   RO         1372    i.app_util_enable_irq  app_util_platform.o
    0x00001c24   0x00001c24   0x00000088   Code   RO         2069    i.buf_prealloc      nrf_log_frontend.o
    0x00001cac   0x00001cac   0x0000001e   Code   RO         1673    i.buffer_add        nrf_fprintf_format.o
    0x00001cca   0x00001cca   0x00000002   PAD
    0x00001ccc   0x00001ccc   0x00000014   Code   RO         2070    i.buffer_is_empty   nrf_log_frontend.o
    0x00001ce0   0x00001ce0   0x00000016   Code   RO         2662    i.calcBusyTime      dps310.o
    0x00001cf6   0x00001cf6   0x00000002   PAD
    0x00001cf8   0x00001cf8   0x000000fc   Code   RO         2663    i.calcPressure      dps310.o
    0x00001df4   0x00001df4   0x00000074   Code   RO         2664    i.calcTemp          dps310.o
    0x00001e68   0x00001e68   0x00000064   Code   RO         2665    i.configPressure    dps310.o
    0x00001ecc   0x00001ecc   0x00000070   Code   RO         2666    i.configTemp        dps310.o
    0x00001f3c   0x00001f3c   0x00000004   Code   RO            4    i.delay_ms          main.o
    0x00001f40   0x00001f40   0x00000170   Code   RO         2667    i.dps310_decimal_measurePressureOnce  dps310.o
    0x000020b0   0x000020b0   0x00000010   Code   RO         2673    i.dps310_getProductId  dps310.o
    0x000020c0   0x000020c0   0x00000010   Code   RO         2674    i.dps310_getRevisionId  dps310.o
    0x000020d0   0x000020d0   0x000000ac   Code   RO         2676    i.dps310_init       dps310.o
    0x0000217c   0x0000217c   0x00000004   Code   RO         2678    i.dps310_measureTempOnce  dps310.o
    0x00002180   0x00002180   0x000000f8   Code   RO         2679    i.dps310_readcoeffs  dps310.o
    0x00002278   0x00002278   0x00000014   Code   RO         2071    i.dropped_sat16_get  nrf_log_frontend.o
    0x0000228c   0x0000228c   0x00000018   Code   RO         2999    i.fabs              m_wm.l(fabs.o)
    0x000022a4   0x000022a4   0x00000044   Code   RO         2685    i.getPressure       dps310.o
    0x000022e8   0x000022e8   0x00000074   Code   RO         2686    i.getSingleResult   dps310.o
    0x0000235c   0x0000235c   0x00000048   Code   RO         2687    i.getTemp           dps310.o
    0x000023a4   0x000023a4   0x00000044   Code   RO            5    i.i2c_read_block    main.o
    0x000023e8   0x000023e8   0x00000030   Code   RO            6    i.i2c_read_byte     main.o
    0x00002418   0x00002418   0x00000020   Code   RO            7    i.i2c_write_byte    main.o
    0x00002438   0x00002438   0x000000a6   Code   RO         1674    i.int_print         nrf_fprintf_format.o
    0x000024de   0x000024de   0x00000034   Code   RO         2072    i.invalid_packets_omit  nrf_log_frontend.o
    0x00002512   0x00002512   0x00000002   PAD
    0x00002514   0x00002514   0x0000009c   Code   RO         2073    i.log_skip          nrf_log_frontend.o
    0x000025b0   0x000025b0   0x00000160   Code   RO            8    i.main              main.o
    0x00002710   0x00002710   0x0000006c   Code   RO         2688    i.measureTempOnce   dps310.o
    0x0000277c   0x0000277c   0x0000007e   Code   RO         1713    i.memobj_op         nrf_memobj.o
    0x000027fa   0x000027fa   0x00000002   PAD
    0x000027fc   0x000027fc   0x00000030   Code   RO         2074    i.module_idx_get    nrf_log_frontend.o
    0x0000282c   0x0000282c   0x00000006   Code   RO         1460    i.nrf_atomic_flag_clear_fetch  nrf_atomic.o
    0x00002832   0x00002832   0x00000006   Code   RO         1461    i.nrf_atomic_flag_set  nrf_atomic.o
    0x00002838   0x00002838   0x0000000c   Code   RO         1463    i.nrf_atomic_u32_add  nrf_atomic.o
    0x00002844   0x00002844   0x0000000a   Code   RO         1467    i.nrf_atomic_u32_fetch_and  nrf_atomic.o
    0x0000284e   0x0000284e   0x0000000a   Code   RO         1469    i.nrf_atomic_u32_fetch_store  nrf_atomic.o
    0x00002858   0x00002858   0x0000000c   Code   RO         1473    i.nrf_atomic_u32_or  nrf_atomic.o
    0x00002864   0x00002864   0x0000000c   Code   RO         1475    i.nrf_atomic_u32_sub  nrf_atomic.o
    0x00002870   0x00002870   0x0000003e   Code   RO         1597    i.nrf_balloc_alloc  nrf_balloc.o
    0x000028ae   0x000028ae   0x0000002a   Code   RO         1598    i.nrf_balloc_free   nrf_balloc.o
    0x000028d8   0x000028d8   0x00000030   Code   RO         1599    i.nrf_balloc_init   nrf_balloc.o
    0x00002908   0x00002908   0x00000020   Code   RO            9    i.nrf_delay_ms      main.o
    0x00002928   0x00002928   0x00000040   Code   RO          497    i.nrf_drv_twi_init  nrf_drv_twi.o
    0x00002968   0x00002968   0x00000006   Code   RO           10    i.nrf_drv_twi_rx    main.o
    0x0000296e   0x0000296e   0x0000000e   Code   RO           11    i.nrf_drv_twi_tx    main.o
    0x0000297c   0x0000297c   0x0000001a   Code   RO         1634    i.nrf_fprintf       nrf_fprintf.o
    0x00002996   0x00002996   0x00000018   Code   RO         1635    i.nrf_fprintf_buffer_flush  nrf_fprintf.o
    0x000029ae   0x000029ae   0x000001da   Code   RO         1675    i.nrf_fprintf_fmt   nrf_fprintf_format.o
    0x00002b88   0x00002b88   0x00000034   Code   RO          735    i.nrf_gpio_cfg      nrfx_twim.o
    0x00002bbc   0x00002bbc   0x00000014   Code   RO          498    i.nrf_gpio_pin_clear  nrf_drv_twi.o
    0x00002bd0   0x00002bd0   0x0000001c   Code   RO          499    i.nrf_gpio_pin_port_decode  nrf_drv_twi.o
    0x00002bec   0x00002bec   0x00000014   Code   RO          500    i.nrf_gpio_pin_set  nrf_drv_twi.o
    0x00002c00   0x00002c00   0x0000005c   Code   RO         2075    i.nrf_log_backend_add  nrf_log_frontend.o
    0x00002c5c   0x00002c5c   0x00000002   Code   RO         1887    i.nrf_log_backend_rtt_flush  nrf_log_backend_rtt.o
    0x00002c5e   0x00002c5e   0x00000004   Code   RO         1888    i.nrf_log_backend_rtt_init  nrf_log_backend_rtt.o
    0x00002c62   0x00002c62   0x00000002   Code   RO         1889    i.nrf_log_backend_rtt_panic_set  nrf_log_backend_rtt.o
    0x00002c64   0x00002c64   0x00000018   Code   RO         1890    i.nrf_log_backend_rtt_put  nrf_log_backend_rtt.o
    0x00002c7c   0x00002c7c   0x000000c8   Code   RO         1978    i.nrf_log_backend_serial_put  nrf_log_backend_serial.o
    0x00002d44   0x00002d44   0x00000030   Code   RO         2077    i.nrf_log_color_id_get  nrf_log_frontend.o
    0x00002d74   0x00002d74   0x0000001c   Code   RO         2030    i.nrf_log_default_backends_init  nrf_log_default_backends.o
    0x00002d90   0x00002d90   0x00000230   Code   RO         2078    i.nrf_log_frontend_dequeue  nrf_log_frontend.o
    0x00002fc0   0x00002fc0   0x00000008   Code   RO         2080    i.nrf_log_frontend_std_0  nrf_log_frontend.o
    0x00002fc8   0x00002fc8   0x0000000e   Code   RO         2081    i.nrf_log_frontend_std_1  nrf_log_frontend.o
    0x00002fd6   0x00002fd6   0x00000012   Code   RO         2083    i.nrf_log_frontend_std_3  nrf_log_frontend.o
    0x00002fe8   0x00002fe8   0x000000ac   Code   RO         2255    i.nrf_log_hexdump_entry_process  nrf_log_str_formatter.o
    0x00003094   0x00003094   0x0000003c   Code   RO         2087    i.nrf_log_init      nrf_log_frontend.o
    0x000030d0   0x000030d0   0x00000014   Code   RO         2088    i.nrf_log_module_cnt_get  nrf_log_frontend.o
    0x000030e4   0x000030e4   0x0000001c   Code   RO         2091    i.nrf_log_module_name_get  nrf_log_frontend.o
    0x00003100   0x00003100   0x0000002c   Code   RO         2092    i.nrf_log_panic     nrf_log_frontend.o
    0x0000312c   0x0000312c   0x000000b6   Code   RO         2256    i.nrf_log_std_entry_process  nrf_log_str_formatter.o
    0x000031e2   0x000031e2   0x00000060   Code   RO         1714    i.nrf_memobj_alloc  nrf_memobj.o
    0x00003242   0x00003242   0x00000032   Code   RO         1715    i.nrf_memobj_free   nrf_memobj.o
    0x00003274   0x00003274   0x00000008   Code   RO         1716    i.nrf_memobj_get    nrf_memobj.o
    0x0000327c   0x0000327c   0x00000004   Code   RO         1717    i.nrf_memobj_pool_init  nrf_memobj.o
    0x00003280   0x00003280   0x0000001e   Code   RO         1718    i.nrf_memobj_put    nrf_memobj.o
    0x0000329e   0x0000329e   0x00000010   Code   RO         1719    i.nrf_memobj_read   nrf_memobj.o
    0x000032ae   0x000032ae   0x00000010   Code   RO         1720    i.nrf_memobj_write  nrf_memobj.o
    0x000032be   0x000032be   0x0000001c   Code   RO         1796    i.nrf_ringbuf_init  nrf_ringbuf.o
    0x000032da   0x000032da   0x0000000a   Code   RO          737    i.nrf_twim_event_check  nrfx_twim.o
    0x000032e4   0x000032e4   0x0000000c   Code   RO          738    i.nrf_twim_event_clear  nrfx_twim.o
    0x000032f0   0x000032f0   0x00000010   Code   RO          501    i.nrfx_coredep_delay_us  nrf_drv_twi.o
    0x00003300   0x00003300   0x00000010   Code   RO          739    i.nrfx_is_in_ram    nrfx_twim.o
    0x00003310   0x00003310   0x00000030   Code   RO          631    i.nrfx_prs_acquire  nrfx_prs.o
    0x00003340   0x00003340   0x00000024   Code   RO          741    i.nrfx_twim_enable  nrfx_twim.o
    0x00003364   0x00003364   0x000000e4   Code   RO          742    i.nrfx_twim_init    nrfx_twim.o
    0x00003448   0x00003448   0x00000030   Code   RO          744    i.nrfx_twim_rx      nrfx_twim.o
    0x00003478   0x00003478   0x00000036   Code   RO          747    i.nrfx_twim_tx      nrfx_twim.o
    0x000034ae   0x000034ae   0x00000002   PAD
    0x000034b0   0x000034b0   0x00000028   Code   RO          749    i.nrfx_twim_xfer    nrfx_twim.o
    0x000034d8   0x000034d8   0x0000003c   Code   RO         2258    i.postfix_process   nrf_log_str_formatter.o
    0x00003514   0x00003514   0x00000098   Code   RO         2259    i.prefix_process    nrf_log_str_formatter.o
    0x000035ac   0x000035ac   0x00000018   Code   RO          633    i.prs_box_get       nrfx_prs.o
    0x000035c4   0x000035c4   0x00000024   Code   RO         2689    i.readByteBitfield  dps310.o
    0x000035e8   0x000035e8   0x00000050   Code   RO         1891    i.serial_tx         nrf_log_backend_rtt.o
    0x00003638   0x00003638   0x0000002c   Code   RO         2690    i.setOpMode         dps310.o
    0x00003664   0x00003664   0x0000006e   Code   RO         3010    i.sqrt              m_wm.l(sqrt.o)
    0x000036d2   0x000036d2   0x00000002   PAD
    0x000036d4   0x000036d4   0x0000003c   Code   RO         2691    i.standby           dps310.o
    0x00003710   0x00003710   0x00000044   Code   RO         2692    i.startMeasurePressureOnce  dps310.o
    0x00003754   0x00003754   0x0000008c   Code   RO         2094    i.std_n             nrf_log_frontend.o
    0x000037e0   0x000037e0   0x000000a4   Code   RO          502    i.twi_clear_bus     nrf_drv_twi.o
    0x00003884   0x00003884   0x0000002c   Code   RO           12    i.twi_init          main.o
    0x000038b0   0x000038b0   0x00000040   Code   RO          503    i.twim_evt_handler  nrf_drv_twi.o
    0x000038f0   0x000038f0   0x0000014c   Code   RO          750    i.twim_irq_handler  nrfx_twim.o
    0x00003a3c   0x00003a3c   0x00000238   Code   RO          751    i.twim_xfer         nrfx_twim.o
    0x00003c74   0x00003c74   0x000000b4   Code   RO         1676    i.unsigned_print    nrf_fprintf_format.o
    0x00003d28   0x00003d28   0x0000003c   Code   RO         2693    i.writeByteBitfield  dps310.o
    0x00003d64   0x00003d64   0x0000000c   PAD
    0x00003d70   0x00003d70   0x00000028   Data   RO           13    .constdata          main.o
    0x00003d98   0x00003d98   0x00000008   PAD
    0x00003da0   0x00003da0   0x00000006   Data   RO          504    .constdata          nrf_drv_twi.o
    0x00003da6   0x00003da6   0x00000002   PAD
    0x00003da8   0x00003da8   0x0000001c   Data   RO          754    .constdata          nrfx_twim.o
    0x00003dc4   0x00003dc4   0x00000010   Data   RO         1677    .constdata          nrf_fprintf_format.o
    0x00003dd4   0x00003dd4   0x0000000c   Data   RO         1893    .constdata          nrf_log_backend_rtt.o
    0x00003de0   0x00003de0   0x00000006   Data   RO         1894    .constdata          nrf_log_backend_rtt.o
    0x00003de6   0x00003de6   0x00000002   PAD
    0x00003de8   0x00003de8   0x0000000c   Data   RO         2099    .constdata          nrf_log_frontend.o
    0x00003df4   0x00003df4   0x00000020   Data   RO         2695    .constdata          dps310.o
    0x00003e14   0x00003e14   0x00000004   PAD
    0x00003e18   0x00003e18   0x00000088   Data   RO         2912    .constdata          m_wm.l(pow.o)
    0x00003ea0   0x00003ea0   0x00000081   Data   RO         2932    .constdata          mc_w.l(ctype_o.o)
    0x00003f21   0x00003f21   0x00000003   PAD
    0x00003f24   0x00003f24   0x00000004   Data   RO         2933    .constdata          mc_w.l(ctype_o.o)
    0x00003f28   0x00003f28   0x00000008   Data   RO         3007    .constdata          m_wm.l(qnan.o)
    0x00003f30   0x00003f30   0x00000066   Data   RO         2260    .conststring        nrf_log_str_formatter.o
    0x00003f96   0x00003f96   0x00000002   PAD
    0x00003f98   0x00003f98   0x00000004   Data   RO          635    .conststrlit        nrfx_prs.o
    0x00003f9c   0x00003f9c   0x00000005   Data   RO          757    .conststrlit        nrfx_twim.o
    0x00003fa1   0x00003fa1   0x00000003   PAD
    0x00003fa4   0x00003fa4   0x00000005   Data   RO          925    .conststrlit        nrfx_uart.o
    0x00003fa9   0x00003fa9   0x00000003   PAD
    0x00003fac   0x00003fac   0x00000006   Data   RO         1115    .conststrlit        nrfx_uarte.o
    0x00003fb2   0x00003fb2   0x00000002   PAD
    0x00003fb4   0x00003fb4   0x00000010   Data   RO         2031    .conststrlit        nrf_log_default_backends.o
    0x00003fc4   0x00003fc4   0x00000004   Data   RO         2100    .conststrlit        nrf_log_frontend.o
    0x00003fc8   0x00003fc8   0x00000020   Data   RO         3064    Region$$Table       anon$$obj.o
    0x00003fe8   0x00003fe8   0x00000010   Data   RO         2033    log_backends        nrf_log_default_backends.o
    0x00003ff8   0x00003ff8   0x00000008   Data   RO          637    log_const_data      nrfx_prs.o
    0x00004000   0x00004000   0x00000008   Data   RO          758    log_const_data      nrfx_twim.o
    0x00004008   0x00004008   0x00000008   Data   RO          926    log_const_data      nrfx_uart.o
    0x00004010   0x00004010   0x00000008   Data   RO         1116    log_const_data      nrfx_uarte.o
    0x00004018   0x00004018   0x00000008   Data   RO         2103    log_const_data      nrf_log_frontend.o
    0x00004020   0x00004020   0x00000014   Data   RO         2104    nrf_balloc          nrf_log_frontend.o


    Execution Region RW_IRAM1 (Exec base: 0x20000000, Load base: 0x00004034, Size: 0x00002988, Max: 0x00040000, ABSOLUTE)

    Exec Addr    Load Addr    Size         Type   Attr      Idx    E Section Name        Object

    0x20000000   0x00004034   0x00000010   Data   RW           14    .data               main.o
    0x20000010   0x00004044   0x00000010   Data   RW          505    .data               nrf_drv_twi.o
    0x20000020   0x00004054   0x00000008   Data   RW          636    .data               nrfx_prs.o
    0x20000028   0x0000405c   0x00000004   Data   RW         1375    .data               app_util_platform.o
    0x2000002c   0x00004060   0x00000001   Data   RW         1895    .data               nrf_log_backend_rtt.o
    0x2000002d   0x00004061   0x00000003   PAD
    0x20000030   0x00004064   0x00000008   Data   RW         2032    .data               nrf_log_default_backends.o
    0x20000038   0x0000406c   0x00000008   Data   RW         2101    .data               nrf_log_frontend.o
    0x20000040   0x00004074   0x00000008   Data   RW         2102    .data               nrf_log_frontend.o
    0x20000048   0x0000407c   0x00000040   Data   RW         2261    .data               nrf_log_str_formatter.o
    0x20000088   0x000040bc   0x00000028   Data   RW         2696    .data               dps310.o
    0x200000b0   0x000040e4   0x00000004   Data   RW         2878    .data               system_nrf52840.o
    0x200000b4   0x000040e8   0x00000004   Data   RW         3044    .data               mc_w.l(errno.o)
    0x200000b8        -       0x00000068   Zero   RW          752    .bss                nrfx_twim.o
    0x20000120        -       0x00000040   Zero   RW         1892    .bss                nrf_log_backend_rtt.o
    0x20000160        -       0x000000c0   Zero   RW         2095    .bss                nrf_log_frontend.o
    0x20000220        -       0x00000080   Zero   RW         2096    .bss                nrf_log_frontend.o
    0x200002a0        -       0x00000018   Zero   RW         2097    .bss                nrf_log_frontend.o
    0x200002b8        -       0x00000424   Zero   RW         2098    .bss                nrf_log_frontend.o
    0x200006dc        -       0x00000288   Zero   RW         2337    .bss                segger_rtt.o
    0x20000964        -       0x00000024   Zero   RW         2694    .bss                dps310.o
    0x20000988        -       0x00002000   Zero   RW         2866    STACK               arm_startup_nrf52840.o


==============================================================================

Image component sizes


      Code (inc. data)   RO Data    RW Data    ZI Data      Debug   Object Name

        22          0          0          0          0       2453   app_error.o
         0          0          0          0          0        392   app_error_handler_keil.o
       132         46          0          0          0      35790   app_error_weak.o
        44         10          0          4          0       3344   app_util_platform.o
        36          8        512          0       8192        936   arm_startup_nrf52840.o
         0          0          0          0          0      42192   boards.o
      2080        106         32         40         36      19111   dps310.o
       600        136         40         16          0      68130   main.o
       294          0          0          0          0       7879   nrf_atomic.o
       152          0          0          0          0       3564   nrf_balloc.o
       376         22          6         16          0      25939   nrf_drv_twi.o
        50          0          0          0          0       3529   nrf_fprintf.o
       850          4         16          0          0       5478   nrf_fprintf_format.o
       112         18         18          1         64       6129   nrf_log_backend_rtt.o
       200          0          0          0          0      10853   nrf_log_backend_serial.o
        28          4         32          8          0       3329   nrf_log_default_backends.o
      1464        116         44         16       1404      29650   nrf_log_frontend.o
       566        108        102         64          0       5628   nrf_log_str_formatter.o
       346          0          0          0          0       9571   nrf_memobj.o
        28          0          0          0          0       2363   nrf_ringbuf.o
        84         16         12          8          0       5921   nrfx_prs.o
      1428         56         41          0        104      57699   nrfx_twim.o
         0          0         13          0          0       9152   nrfx_uart.o
         0          0         14          0          0       8382   nrfx_uarte.o
       378         34          0          0        648       9086   segger_rtt.o
       476         60          0          4          0       2351   system_nrf52840.o

    ----------------------------------------------------------------------
      9776        756        940        180      10448     378851   Object Totals
         0          0         32          0          0          0   (incl. Generated)
        30         12         26          3          0          0   (incl. Padding)

    ----------------------------------------------------------------------

      Code (inc. data)   RO Data    RW Data    ZI Data      Debug   Library Member Name

       164         44          0          0          0        620   dunder.o
        24          0          0          0          0        124   fabs.o
        48          0          0          0          0        124   fpclassify.o
       248          0          0          0          0        152   poly.o
      3152        296        136          0          0        352   pow.o
         0          0          8          0          0          0   qnan.o
       110          0          0          0          0        148   sqrt.o
         8          4        133          0          0         68   ctype_o.o
         0          0          0          0          0          0   entry.o
         0          0          0          0          0          0   entry10a.o
         0          0          0          0          0          0   entry11a.o
         8          4          0          0          0          0   entry2.o
         4          0          0          0          0          0   entry5.o
         0          0          0          0          0          0   entry7b.o
         0          0          0          0          0          0   entry8b.o
         8          4          0          0          0          0   entry9a.o
        12          6          0          4          0         68   errno.o
        30          0          0          0          0          0   handlers.o
        36          8          0          0          0         68   init.o
         0          0          0          0          0          0   iusefp.o
        30          0          0          0          0         68   llshl.o
        36          0          0          0          0         68   llsshr.o
        32          0          0          0          0         68   llushr.o
        36          0          0          0          0         68   memcpya.o
        36          0          0          0          0        108   memseta.o
        18          0          0          0          0         68   strcpy.o
        14          0          0          0          0         68   strlen.o
        48          0          0          0          0         68   cdrcmple.o
       334          0          0          0          0        148   dadd.o
       222          0          0          0          0        100   ddiv.o
       186          0          0          0          0        176   depilogue.o
        62          0          0          0          0         80   dfixi.o
        50          0          0          0          0         76   dfixui.o
        34          0          0          0          0         76   dflti.o
       228          0          0          0          0         96   dmul.o
        46          0          0          0          0         80   dscalb.o
       162          0          0          0          0        100   dsqrt.o

    ----------------------------------------------------------------------
      5440        366        280          4          0       3240   Library Totals
        14          0          3          0          0          0   (incl. Padding)

    ----------------------------------------------------------------------

      Code (inc. data)   RO Data    RW Data    ZI Data      Debug   Library Name

      3746        340        144          0          0       1520   m_wm.l
       308         26        133          4          0        720   mc_w.l
      1372          0          0          0          0       1000   mf_w.l

    ----------------------------------------------------------------------
      5440        366        280          4          0       3240   Library Totals

    ----------------------------------------------------------------------

==============================================================================


      Code (inc. data)   RO Data    RW Data    ZI Data      Debug   

     15216       1122       1220        184      10448     369015   Grand Totals
     15216       1122       1220        184      10448     369015   ELF Image Totals
     15216       1122       1220        184          0          0   ROM Totals

==============================================================================

    Total RO  Size (Code + RO Data)                16436 (  16.05kB)
    Total RW  Size (RW Data + ZI Data)             10632 (  10.38kB)
    Total ROM Size (Code + RO Data + RW Data)      16620 (  16.23kB)

==============================================================================

